Archive member included to satisfy reference by file (symbol)

C:\Users\oli\Documents\f4core\nube\lib\libarm_cortexM4f_math.a(arm_cfft_f32.o)
                              Src\arm_rfft_fast_f32.o (arm_cfft_f32)
C:\Users\oli\Documents\f4core\nube\lib\libarm_cortexM4f_math.a(arm_bitreversal.o)
                              Src\arm_cfft_radix2_f32.o (arm_bitreversal_f32)
C:\Users\oli\Documents\f4core\nube\lib\libarm_cortexM4f_math.a(arm_biquad_cascade_df1_f32.o)
                              Src\main.o (arm_biquad_cascade_df1_f32)
C:\Users\oli\Documents\f4core\nube\lib\libarm_cortexM4f_math.a(arm_bitreversal2.o)
                              C:\Users\oli\Documents\f4core\nube\lib\libarm_cortexM4f_math.a(arm_cfft_f32.o) (arm_bitreversal_32)
C:\Users\oli\Documents\f4core\nube\lib\libpdm2pcm_glo.a(pdm_filter.o)
                              Src\stm32f4_discovery_audio.o (PDM_Filter_Init)
c:/program files (x86)/atollic/truestudio for stm32 9.3.0/armtools/bin/../lib/gcc/arm-atollic-eabi/6.3.1/../../../../arm-atollic-eabi/lib/armv7e-m/fpu\libc_nano.a(lib_a-init.o)
                              startup\startup_stm32f407xx.o (__libc_init_array)
c:/program files (x86)/atollic/truestudio for stm32 9.3.0/armtools/bin/../lib/gcc/arm-atollic-eabi/6.3.1/../../../../arm-atollic-eabi/lib/armv7e-m/fpu\libc_nano.a(lib_a-memset.o)
                              Src\arm_fir_init_f32.o (memset)
c:/program files (x86)/atollic/truestudio for stm32 9.3.0/armtools/bin/../lib/gcc/arm-atollic-eabi/6.3.1/../../../../arm-atollic-eabi/lib/armv7e-m/fpu\libm.a(lib_a-s_cos.o)
                              Src\main.o (cos)
c:/program files (x86)/atollic/truestudio for stm32 9.3.0/armtools/bin/../lib/gcc/arm-atollic-eabi/6.3.1/../../../../arm-atollic-eabi/lib/armv7e-m/fpu\libm.a(lib_a-s_round.o)
                              C:\Users\oli\Documents\f4core\nube\lib\libpdm2pcm_glo.a(pdm_filter.o) (round)
c:/program files (x86)/atollic/truestudio for stm32 9.3.0/armtools/bin/../lib/gcc/arm-atollic-eabi/6.3.1/../../../../arm-atollic-eabi/lib/armv7e-m/fpu\libm.a(lib_a-wf_pow.o)
                              C:\Users\oli\Documents\f4core\nube\lib\libpdm2pcm_glo.a(pdm_filter.o) (powf)
c:/program files (x86)/atollic/truestudio for stm32 9.3.0/armtools/bin/../lib/gcc/arm-atollic-eabi/6.3.1/../../../../arm-atollic-eabi/lib/armv7e-m/fpu\libm.a(lib_a-wf_sqrt.o)
                              Src\arm_cmplx_mag_f32.o (sqrtf)
c:/program files (x86)/atollic/truestudio for stm32 9.3.0/armtools/bin/../lib/gcc/arm-atollic-eabi/6.3.1/../../../../arm-atollic-eabi/lib/armv7e-m/fpu\libm.a(lib_a-e_rem_pio2.o)
                              c:/program files (x86)/atollic/truestudio for stm32 9.3.0/armtools/bin/../lib/gcc/arm-atollic-eabi/6.3.1/../../../../arm-atollic-eabi/lib/armv7e-m/fpu\libm.a(lib_a-s_cos.o) (__ieee754_rem_pio2)
c:/program files (x86)/atollic/truestudio for stm32 9.3.0/armtools/bin/../lib/gcc/arm-atollic-eabi/6.3.1/../../../../arm-atollic-eabi/lib/armv7e-m/fpu\libm.a(lib_a-ef_pow.o)
                              c:/program files (x86)/atollic/truestudio for stm32 9.3.0/armtools/bin/../lib/gcc/arm-atollic-eabi/6.3.1/../../../../arm-atollic-eabi/lib/armv7e-m/fpu\libm.a(lib_a-wf_pow.o) (__ieee754_powf)
c:/program files (x86)/atollic/truestudio for stm32 9.3.0/armtools/bin/../lib/gcc/arm-atollic-eabi/6.3.1/../../../../arm-atollic-eabi/lib/armv7e-m/fpu\libm.a(lib_a-ef_sqrt.o)
                              c:/program files (x86)/atollic/truestudio for stm32 9.3.0/armtools/bin/../lib/gcc/arm-atollic-eabi/6.3.1/../../../../arm-atollic-eabi/lib/armv7e-m/fpu\libm.a(lib_a-wf_sqrt.o) (__ieee754_sqrtf)
c:/program files (x86)/atollic/truestudio for stm32 9.3.0/armtools/bin/../lib/gcc/arm-atollic-eabi/6.3.1/../../../../arm-atollic-eabi/lib/armv7e-m/fpu\libm.a(lib_a-k_cos.o)
                              c:/program files (x86)/atollic/truestudio for stm32 9.3.0/armtools/bin/../lib/gcc/arm-atollic-eabi/6.3.1/../../../../arm-atollic-eabi/lib/armv7e-m/fpu\libm.a(lib_a-s_cos.o) (__kernel_cos)
c:/program files (x86)/atollic/truestudio for stm32 9.3.0/armtools/bin/../lib/gcc/arm-atollic-eabi/6.3.1/../../../../arm-atollic-eabi/lib/armv7e-m/fpu\libm.a(lib_a-k_rem_pio2.o)
                              c:/program files (x86)/atollic/truestudio for stm32 9.3.0/armtools/bin/../lib/gcc/arm-atollic-eabi/6.3.1/../../../../arm-atollic-eabi/lib/armv7e-m/fpu\libm.a(lib_a-e_rem_pio2.o) (__kernel_rem_pio2)
c:/program files (x86)/atollic/truestudio for stm32 9.3.0/armtools/bin/../lib/gcc/arm-atollic-eabi/6.3.1/../../../../arm-atollic-eabi/lib/armv7e-m/fpu\libm.a(lib_a-k_sin.o)
                              c:/program files (x86)/atollic/truestudio for stm32 9.3.0/armtools/bin/../lib/gcc/arm-atollic-eabi/6.3.1/../../../../arm-atollic-eabi/lib/armv7e-m/fpu\libm.a(lib_a-s_cos.o) (__kernel_sin)
c:/program files (x86)/atollic/truestudio for stm32 9.3.0/armtools/bin/../lib/gcc/arm-atollic-eabi/6.3.1/../../../../arm-atollic-eabi/lib/armv7e-m/fpu\libm.a(lib_a-s_fabs.o)
[...]
Memory Configuration

Name             Origin             Length             Attributes
RAM              0x20000000         0x00020000         xrw
CCMRAM           0x10000000         0x00010000         rw
FLASH            0x08000000         0x00100000         xr
*default*        0x00000000         0xffffffff

Linker script and memory map

LOAD c:/program files (x86)/atollic/truestudio for stm32 9.3.0/armtools/bin/../lib/gcc/arm-atollic-eabi/6.3.1/armv7e-m/fpu/crti.o
LOAD c:/program files (x86)/atollic/truestudio for stm32 9.3.0/armtools/bin/../lib/gcc/arm-atollic-eabi/6.3.1/armv7e-m/fpu/crtbegin.o
LOAD Drivers\Components\cs43l22\cs43l22.o
LOAD Drivers\Components\exc7200\exc7200.o
LOAD Drivers\Components\ft6x06\ft6x06.o
LOAD Drivers\Components\ili9325\ili9325.o
LOAD Drivers\Components\ili9341\ili9341.o
LOAD Drivers\Components\l3gd20\l3gd20.o
LOAD Drivers\Components\lis302dl\lis302dl.o
LOAD Drivers\Components\lis3dsh\lis3dsh.o
LOAD Drivers\Components\ls016b8uy\ls016b8uy.o
LOAD Drivers\Components\lsm303dlhc\lsm303dlhc.o
LOAD Drivers\Components\mfxstm32l152\mfxstm32l152.o
LOAD Drivers\Components\otm8009a\otm8009a.o
LOAD Drivers\Components\ov2640\ov2640.o
LOAD Drivers\Components\s5k5cag\s5k5cag.o
LOAD Drivers\Components\st7735\st7735.o
LOAD Drivers\Components\st7789h2\st7789h2.o
LOAD Drivers\Components\stmpe1600\stmpe1600.o
LOAD Drivers\Components\stmpe811\stmpe811.o
LOAD Drivers\Components\ts3510\ts3510.o
LOAD Drivers\Components\wm8994\wm8994.o
LOAD Drivers\STM32F4xx_HAL_Driver\Src\stm32f4xx_hal.o
LOAD Drivers\STM32F4xx_HAL_Driver\Src\stm32f4xx_hal_cortex.o
LOAD Drivers\STM32F4xx_HAL_Driver\Src\stm32f4xx_hal_dma.o
LOAD Drivers\STM32F4xx_HAL_Driver\Src\stm32f4xx_hal_dma2d.o
LOAD Drivers\STM32F4xx_HAL_Driver\Src\stm32f4xx_hal_dma_ex.o
LOAD Drivers\STM32F4xx_HAL_Driver\Src\stm32f4xx_hal_flash.o
LOAD Drivers\STM32F4xx_HAL_Driver\Src\stm32f4xx_hal_flash_ex.o
LOAD Drivers\STM32F4xx_HAL_Driver\Src\stm32f4xx_hal_flash_ramfunc.o
LOAD Drivers\STM32F4xx_HAL_Driver\Src\stm32f4xx_hal_gpio.o
LOAD Drivers\STM32F4xx_HAL_Driver\Src\stm32f4xx_hal_hcd.o
LOAD Drivers\STM32F4xx_HAL_Driver\Src\stm32f4xx_hal_i2c.o
LOAD Drivers\STM32F4xx_HAL_Driver\Src\stm32f4xx_hal_i2c_ex.o
LOAD Drivers\STM32F4xx_HAL_Driver\Src\stm32f4xx_hal_i2s.o
LOAD Drivers\STM32F4xx_HAL_Driver\Src\stm32f4xx_hal_i2s_ex.o
LOAD Drivers\STM32F4xx_HAL_Driver\Src\stm32f4xx_hal_pwr.o
LOAD Drivers\STM32F4xx_HAL_Driver\Src\stm32f4xx_hal_pwr_ex.o
LOAD Drivers\STM32F4xx_HAL_Driver\Src\stm32f4xx_hal_rcc.o
LOAD Drivers\STM32F4xx_HAL_Driver\Src\stm32f4xx_hal_rcc_ex.o
LOAD Drivers\STM32F4xx_HAL_Driver\Src\stm32f4xx_hal_spi.o
LOAD Drivers\STM32F4xx_HAL_Driver\Src\stm32f4xx_hal_tim.o
LOAD Drivers\STM32F4xx_HAL_Driver\Src\stm32f4xx_hal_tim_ex.o
LOAD Drivers\STM32F4xx_HAL_Driver\Src\stm32f4xx_ll_usb.o
LOAD Src\arm_cfft_radix2_f32.o
LOAD Src\arm_cfft_radix4_f32.o
LOAD Src\arm_cfft_radix4_init_f32.o
LOAD Src\arm_cfft_radix8_f32.o
LOAD Src\arm_cmplx_mag_f32.o
LOAD Src\arm_cmplx_mag_squared_f32.o
LOAD Src\arm_common_tables.o
LOAD Src\arm_const_structs.o
LOAD Src\arm_fft_bin_data.o
LOAD Src\arm_fir_f32.o
LOAD Src\arm_fir_init_f32.o
LOAD Src\arm_iir_lattice_f32.o
LOAD Src\arm_iir_lattice_init_f32.o
LOAD Src\arm_max_f32.o
LOAD Src\arm_min_f32.o
LOAD Src\arm_mult_f32.o
LOAD Src\arm_rfft_f32.o
LOAD Src\arm_rfft_fast_f32.o
LOAD Src\arm_rfft_fast_init_f32.o
LOAD Src\arm_rfft_init_f32.o
LOAD Src\main.o
LOAD Src\stm32f4_discovery.o
LOAD Src\stm32f4_discovery_audio.o
LOAD Src\stm32f4xx_hal_msp.o
LOAD Src\stm32f4xx_it.o
LOAD Src\system_stm32f4xx.o
LOAD Src\visEffect.o
LOAD Src\ws2812b\ws2812b.o
LOAD startup\startup_stm32f407xx.o
LOAD C:\Users\oli\Documents\f4core\nube\lib\libarm_cortexM4f_math.a
LOAD C:\Users\oli\Documents\f4core\nube\lib\libpdm2pcm_glo.a
                0x00000080                malloc_getpagesize_P = 0x80
START GROUP
LOAD c:/program files (x86)/atollic/truestudio for stm32 9.3.0/armtools/bin/../lib/gcc/arm-atollic-eabi/6.3.1/../../../../arm-atollic-eabi/lib/armv7e-m/fpu\libc_nano.a
LOAD c:/program files (x86)/atollic/truestudio for stm32 9.3.0/armtools/bin/../lib/gcc/arm-atollic-eabi/6.3.1/../../../../arm-atollic-eabi/lib/armv7e-m/fpu\libm.a
END GROUP
START GROUP
LOAD c:/program files (x86)/atollic/truestudio for stm32 9.3.0/armtools/bin/../lib/gcc/arm-atollic-eabi/6.3.1/armv7e-m/fpu\libgcc.a
LOAD c:/program files (x86)/atollic/truestudio for stm32 9.3.0/armtools/bin/../lib/gcc/arm-atollic-eabi/6.3.1/../../../../arm-atollic-eabi/lib/armv7e-m/fpu\libc_nano.a
END GROUP
START GROUP
LOAD c:/program files (x86)/atollic/truestudio for stm32 9.3.0/armtools/bin/../lib/gcc/arm-atollic-eabi/6.3.1/armv7e-m/fpu\libgcc.a
LOAD c:/program files (x86)/atollic/truestudio for stm32 9.3.0/armtools/bin/../lib/gcc/arm-atollic-eabi/6.3.1/../../../../arm-atollic-eabi/lib/armv7e-m/fpu\libc_nano.a
LOAD c:/program files (x86)/atollic/truestudio for stm32 9.3.0/armtools/bin/../lib/gcc/arm-atollic-eabi/6.3.1/../../../../arm-atollic-eabi/lib/armv7e-m/fpu\libnosys.a
END GROUP
START GROUP
LOAD c:/program files (x86)/atollic/truestudio for stm32 9.3.0/armtools/bin/../lib/gcc/arm-atollic-eabi/6.3.1/armv7e-m/fpu\libgcc.a
LOAD c:/program files (x86)/atollic/truestudio for stm32 9.3.0/armtools/bin/../lib/gcc/arm-atollic-eabi/6.3.1/../../../../arm-atollic-eabi/lib/armv7e-m/fpu\libc_nano.a
LOAD c:/program files (x86)/atollic/truestudio for stm32 9.3.0/armtools/bin/../lib/gcc/arm-atollic-eabi/6.3.1/../../../../arm-atollic-eabi/lib/armv7e-m/fpu\libnosys.a
END GROUP
LOAD c:/program files (x86)/atollic/truestudio for stm32 9.3.0/armtools/bin/../lib/gcc/arm-atollic-eabi/6.3.1/armv7e-m/fpu/crtend.o
LOAD c:/program files (x86)/atollic/truestudio for stm32 9.3.0/armtools/bin/../lib/gcc/arm-atollic-eabi/6.3.1/armv7e-m/fpu/crtn.o
                0x20020000                _estack = 0x20020000
                0x00000200                _Min_Heap_Size = 0x200
                0x00000400                _Min_Stack_Size = 0x400

.isr_vector     0x08000000      0x188
                0x08000000                . = ALIGN (0x4)
 *(.isr_vector)
 .isr_vector    0x08000000      0x188 startup\startup_stm32f407xx.o
                0x08000000                g_pfnVectors
                0x08000188                . = ALIGN (0x4)

.text           0x08000188     0x1d54
                0x08000188                . = ALIGN (0x4)
 *(.text)
 .text          0x08000188       0x40 c:/program files (x86)/atollic/truestudio for stm32 9.3.0/armtools/bin/../lib/gcc/arm-atollic-eabi/6.3.1/armv7e-m/fpu/crtbegin.o
 .text          0x080001c8       0x30 c:/program files (x86)/atollic/truestudio for stm32 9.3.0/armtools/bin/../lib/gcc/arm-atollic-eabi/6.3.1/armv7e-m/fpu\libgcc.a(_aeabi_uldivmod.o)
                0x080001c8                __aeabi_uldivmod
 .text          0x080001f8      0x2dc c:/program files (x86)/atollic/truestudio for stm32 9.3.0/armtools/bin/../lib/gcc/arm-atollic-eabi/6.3.1/armv7e-m/fpu\libgcc.a(_udivmoddi4.o)
                0x080001f8                __udivmoddi4
 .text          0x080004d4        0x4 c:/program files (x86)/atollic/truestudio for stm32 9.3.0/armtools/bin/../lib/gcc/arm-atollic-eabi/6.3.1/armv7e-m/fpu\libgcc.a(_dvmd_tls.o)
                0x080004d4                __aeabi_idiv0
                0x080004d4                __aeabi_ldiv0
 *(.text*)
 .text.HAL_InitTick
                0x080004d8       0x48 Drivers\STM32F4xx_HAL_Driver\Src\stm32f4xx_hal.o
                0x080004d8                HAL_InitTick
 .text.HAL_Init
                0x08000520       0x34 Drivers\STM32F4xx_HAL_Driver\Src\stm32f4xx_hal.o
                0x08000520                HAL_Init
 .text.HAL_IncTick
                0x08000554       0x18 Drivers\STM32F4xx_HAL_Driver\Src\stm32f4xx_hal.o
                0x08000554                HAL_IncTick
 .text.HAL_GetTick
                0x0800056c        0xc Drivers\STM32F4xx_HAL_Driver\Src\stm32f4xx_hal.o
                0x0800056c                HAL_GetTick
 .text.HAL_NVIC_SetPriorityGrouping
                0x08000578       0x24 Drivers\STM32F4xx_HAL_Driver\Src\stm32f4xx_hal_cortex.o
                0x08000578                HAL_NVIC_SetPriorityGrouping
 .text.HAL_NVIC_SetPriority
                0x0800059c       0x68 Drivers\STM32F4xx_HAL_Driver\Src\stm32f4xx_hal_cortex.o
                0x0800059c                HAL_NVIC_SetPriority
 .text.HAL_SYSTICK_Config
                0x08000604       0x2c Drivers\STM32F4xx_HAL_Driver\Src\stm32f4xx_hal_cortex.o
                0x08000604                HAL_SYSTICK_Config
 .text.HAL_SYSTICK_CLKSourceConfig
                0x08000630       0x18 Drivers\STM32F4xx_HAL_Driver\Src\stm32f4xx_hal_cortex.o
                0x08000630                HAL_SYSTICK_CLKSourceConfig
 .text.HAL_SYSTICK_Callback
                0x08000648        0x2 Drivers\STM32F4xx_HAL_Driver\Src\stm32f4xx_hal_cortex.o
                0x08000648                HAL_SYSTICK_Callback
 .text.HAL_SYSTICK_IRQHandler
                0x0800064a        0x8 Drivers\STM32F4xx_HAL_Driver\Src\stm32f4xx_hal_cortex.o
                0x0800064a                HAL_SYSTICK_IRQHandler
 *fill*         0x08000652        0x2 
 .text.HAL_DMA_IRQHandler
                0x08000654      0x174 Drivers\STM32F4xx_HAL_Driver\Src\stm32f4xx_hal_dma.o
                0x08000654                HAL_DMA_IRQHandler
 .text.HAL_GPIO_Init
                0x080007c8      0x1c0 Drivers\STM32F4xx_HAL_Driver\Src\stm32f4xx_hal_gpio.o
                0x080007c8                HAL_GPIO_Init
 .text.HAL_GPIO_WritePin
                0x08000988        0xa Drivers\STM32F4xx_HAL_Driver\Src\stm32f4xx_hal_gpio.o
                0x08000988                HAL_GPIO_WritePin
 *fill*         0x08000992        0x2 
 .text.HAL_I2C_Init
                0x08000994       0xdc Drivers\STM32F4xx_HAL_Driver\Src\stm32f4xx_hal_i2c.o
                0x08000994                HAL_I2C_Init
 .text.HAL_I2S_Init
                0x08000a70      0x120 Drivers\STM32F4xx_HAL_Driver\Src\stm32f4xx_hal_i2s.o
                0x08000a70                HAL_I2S_Init
 .text.I2S_IRQHandler
                0x08000b90      0x10a Drivers\STM32F4xx_HAL_Driver\Src\stm32f4xx_hal_i2s.o
 .text.HAL_I2SEx_TxRxCpltCallback
                0x08000c9a        0x2 Drivers\STM32F4xx_HAL_Driver\Src\stm32f4xx_hal_i2s_ex.o
                0x08000c9a                HAL_I2SEx_TxRxCpltCallback
 .text.HAL_I2SEx_FullDuplex_IRQHandler
                0x08000c9c      0x258 Drivers\STM32F4xx_HAL_Driver\Src\stm32f4xx_hal_i2s_ex.o
                0x08000c9c                HAL_I2SEx_FullDuplex_IRQHandler
 .text.HAL_RCC_OscConfig
                0x08000ef4      0x304 Drivers\STM32F4xx_HAL_Driver\Src\stm32f4xx_hal_rcc.o
                0x08000ef4                HAL_RCC_OscConfig
 .text.HAL_RCC_GetSysClockFreq
                0x080011f8       0x5c Drivers\STM32F4xx_HAL_Driver\Src\stm32f4xx_hal_rcc.o
                0x080011f8                HAL_RCC_GetSysClockFreq
 .text.HAL_RCC_ClockConfig
                0x08001254      0x134 Drivers\STM32F4xx_HAL_Driver\Src\stm32f4xx_hal_rcc.o
                0x08001254                HAL_RCC_ClockConfig
 .text.HAL_RCC_GetHCLKFreq
                0x08001388        0xc Drivers\STM32F4xx_HAL_Driver\Src\stm32f4xx_hal_rcc.o
                0x08001388                HAL_RCC_GetHCLKFreq
 .text.HAL_RCC_GetPCLK1Freq
                0x08001394       0x20 Drivers\STM32F4xx_HAL_Driver\Src\stm32f4xx_hal_rcc.o
                0x08001394                HAL_RCC_GetPCLK1Freq
 .text.HAL_RCCEx_PeriphCLKConfig
                0x080013b4      0x130 Drivers\STM32F4xx_HAL_Driver\Src\stm32f4xx_hal_rcc_ex.o
                0x080013b4                HAL_RCCEx_PeriphCLKConfig
 .text.HAL_RCCEx_GetPeriphCLKFreq
                0x080014e4       0x5c Drivers\STM32F4xx_HAL_Driver\Src\stm32f4xx_hal_rcc_ex.o
                0x080014e4                HAL_RCCEx_GetPeriphCLKFreq
 .text.HAL_SPI_Init
                0x08001540       0x7a Drivers\STM32F4xx_HAL_Driver\Src\stm32f4xx_hal_spi.o
                0x08001540                HAL_SPI_Init
 .text.HAL_TIM_OC_DelayElapsedCallback
                0x080015ba        0x2 Drivers\STM32F4xx_HAL_Driver\Src\stm32f4xx_hal_tim.o
                0x080015ba                HAL_TIM_OC_DelayElapsedCallback
 .text.HAL_TIM_IC_CaptureCallback
                0x080015bc        0x2 Drivers\STM32F4xx_HAL_Driver\Src\stm32f4xx_hal_tim.o
                0x080015bc                HAL_TIM_IC_CaptureCallback
 .text.HAL_TIM_PWM_PulseFinishedCallback
                0x080015be        0x2 Drivers\STM32F4xx_HAL_Driver\Src\stm32f4xx_hal_tim.o
                0x080015be                HAL_TIM_PWM_PulseFinishedCallback
 .text.HAL_TIM_TriggerCallback
                0x080015c0        0x2 Drivers\STM32F4xx_HAL_Driver\Src\stm32f4xx_hal_tim.o
                0x080015c0                HAL_TIM_TriggerCallback
 .text.HAL_TIM_IRQHandler
                0x080015c2      0x144 Drivers\STM32F4xx_HAL_Driver\Src\stm32f4xx_hal_tim.o
                0x080015c2                HAL_TIM_IRQHandler
 .text.HAL_TIMEx_CommutationCallback
                0x08001706        0x2 Drivers\STM32F4xx_HAL_Driver\Src\stm32f4xx_hal_tim_ex.o
                0x08001706                HAL_TIMEx_CommutationCallback
 .text.HAL_TIMEx_BreakCallback
                0x08001708        0x2 Drivers\STM32F4xx_HAL_Driver\Src\stm32f4xx_hal_tim_ex.o
                0x08001708                HAL_TIMEx_BreakCallback
 .text.arm_mult_f32
                0x0800170a       0x86 Src\arm_mult_f32.o
                0x0800170a                arm_mult_f32
 .text.SystemClock_Config
                0x08001790       0xc4 Src\main.o
                0x08001790                SystemClock_Config
 .text.startup.main
                0x08001854      0x204 Src\main.o
                0x08001854                main
 .text.PCM_to_Float
                0x08001a58       0x2c Src\main.o
                0x08001a58                PCM_to_Float
 .text.BSP_AUDIO_IN_TransferComplete_CallBack
                0x08001a84       0x84 Src\main.o
                0x08001a84                BSP_AUDIO_IN_TransferComplete_CallBack
 .text.TIM4_IRQHandler
                0x08001b08       0x1c Src\main.o
                0x08001b08                TIM4_IRQHandler
 .text.BSP_AUDIO_IN_Error_Callback
                0x08001b24        0x2 Src\main.o
                0x08001b24                BSP_AUDIO_IN_Error_Callback
 .text.NMI_Handler
                0x08001b26        0x2 Src\main.o
                0x08001b26                NMI_Handler
 .text.HardFault_Handler
                0x08001b28        0x2 Src\main.o
                0x08001b28                HardFault_Handler
 .text.MemManage_Handler
                0x08001b2a        0x2 Src\main.o
                0x08001b2a                MemManage_Handler
 .text.BusFault_Handler
                0x08001b2c        0x2 Src\main.o
                0x08001b2c                BusFault_Handler
 .text.UsageFault_Handler
                0x08001b2e        0x2 Src\main.o
                0x08001b2e                UsageFault_Handler
 .text.SVC_Handler
                0x08001b30        0x2 Src\main.o
                0x08001b30                SVC_Handler
 .text.DebugMon_Handler
                0x08001b32        0x2 Src\main.o
                0x08001b32                DebugMon_Handler
 .text.PendSV_Handler
                0x08001b34        0x2 Src\main.o
                0x08001b34                PendSV_Handler
 *fill*         0x08001b36        0x2 
 .text.DMA1_Stream3_IRQHandler
                0x08001b38        0xc Src\main.o
                0x08001b38                DMA1_Stream3_IRQHandler
 .text.BSP_AUDIO_OUT_TransferComplete_CallBack
                0x08001b44        0x2 Src\stm32f4_discovery_audio.o
                0x08001b44                BSP_AUDIO_OUT_TransferComplete_CallBack
 *fill*         0x08001b46        0x2 
 .text.HAL_I2S_TxCpltCallback
                0x08001b48       0x14 Src\stm32f4_discovery_audio.o
                0x08001b48                HAL_I2S_TxCpltCallback
 .text.BSP_AUDIO_OUT_Error_CallBack
                0x08001b5c        0x2 Src\stm32f4_discovery_audio.o
                0x08001b5c                BSP_AUDIO_OUT_Error_CallBack
 *fill*         0x08001b5e        0x2 
 .text.BSP_AUDIO_IN_PDMToPCM
                0x08001b60       0x40 Src\stm32f4_discovery_audio.o
                0x08001b60                BSP_AUDIO_IN_PDMToPCM
 .text.HAL_I2S_RxCpltCallback
                0x08001ba0        0x8 Src\stm32f4_discovery_audio.o
                0x08001ba0                HAL_I2S_RxCpltCallback
 .text.HAL_I2S_ErrorCallback
                0x08001ba8       0x28 Src\stm32f4_discovery_audio.o
                0x08001ba8                HAL_I2S_ErrorCallback
 .text.HAL_MspInit
                0x08001bd0       0x60 Src\stm32f4xx_hal_msp.o
                0x08001bd0                HAL_MspInit
 .text.HAL_I2C_MspInit
                0x08001c30       0x54 Src\stm32f4xx_hal_msp.o
                0x08001c30                HAL_I2C_MspInit
 .text.HAL_I2S_MspInit
                0x08001c84       0x64 Src\stm32f4xx_hal_msp.o
                0x08001c84                HAL_I2S_MspInit
 .text.HAL_SPI_MspInit
                0x08001ce8       0x4c Src\stm32f4xx_hal_msp.o
                0x08001ce8                HAL_SPI_MspInit
 .text.SysTick_Handler
                0x08001d34        0xe Src\stm32f4xx_it.o
                0x08001d34                SysTick_Handler
 *fill*         0x08001d42        0x2 
 .text.SystemInit
                0x08001d44       0x4c Src\system_stm32f4xx.o
                0x08001d44                SystemInit
 .text.DMA2_Stream2_IRQHandler
                0x08001d90        0xc Src\ws2812b\ws2812b.o
                0x08001d90                DMA2_Stream2_IRQHandler
 .text.TIM1_UP_TIM10_IRQHandler
                0x08001d9c       0x18 Src\ws2812b\ws2812b.o
                0x08001d9c                TIM1_UP_TIM10_IRQHandler
 .text.HAL_TIM_PeriodElapsedCallback
                0x08001db4       0x3c Src\ws2812b\ws2812b.o
                0x08001db4                HAL_TIM_PeriodElapsedCallback
 .text.Reset_Handler
                0x08001df0       0x50 startup\startup_stm32f407xx.o
                0x08001df0                Reset_Handler
 .text.Default_Handler
                0x08001e40        0x2 startup\startup_stm32f407xx.o
                0x08001e40                RTC_Alarm_IRQHandler
                0x08001e40                HASH_RNG_IRQHandler
                0x08001e40                EXTI2_IRQHandler
                0x08001e40                TIM8_CC_IRQHandler
                0x08001e40                TIM1_CC_IRQHandler
                0x08001e40                DMA2_Stream5_IRQHandler
                0x08001e40                DMA1_Stream5_IRQHandler
                0x08001e40                PVD_IRQHandler
                0x08001e40                SDIO_IRQHandler
                0x08001e40                TAMP_STAMP_IRQHandler
                0x08001e40                CAN2_RX1_IRQHandler
                0x08001e40                EXTI3_IRQHandler
                0x08001e40                TIM8_TRG_COM_TIM14_IRQHandler
                0x08001e40                TIM8_UP_TIM13_IRQHandler
                0x08001e40                I2C3_ER_IRQHandler
                0x08001e40                EXTI0_IRQHandler
                0x08001e40                I2C2_EV_IRQHandler
                0x08001e40                DMA1_Stream2_IRQHandler
                0x08001e40                CAN1_RX0_IRQHandler
                0x08001e40                FPU_IRQHandler
                0x08001e40                OTG_HS_WKUP_IRQHandler
                0x08001e40                CAN2_SCE_IRQHandler
                0x08001e40                SPI1_IRQHandler
                0x08001e40                TIM6_DAC_IRQHandler
                0x08001e40                TIM1_BRK_TIM9_IRQHandler
                0x08001e40                DCMI_IRQHandler
                0x08001e40                CAN2_RX0_IRQHandler
                0x08001e40                DMA2_Stream3_IRQHandler
                0x08001e40                USART6_IRQHandler
                0x08001e40                USART3_IRQHandler
                0x08001e40                CAN1_RX1_IRQHandler
                0x08001e40                UART5_IRQHandler
                0x08001e40                DMA2_Stream0_IRQHandler
                0x08001e40                I2C1_EV_IRQHandler
                0x08001e40                DMA1_Stream6_IRQHandler
                0x08001e40                DMA1_Stream1_IRQHandler
                0x08001e40                UART4_IRQHandler
                0x08001e40                TIM3_IRQHandler
                0x08001e40                RCC_IRQHandler
                0x08001e40                TIM8_BRK_TIM12_IRQHandler
                0x08001e40                Default_Handler
                0x08001e40                EXTI15_10_IRQHandler
                0x08001e40                ADC_IRQHandler
                0x08001e40                DMA1_Stream7_IRQHandler
                0x08001e40                TIM7_IRQHandler
                0x08001e40                CAN2_TX_IRQHandler
                0x08001e40                TIM5_IRQHandler
                0x08001e40                DMA2_Stream7_IRQHandler
                0x08001e40                I2C3_EV_IRQHandler
                0x08001e40                EXTI9_5_IRQHandler
                0x08001e40                RTC_WKUP_IRQHandler
                0x08001e40                ETH_WKUP_IRQHandler
                0x08001e40                SPI2_IRQHandler
                0x08001e40                OTG_HS_EP1_IN_IRQHandler
                0x08001e40                DMA1_Stream0_IRQHandler
                0x08001e40                CAN1_TX_IRQHandler
                0x08001e40                EXTI4_IRQHandler
                0x08001e40                FSMC_IRQHandler
                0x08001e40                ETH_IRQHandler
                0x08001e40                OTG_HS_EP1_OUT_IRQHandler
                0x08001e40                WWDG_IRQHandler
                0x08001e40                TIM2_IRQHandler
                0x08001e40                OTG_FS_WKUP_IRQHandler
                0x08001e40                TIM1_TRG_COM_TIM11_IRQHandler
                0x08001e40                OTG_HS_IRQHandler
                0x08001e40                EXTI1_IRQHandler
                0x08001e40                USART2_IRQHandler
                0x08001e40                I2C2_ER_IRQHandler
                0x08001e40                DMA2_Stream1_IRQHandler
                0x08001e40                CAN1_SCE_IRQHandler
                0x08001e40                FLASH_IRQHandler
                0x08001e40                DMA2_Stream4_IRQHandler
                0x08001e40                USART1_IRQHandler
                0x08001e40                OTG_FS_IRQHandler
                0x08001e40                SPI3_IRQHandler
                0x08001e40                DMA1_Stream4_IRQHandler
                0x08001e40                I2C1_ER_IRQHandler
                0x08001e40                DMA2_Stream6_IRQHandler
 *fill*         0x08001e42        0x2 
 .text.PDM_Filter
                0x08001e44       0x38 C:\Users\oli\Documents\f4core\nube\lib\libpdm2pcm_glo.a(pdm_filter.o)
                0x08001e44                PDM_Filter
 .text.__libc_init_array
                0x08001e7c       0x48 c:/program files (x86)/atollic/truestudio for stm32 9.3.0/armtools/bin/../lib/gcc/arm-atollic-eabi/6.3.1/../../../../arm-atollic-eabi/lib/armv7e-m/fpu\libc_nano.a(lib_a-init.o)
                0x08001e7c                __libc_init_array
 *(.glue_7)
 .glue_7        0x08001ec4        0x0 linker stubs
 *(.glue_7t)
 .glue_7t       0x08001ec4        0x0 linker stubs
 *(.eh_frame)
 .eh_frame      0x08001ec4        0x0 c:/program files (x86)/atollic/truestudio for stm32 9.3.0/armtools/bin/../lib/gcc/arm-atollic-eabi/6.3.1/armv7e-m/fpu/crtbegin.o
 *(.init)
 .init          0x08001ec4        0x4 c:/program files (x86)/atollic/truestudio for stm32 9.3.0/armtools/bin/../lib/gcc/arm-atollic-eabi/6.3.1/armv7e-m/fpu/crti.o
                0x08001ec4                _init
 .init          0x08001ec8        0x8 c:/program files (x86)/atollic/truestudio for stm32 9.3.0/armtools/bin/../lib/gcc/arm-atollic-eabi/6.3.1/armv7e-m/fpu/crtn.o
 *(.fini)
 .fini          0x08001ed0        0x4 c:/program files (x86)/atollic/truestudio for stm32 9.3.0/armtools/bin/../lib/gcc/arm-atollic-eabi/6.3.1/armv7e-m/fpu/crti.o
                0x08001ed0                _fini
 .fini          0x08001ed4        0x8 c:/program files (x86)/atollic/truestudio for stm32 9.3.0/armtools/bin/../lib/gcc/arm-atollic-eabi/6.3.1/armv7e-m/fpu/crtn.o
                0x08001edc                . = ALIGN (0x4)
                0x08001edc                _etext = .

.vfp11_veneer   0x08001edc        0x0
 .vfp11_veneer  0x08001edc        0x0 linker stubs

.v4_bx          0x08001edc        0x0
 .v4_bx         0x08001edc        0x0 linker stubs

.iplt           0x08001edc        0x0
 .iplt          0x08001edc        0x0 c:/program files (x86)/atollic/truestudio for stm32 9.3.0/armtools/bin/../lib/gcc/arm-atollic-eabi/6.3.1/armv7e-m/fpu/crtbegin.o

.rodata         0x08001edc       0x18
                0x08001edc                . = ALIGN (0x4)
 *(.rodata)
 *(.rodata*)
 .rodata.AHBPrescTable
                0x08001edc       0x10 Src\system_stm32f4xx.o
                0x08001edc                AHBPrescTable
 .rodata.APBPrescTable
                0x08001eec        0x8 Src\system_stm32f4xx.o
                0x08001eec                APBPrescTable
                0x08001ef4                . = ALIGN (0x4)

.ARM.extab
 *(.ARM.extab* .gnu.linkonce.armextab.*)

.ARM            0x08001ef4        0x8
                0x08001ef4                __exidx_start = .
 *(.ARM.exidx*)
 .ARM.exidx     0x08001ef4        0x8 c:/program files (x86)/atollic/truestudio for stm32 9.3.0/armtools/bin/../lib/gcc/arm-atollic-eabi/6.3.1/armv7e-m/fpu\libgcc.a(_udivmoddi4.o)
                0x08001efc                __exidx_end = .

.rel.dyn        0x08001efc        0x0
 .rel.iplt      0x08001efc        0x0 c:/program files (x86)/atollic/truestudio for stm32 9.3.0/armtools/bin/../lib/gcc/arm-atollic-eabi/6.3.1/armv7e-m/fpu/crtbegin.o

.preinit_array  0x08001efc        0x0
                0x08001efc                PROVIDE (__preinit_array_start, .)
 *(.preinit_array*)
                0x08001efc                PROVIDE (__preinit_array_end, .)

.init_array     0x08001efc        0x4
                0x08001efc                PROVIDE (__init_array_start, .)
 *(SORT(.init_array.*))
 *(.init_array*)
 .init_array    0x08001efc        0x4 c:/program files (x86)/atollic/truestudio for stm32 9.3.0/armtools/bin/../lib/gcc/arm-atollic-eabi/6.3.1/armv7e-m/fpu/crtbegin.o
                0x08001f00                PROVIDE (__init_array_end, .)

.fini_array     0x08001f00        0x4
                [!provide]                PROVIDE (__fini_array_start, .)
 *(SORT(.fini_array.*))
 *(.fini_array*)
 .fini_array    0x08001f00        0x4 c:/program files (x86)/atollic/truestudio for stm32 9.3.0/armtools/bin/../lib/gcc/arm-atollic-eabi/6.3.1/armv7e-m/fpu/crtbegin.o
                [!provide]                PROVIDE (__fini_array_end, .)
                0x08001f04                _sidata = LOADADDR (.data)

.data           0x20000000        0xc load address 0x08001f04
                0x20000000                . = ALIGN (0x4)
                0x20000000                _sdata = .
 *(.data)
 *(.data*)
 .data.uwTickFreq
                0x20000000        0x1 Drivers\STM32F4xx_HAL_Driver\Src\stm32f4xx_hal.o
                0x20000000                uwTickFreq
 *fill*         0x20000001        0x3 
 .data.uwTickPrio
                0x20000004        0x4 Drivers\STM32F4xx_HAL_Driver\Src\stm32f4xx_hal.o
                0x20000004                uwTickPrio
 .data.SystemCoreClock
                0x20000008        0x4 Src\system_stm32f4xx.o
                0x20000008                SystemCoreClock
                0x2000000c                . = ALIGN (0x4)
                0x2000000c                _edata = .
                0x08001f10                _siccmram = LOADADDR (.ccmram)

.igot.plt       0x2000000c        0x0 load address 0x08001f10
 .igot.plt      0x2000000c        0x0 c:/program files (x86)/atollic/truestudio for stm32 9.3.0/armtools/bin/../lib/gcc/arm-atollic-eabi/6.3.1/armv7e-m/fpu/crtbegin.o

.ccmram         0x10000000        0x0 load address 0x08001f10
                0x10000000                . = ALIGN (0x4)
                0x10000000                _sccmram = .
 *(.ccmram)
 *(.ccmram*)
                0x10000000                . = ALIGN (0x4)
                0x10000000                _eccmram = .
                0x10000000                . = ALIGN (0x4)

.bss            0x2000000c     0x1f60
                0x2000000c                _sbss = .
                0x2000000c                __bss_start__ = _sbss
 *(.bss)
 .bss           0x2000000c       0x1c c:/program files (x86)/atollic/truestudio for stm32 9.3.0/armtools/bin/../lib/gcc/arm-atollic-eabi/6.3.1/armv7e-m/fpu/crtbegin.o
 *(.bss*)
 .bss.AUDIODataReady
                0x20000028        0x4 Src\main.o
                0x20000028                AUDIODataReady
 .bss.ITCounter
                0x2000002c        0x4 Src\main.o
                0x2000002c                ITCounter
 .bss.buff_pos  0x20000030        0x2 Src\main.o
                0x20000030                buff_pos
 *(COMMON)
 *fill*         0x20000032        0x2 
 COMMON         0x20000034      0xd80 Drivers\STM32F4xx_HAL_Driver\Src\stm32f4xx_hal.o
                0x20000034                hann_window
                0x20000234                InternalBuffer
                0x20000334                hann_buff
                0x20000534                uwTick
                0x20000538                float_array
                0x20000578                FFT_MagBuf
                0x20000678                FFT_Bins
                0x20000878                FFT_MagBuf_IIR
                0x20000978                rfft_s
                0x20000990                PCM_Buf
                0x200009b0                hann_ptr
                0x200009b4                BQC_Buf
                0x20000bb4                FFT_Input
 COMMON         0x20000db4      0x32c Src\main.o
                0x20000db4                frame_Buffer
                0x20000e74                hi2c1
                0x20000ec8                ws2812b
                0x20000ef4                frame_Buffer2
                0x20000fb4                i_test
                0x20000fb6                s
                0x20000fb8                hspi1
                0x20001010                ws2812b_output
                0x20001014                TIM_Handle
                0x20001050                hi2s3
                0x20001098                hAudioInI2s
 COMMON         0x200010e0       0xec Src\stm32f4_discovery_audio.o
                0x200010e0                PDM_FilterConfig
                0x200010ec                PDM_FilterHandler
                0x20001184                hAudioOutI2s
 COMMON         0x200011cc      0xda0 Src\ws2812b\ws2812b.o
                0x200011cc                tim2OC2
                0x200011e8                timer_reset_pulse_period
                0x200011ec                dmaCC2
                0x2000124c                tim2OC1
                0x20001268                TIM1_handle
                0x200012a4                tim_period
                0x200012a8                dmaCC1
                0x20001308                dummy
                0x2000130c                ws2812bDmaBitBuffer
                0x20001f0c                dmaUpdate
                0x20001f6c                . = ALIGN (0x4)
                0x20001f6c                _ebss = .
                0x20001f6c                __bss_end__ = _ebss

._user_heap_stack
                0x20001f6c      0x600
                0x20001f6c                . = ALIGN (0x4)
                [!provide]                PROVIDE (end, .)
                [!provide]                PROVIDE (_end, .)
                0x2000216c                . = (. + _Min_Heap_Size)
 *fill*         0x20001f6c      0x200 
                0x2000256c                . = (. + _Min_Stack_Size)
 *fill*         0x2000216c      0x400 
                0x2000256c                . = ALIGN (0x4)

/DISCARD/
 libc.a(*)
 libm.a(*)
 libgcc.a(*)

.ARM.attributes
                0x00000000       0x30
 *(.ARM.attributes)
 .ARM.attributes
                0x00000000       0x22 c:/program files (x86)/atollic/truestudio for stm32 9.3.0/armtools/bin/../lib/gcc/arm-atollic-eabi/6.3.1/armv7e-m/fpu/crti.o
 .ARM.attributes
                0x00000022       0x34 c:/program files (x86)/atollic/truestudio for stm32 9.3.0/armtools/bin/../lib/gcc/arm-atollic-eabi/6.3.1/armv7e-m/fpu/crtbegin.o
 .ARM.attributes
                0x00000056       0x39 Drivers\STM32F4xx_HAL_Driver\Src\stm32f4xx_hal.o
 .ARM.attributes
                0x0000008f       0x39 Drivers\STM32F4xx_HAL_Driver\Src\stm32f4xx_hal_cortex.o
 .ARM.attributes
                0x000000c8       0x39 Drivers\STM32F4xx_HAL_Driver\Src\stm32f4xx_hal_dma.o
 .ARM.attributes
                0x00000101       0x39 Drivers\STM32F4xx_HAL_Driver\Src\stm32f4xx_hal_gpio.o
 .ARM.attributes
                0x0000013a       0x39 Drivers\STM32F4xx_HAL_Driver\Src\stm32f4xx_hal_i2c.o
 .ARM.attributes
                0x00000173       0x39 Drivers\STM32F4xx_HAL_Driver\Src\stm32f4xx_hal_i2s.o
 .ARM.attributes
                0x000001ac       0x39 Drivers\STM32F4xx_HAL_Driver\Src\stm32f4xx_hal_i2s_ex.o
 .ARM.attributes
                0x000001e5       0x39 Drivers\STM32F4xx_HAL_Driver\Src\stm32f4xx_hal_rcc.o
 .ARM.attributes
                0x0000021e       0x39 Drivers\STM32F4xx_HAL_Driver\Src\stm32f4xx_hal_rcc_ex.o
 .ARM.attributes
                0x00000257       0x39 Drivers\STM32F4xx_HAL_Driver\Src\stm32f4xx_hal_spi.o
 .ARM.attributes
                0x00000290       0x39 Drivers\STM32F4xx_HAL_Driver\Src\stm32f4xx_hal_tim.o
 .ARM.attributes
                0x000002c9       0x39 Drivers\STM32F4xx_HAL_Driver\Src\stm32f4xx_hal_tim_ex.o
 .ARM.attributes
                0x00000302       0x39 Src\arm_mult_f32.o
 .ARM.attributes
                0x0000033b       0x39 Src\main.o
 .ARM.attributes
                0x00000374       0x39 Src\stm32f4_discovery_audio.o
 .ARM.attributes
                0x000003ad       0x39 Src\stm32f4xx_hal_msp.o
 .ARM.attributes
                0x000003e6       0x39 Src\stm32f4xx_it.o
 .ARM.attributes
                0x0000041f       0x39 Src\system_stm32f4xx.o
 .ARM.attributes
                0x00000458       0x39 Src\ws2812b\ws2812b.o
 .ARM.attributes
                0x00000491       0x21 startup\startup_stm32f407xx.o
 .ARM.attributes
                0x000004b2       0x39 C:\Users\oli\Documents\f4core\nube\lib\libpdm2pcm_glo.a(pdm_filter.o)
 .ARM.attributes
                0x000004eb       0x34 c:/program files (x86)/atollic/truestudio for stm32 9.3.0/armtools/bin/../lib/gcc/arm-atollic-eabi/6.3.1/../../../../arm-atollic-eabi/lib/armv7e-m/fpu\libc_nano.a(lib_a-init.o)
 .ARM.attributes
                0x0000051f       0x22 c:/program files (x86)/atollic/truestudio for stm32 9.3.0/armtools/bin/../lib/gcc/arm-atollic-eabi/6.3.1/armv7e-m/fpu\libgcc.a(_aeabi_uldivmod.o)
 .ARM.attributes
                0x00000541       0x34 c:/program files (x86)/atollic/truestudio for stm32 9.3.0/armtools/bin/../lib/gcc/arm-atollic-eabi/6.3.1/armv7e-m/fpu\libgcc.a(_udivmoddi4.o)
 .ARM.attributes
                0x00000575       0x22 c:/program files (x86)/atollic/truestudio for stm32 9.3.0/armtools/bin/../lib/gcc/arm-atollic-eabi/6.3.1/armv7e-m/fpu\libgcc.a(_dvmd_tls.o)
 .ARM.attributes
                0x00000597       0x22 c:/program files (x86)/atollic/truestudio for stm32 9.3.0/armtools/bin/../lib/gcc/arm-atollic-eabi/6.3.1/armv7e-m/fpu/crtn.o
OUTPUT(nube.elf elf32-littlearm)

.debug_info     0x00000000    0x23423
 .debug_info    0x00000000     0x15b3 Drivers\STM32F4xx_HAL_Driver\Src\stm32f4xx_hal.o
 .debug_info    0x000015b3     0x1b0b Drivers\STM32F4xx_HAL_Driver\Src\stm32f4xx_hal_cortex.o
 .debug_info    0x000030be     0x1623 Drivers\STM32F4xx_HAL_Driver\Src\stm32f4xx_hal_dma.o
 .debug_info    0x000046e1     0x1339 Drivers\STM32F4xx_HAL_Driver\Src\stm32f4xx_hal_gpio.o
 .debug_info    0x00005a1a     0x3b38 Drivers\STM32F4xx_HAL_Driver\Src\stm32f4xx_hal_i2c.o
 .debug_info    0x00009552     0x1b54 Drivers\STM32F4xx_HAL_Driver\Src\stm32f4xx_hal_i2s.o
 .debug_info    0x0000b0a6     0x193f Drivers\STM32F4xx_HAL_Driver\Src\stm32f4xx_hal_i2s_ex.o
 .debug_info    0x0000c9e5     0x161a Drivers\STM32F4xx_HAL_Driver\Src\stm32f4xx_hal_rcc.o
 .debug_info    0x0000dfff     0x123c Drivers\STM32F4xx_HAL_Driver\Src\stm32f4xx_hal_rcc_ex.o
 .debug_info    0x0000f23b     0x277e Drivers\STM32F4xx_HAL_Driver\Src\stm32f4xx_hal_spi.o
 .debug_info    0x000119b9     0x3f53 Drivers\STM32F4xx_HAL_Driver\Src\stm32f4xx_hal_tim.o
 .debug_info    0x0001590c     0x1d56 Drivers\STM32F4xx_HAL_Driver\Src\stm32f4xx_hal_tim_ex.o
 .debug_info    0x00017662      0xa09 Src\arm_mult_f32.o
 .debug_info    0x0001806b     0x2f0d Src\main.o
 .debug_info    0x0001af78     0x272c Src\stm32f4_discovery_audio.o
 .debug_info    0x0001d6a4     0x1dd0 Src\stm32f4xx_hal_msp.o
 .debug_info    0x0001f474      0xd35 Src\stm32f4xx_it.o
 .debug_info    0x000201a9     0x10e3 Src\system_stm32f4xx.o
 .debug_info    0x0002128c     0x2128 Src\ws2812b\ws2812b.o
 .debug_info    0x000233b4       0x6f startup\startup_stm32f407xx.o

.debug_abbrev   0x00000000     0x3fd2
 .debug_abbrev  0x00000000      0x339 Drivers\STM32F4xx_HAL_Driver\Src\stm32f4xx_hal.o
 .debug_abbrev  0x00000339      0x3db Drivers\STM32F4xx_HAL_Driver\Src\stm32f4xx_hal_cortex.o
 .debug_abbrev  0x00000714      0x395 Drivers\STM32F4xx_HAL_Driver\Src\stm32f4xx_hal_dma.o
 .debug_abbrev  0x00000aa9      0x2b3 Drivers\STM32F4xx_HAL_Driver\Src\stm32f4xx_hal_gpio.o
 .debug_abbrev  0x00000d5c      0x3ff Drivers\STM32F4xx_HAL_Driver\Src\stm32f4xx_hal_i2c.o
 .debug_abbrev  0x0000115b      0x3c6 Drivers\STM32F4xx_HAL_Driver\Src\stm32f4xx_hal_i2s.o
 .debug_abbrev  0x00001521      0x3c2 Drivers\STM32F4xx_HAL_Driver\Src\stm32f4xx_hal_i2s_ex.o
 .debug_abbrev  0x000018e3      0x39e Drivers\STM32F4xx_HAL_Driver\Src\stm32f4xx_hal_rcc.o
 .debug_abbrev  0x00001c81      0x270 Drivers\STM32F4xx_HAL_Driver\Src\stm32f4xx_hal_rcc_ex.o
 .debug_abbrev  0x00001ef1      0x3f7 Drivers\STM32F4xx_HAL_Driver\Src\stm32f4xx_hal_spi.o
 .debug_abbrev  0x000022e8      0x3f7 Drivers\STM32F4xx_HAL_Driver\Src\stm32f4xx_hal_tim.o
 .debug_abbrev  0x000026df      0x34b Drivers\STM32F4xx_HAL_Driver\Src\stm32f4xx_hal_tim_ex.o
 .debug_abbrev  0x00002a2a      0x1a1 Src\arm_mult_f32.o
 .debug_abbrev  0x00002bcb      0x4e1 Src\main.o
 .debug_abbrev  0x000030ac      0x40b Src\stm32f4_discovery_audio.o
 .debug_abbrev  0x000034b7      0x270 Src\stm32f4xx_hal_msp.o
 .debug_abbrev  0x00003727      0x216 Src\stm32f4xx_it.o
 .debug_abbrev  0x0000393d      0x21e Src\system_stm32f4xx.o
 .debug_abbrev  0x00003b5b      0x465 Src\ws2812b\ws2812b.o
 .debug_abbrev  0x00003fc0       0x12 startup\startup_stm32f407xx.o

.debug_loc      0x00000000     0xb895
 .debug_loc     0x00000000      0x11b Drivers\STM32F4xx_HAL_Driver\Src\stm32f4xx_hal.o
 .debug_loc     0x0000011b      0x4fb Drivers\STM32F4xx_HAL_Driver\Src\stm32f4xx_hal_cortex.o
 .debug_loc     0x00000616      0x727 Drivers\STM32F4xx_HAL_Driver\Src\stm32f4xx_hal_dma.o
 .debug_loc     0x00000d3d      0x3cd Drivers\STM32F4xx_HAL_Driver\Src\stm32f4xx_hal_gpio.o
 .debug_loc     0x0000110a     0x2bba Drivers\STM32F4xx_HAL_Driver\Src\stm32f4xx_hal_i2c.o
 .debug_loc     0x00003cc4      0xb83 Drivers\STM32F4xx_HAL_Driver\Src\stm32f4xx_hal_i2s.o
 .debug_loc     0x00004847      0x7d2 Drivers\STM32F4xx_HAL_Driver\Src\stm32f4xx_hal_i2s_ex.o
 .debug_loc     0x00005019      0x336 Drivers\STM32F4xx_HAL_Driver\Src\stm32f4xx_hal_rcc.o
 .debug_loc     0x0000534f      0x2cf Drivers\STM32F4xx_HAL_Driver\Src\stm32f4xx_hal_rcc_ex.o
 .debug_loc     0x0000561e     0x150f Drivers\STM32F4xx_HAL_Driver\Src\stm32f4xx_hal_spi.o
 .debug_loc     0x00006b2d     0x30b2 Drivers\STM32F4xx_HAL_Driver\Src\stm32f4xx_hal_tim.o
 .debug_loc     0x00009bdf      0x84a Drivers\STM32F4xx_HAL_Driver\Src\stm32f4xx_hal_tim_ex.o
 .debug_loc     0x0000a429      0x292 Src\arm_mult_f32.o
 .debug_loc     0x0000a6bb      0x45a Src\main.o
 .debug_loc     0x0000ab15      0x7cd Src\stm32f4_discovery_audio.o
 .debug_loc     0x0000b2e2       0xe7 Src\stm32f4xx_hal_msp.o
 .debug_loc     0x0000b3c9      0x11c Src\system_stm32f4xx.o
 .debug_loc     0x0000b4e5      0x3b0 Src\ws2812b\ws2812b.o

.debug_aranges  0x00000000      0xdc0
 .debug_aranges
                0x00000000       0xd8 Drivers\STM32F4xx_HAL_Driver\Src\stm32f4xx_hal.o
 .debug_aranges
                0x000000d8       0xa8 Drivers\STM32F4xx_HAL_Driver\Src\stm32f4xx_hal_cortex.o
 .debug_aranges
                0x00000180       0x80 Drivers\STM32F4xx_HAL_Driver\Src\stm32f4xx_hal_dma.o
 .debug_aranges
                0x00000200       0x58 Drivers\STM32F4xx_HAL_Driver\Src\stm32f4xx_hal_gpio.o
 .debug_aranges
                0x00000258      0x190 Drivers\STM32F4xx_HAL_Driver\Src\stm32f4xx_hal_i2c.o
 .debug_aranges
                0x000003e8       0xc8 Drivers\STM32F4xx_HAL_Driver\Src\stm32f4xx_hal_i2s.o
 .debug_aranges
                0x000004b0       0x60 Drivers\STM32F4xx_HAL_Driver\Src\stm32f4xx_hal_i2s_ex.o
 .debug_aranges
                0x00000510       0x88 Drivers\STM32F4xx_HAL_Driver\Src\stm32f4xx_hal_rcc.o
 .debug_aranges
                0x00000598       0x48 Drivers\STM32F4xx_HAL_Driver\Src\stm32f4xx_hal_rcc_ex.o
 .debug_aranges
                0x000005e0      0x180 Drivers\STM32F4xx_HAL_Driver\Src\stm32f4xx_hal_spi.o
 .debug_aranges
                0x00000760      0x250 Drivers\STM32F4xx_HAL_Driver\Src\stm32f4xx_hal_tim.o
 .debug_aranges
                0x000009b0       0xf0 Drivers\STM32F4xx_HAL_Driver\Src\stm32f4xx_hal_tim_ex.o
 .debug_aranges
                0x00000aa0       0x20 Src\arm_mult_f32.o
 .debug_aranges
                0x00000ac0       0xc0 Src\main.o
 .debug_aranges
                0x00000b80      0x108 Src\stm32f4_discovery_audio.o
 .debug_aranges
                0x00000c88       0x50 Src\stm32f4xx_hal_msp.o
 .debug_aranges
                0x00000cd8       0x20 Src\stm32f4xx_it.o
 .debug_aranges
                0x00000cf8       0x28 Src\system_stm32f4xx.o
 .debug_aranges
                0x00000d20       0x78 Src\ws2812b\ws2812b.o
 .debug_aranges
                0x00000d98       0x28 startup\startup_stm32f407xx.o

.debug_ranges   0x00000000     0x1450
 .debug_ranges  0x00000000       0xc8 Drivers\STM32F4xx_HAL_Driver\Src\stm32f4xx_hal.o
 .debug_ranges  0x000000c8      0x138 Drivers\STM32F4xx_HAL_Driver\Src\stm32f4xx_hal_cortex.o
 .debug_ranges  0x00000200       0xc8 Drivers\STM32F4xx_HAL_Driver\Src\stm32f4xx_hal_dma.o
 .debug_ranges  0x000002c8       0x68 Drivers\STM32F4xx_HAL_Driver\Src\stm32f4xx_hal_gpio.o
 .debug_ranges  0x00000330      0x358 Drivers\STM32F4xx_HAL_Driver\Src\stm32f4xx_hal_i2c.o
 .debug_ranges  0x00000688       0xe8 Drivers\STM32F4xx_HAL_Driver\Src\stm32f4xx_hal_i2s.o
 .debug_ranges  0x00000770       0x80 Drivers\STM32F4xx_HAL_Driver\Src\stm32f4xx_hal_i2s_ex.o
 .debug_ranges  0x000007f0       0xb0 Drivers\STM32F4xx_HAL_Driver\Src\stm32f4xx_hal_rcc.o
 .debug_ranges  0x000008a0       0x50 Drivers\STM32F4xx_HAL_Driver\Src\stm32f4xx_hal_rcc_ex.o
 .debug_ranges  0x000008f0      0x1d0 Drivers\STM32F4xx_HAL_Driver\Src\stm32f4xx_hal_spi.o
 .debug_ranges  0x00000ac0      0x330 Drivers\STM32F4xx_HAL_Driver\Src\stm32f4xx_hal_tim.o
 .debug_ranges  0x00000df0       0xe0 Drivers\STM32F4xx_HAL_Driver\Src\stm32f4xx_hal_tim_ex.o
 .debug_ranges  0x00000ed0       0x10 Src\arm_mult_f32.o
 .debug_ranges  0x00000ee0      0x1b0 Src\main.o
 .debug_ranges  0x00001090      0x190 Src\stm32f4_discovery_audio.o
 .debug_ranges  0x00001220       0x80 Src\stm32f4xx_hal_msp.o
 .debug_ranges  0x000012a0       0x10 Src\stm32f4xx_it.o
 .debug_ranges  0x000012b0       0x18 Src\system_stm32f4xx.o
 .debug_ranges  0x000012c8      0x168 Src\ws2812b\ws2812b.o
 .debug_ranges  0x00001430       0x20 startup\startup_stm32f407xx.o

.debug_line     0x00000000     0x9bd0
 .debug_line    0x00000000      0x5be Drivers\STM32F4xx_HAL_Driver\Src\stm32f4xx_hal.o
 .debug_line    0x000005be      0x5dd Drivers\STM32F4xx_HAL_Driver\Src\stm32f4xx_hal_cortex.o
 .debug_line    0x00000b9b      0x723 Drivers\STM32F4xx_HAL_Driver\Src\stm32f4xx_hal_dma.o
 .debug_line    0x000012be      0x5a6 Drivers\STM32F4xx_HAL_Driver\Src\stm32f4xx_hal_gpio.o
 .debug_line    0x00001864     0x19b3 Drivers\STM32F4xx_HAL_Driver\Src\stm32f4xx_hal_i2c.o
 .debug_line    0x00003217      0x90d Drivers\STM32F4xx_HAL_Driver\Src\stm32f4xx_hal_i2s.o
 .debug_line    0x00003b24      0x7ba Drivers\STM32F4xx_HAL_Driver\Src\stm32f4xx_hal_i2s_ex.o
 .debug_line    0x000042de      0x6b7 Drivers\STM32F4xx_HAL_Driver\Src\stm32f4xx_hal_rcc.o
 .debug_line    0x00004995      0x559 Drivers\STM32F4xx_HAL_Driver\Src\stm32f4xx_hal_rcc_ex.o
 .debug_line    0x00004eee      0xcde Drivers\STM32F4xx_HAL_Driver\Src\stm32f4xx_hal_spi.o
 .debug_line    0x00005bcc     0x12ab Drivers\STM32F4xx_HAL_Driver\Src\stm32f4xx_hal_tim.o
 .debug_line    0x00006e77      0x7f7 Drivers\STM32F4xx_HAL_Driver\Src\stm32f4xx_hal_tim_ex.o
 .debug_line    0x0000766e      0x259 Src\arm_mult_f32.o
 .debug_line    0x000078c7      0x7be Src\main.o
 .debug_line    0x00008085      0x7e6 Src\stm32f4_discovery_audio.o
 .debug_line    0x0000886b      0x507 Src\stm32f4xx_hal_msp.o
 .debug_line    0x00008d72      0x380 Src\stm32f4xx_it.o
 .debug_line    0x000090f2      0x376 Src\system_stm32f4xx.o
 .debug_line    0x00009468      0x6e9 Src\ws2812b\ws2812b.o
 .debug_line    0x00009b51       0x7f startup\startup_stm32f407xx.o

.debug_str      0x00000000     0x56e6
 .debug_str     0x00000000     0x10d3 Drivers\STM32F4xx_HAL_Driver\Src\stm32f4xx_hal.o
                               0x11df (size before relaxing)
 .debug_str     0x000010d3      0x3ca Drivers\STM32F4xx_HAL_Driver\Src\stm32f4xx_hal_cortex.o
                               0x12b6 (size before relaxing)
 .debug_str     0x0000149d      0x51d Drivers\STM32F4xx_HAL_Driver\Src\stm32f4xx_hal_dma.o
                                0xe0d (size before relaxing)
 .debug_str     0x000019ba      0x1cd Drivers\STM32F4xx_HAL_Driver\Src\stm32f4xx_hal_gpio.o
                                0xb78 (size before relaxing)
 .debug_str     0x00001b87      0xa55 Drivers\STM32F4xx_HAL_Driver\Src\stm32f4xx_hal_i2c.o
                               0x15b9 (size before relaxing)
 .debug_str     0x000025dc      0x414 Drivers\STM32F4xx_HAL_Driver\Src\stm32f4xx_hal_i2s.o
                                0xfa3 (size before relaxing)
 .debug_str     0x000029f0      0x1d1 Drivers\STM32F4xx_HAL_Driver\Src\stm32f4xx_hal_i2s_ex.o
                                0xed7 (size before relaxing)
 .debug_str     0x00002bc1      0x2c4 Drivers\STM32F4xx_HAL_Driver\Src\stm32f4xx_hal_rcc.o
                                0xd4b (size before relaxing)
 .debug_str     0x00002e85      0x15e Drivers\STM32F4xx_HAL_Driver\Src\stm32f4xx_hal_rcc_ex.o
                                0xb58 (size before relaxing)
 .debug_str     0x00002fe3      0x602 Drivers\STM32F4xx_HAL_Driver\Src\stm32f4xx_hal_spi.o
                               0x11fd (size before relaxing)
 .debug_str     0x000035e5      0xef1 Drivers\STM32F4xx_HAL_Driver\Src\stm32f4xx_hal_tim.o
                               0x1a38 (size before relaxing)
 .debug_str     0x000044d6      0x50d Drivers\STM32F4xx_HAL_Driver\Src\stm32f4xx_hal_tim_ex.o
                               0x12f8 (size before relaxing)
 .debug_str     0x000049e3       0x81 Src\arm_mult_f32.o
                                0x6b2 (size before relaxing)
 .debug_str     0x00004a64      0x570 Src\main.o
                               0x20c3 (size before relaxing)
 .debug_str     0x00004fd4      0x43d Src\stm32f4_discovery_audio.o
                               0x1a48 (size before relaxing)
 .debug_str     0x00005411       0x1b Src\stm32f4xx_hal_msp.o
                               0x175b (size before relaxing)
 .debug_str     0x0000542c       0x26 Src\stm32f4xx_it.o
                                0x893 (size before relaxing)
 .debug_str     0x00005452       0x45 Src\system_stm32f4xx.o
                                0x9f0 (size before relaxing)
 .debug_str     0x00005497      0x24f Src\ws2812b\ws2812b.o
                               0x176e (size before relaxing)

.comment        0x00000000       0xea
 .comment       0x00000000       0x7c Drivers\STM32F4xx_HAL_Driver\Src\stm32f4xx_hal.o
                                 0x7d (size before relaxing)
 .comment       0x0000007c       0x7d Drivers\STM32F4xx_HAL_Driver\Src\stm32f4xx_hal_cortex.o
 .comment       0x0000007c       0x7d Drivers\STM32F4xx_HAL_Driver\Src\stm32f4xx_hal_dma.o
 .comment       0x0000007c       0x7d Drivers\STM32F4xx_HAL_Driver\Src\stm32f4xx_hal_gpio.o
 .comment       0x0000007c       0x7d Drivers\STM32F4xx_HAL_Driver\Src\stm32f4xx_hal_i2c.o
 .comment       0x0000007c       0x7d Drivers\STM32F4xx_HAL_Driver\Src\stm32f4xx_hal_i2s.o
 .comment       0x0000007c       0x7d Drivers\STM32F4xx_HAL_Driver\Src\stm32f4xx_hal_i2s_ex.o
 .comment       0x0000007c       0x7d Drivers\STM32F4xx_HAL_Driver\Src\stm32f4xx_hal_rcc.o
 .comment       0x0000007c       0x7d Drivers\STM32F4xx_HAL_Driver\Src\stm32f4xx_hal_rcc_ex.o
 .comment       0x0000007c       0x7d Drivers\STM32F4xx_HAL_Driver\Src\stm32f4xx_hal_spi.o
 .comment       0x0000007c       0x7d Drivers\STM32F4xx_HAL_Driver\Src\stm32f4xx_hal_tim.o
 .comment       0x0000007c       0x7d Drivers\STM32F4xx_HAL_Driver\Src\stm32f4xx_hal_tim_ex.o
 .comment       0x0000007c       0x7d Src\arm_mult_f32.o
 .comment       0x0000007c       0x7d Src\main.o
 .comment       0x0000007c       0x7d Src\stm32f4_discovery_audio.o
 .comment       0x0000007c       0x7d Src\stm32f4xx_hal_msp.o
 .comment       0x0000007c       0x7d Src\stm32f4xx_it.o
 .comment       0x0000007c       0x7d Src\system_stm32f4xx.o
 .comment       0x0000007c       0x7d Src\ws2812b\ws2812b.o
 .comment       0x0000007c       0x6e C:\Users\oli\Documents\f4core\nube\lib\libpdm2pcm_glo.a(pdm_filter.o)
                                 0x6f (size before relaxing)

.debug_frame    0x00000000     0x2b08
 .debug_frame   0x00000000      0x1d0 Drivers\STM32F4xx_HAL_Driver\Src\stm32f4xx_hal.o
 .debug_frame   0x000001d0      0x158 Drivers\STM32F4xx_HAL_Driver\Src\stm32f4xx_hal_cortex.o
 .debug_frame   0x00000328      0x150 Drivers\STM32F4xx_HAL_Driver\Src\stm32f4xx_hal_dma.o
 .debug_frame   0x00000478       0xd8 Drivers\STM32F4xx_HAL_Driver\Src\stm32f4xx_hal_gpio.o
 .debug_frame   0x00000550      0x684 Drivers\STM32F4xx_HAL_Driver\Src\stm32f4xx_hal_i2c.o
 .debug_frame   0x00000bd4      0x278 Drivers\STM32F4xx_HAL_Driver\Src\stm32f4xx_hal_i2s.o
 .debug_frame   0x00000e4c      0x128 Drivers\STM32F4xx_HAL_Driver\Src\stm32f4xx_hal_i2s_ex.o
 .debug_frame   0x00000f74      0x13c Drivers\STM32F4xx_HAL_Driver\Src\stm32f4xx_hal_rcc.o
 .debug_frame   0x000010b0       0xac Drivers\STM32F4xx_HAL_Driver\Src\stm32f4xx_hal_rcc_ex.o
 .debug_frame   0x0000115c      0x560 Drivers\STM32F4xx_HAL_Driver\Src\stm32f4xx_hal_spi.o
 .debug_frame   0x000016bc      0x854 Drivers\STM32F4xx_HAL_Driver\Src\stm32f4xx_hal_tim.o
 .debug_frame   0x00001f10      0x330 Drivers\STM32F4xx_HAL_Driver\Src\stm32f4xx_hal_tim_ex.o
 .debug_frame   0x00002240       0x30 Src\arm_mult_f32.o
 .debug_frame   0x00002270      0x224 Src\main.o
 .debug_frame   0x00002494      0x374 Src\stm32f4_discovery_audio.o
 .debug_frame   0x00002808       0xc8 Src\stm32f4xx_hal_msp.o
 .debug_frame   0x000028d0       0x2c Src\stm32f4xx_it.o
 .debug_frame   0x000028fc       0x38 Src\system_stm32f4xx.o
 .debug_frame   0x00002934      0x148 Src\ws2812b\ws2812b.o
 .debug_frame   0x00002a7c       0x2c c:/program files (x86)/atollic/truestudio for stm32 9.3.0/armtools/bin/../lib/gcc/arm-atollic-eabi/6.3.1/../../../../arm-atollic-eabi/lib/armv7e-m/fpu\libc_nano.a(lib_a-init.o)
 .debug_frame   0x00002aa8       0x2c c:/program files (x86)/atollic/truestudio for stm32 9.3.0/armtools/bin/../lib/gcc/arm-atollic-eabi/6.3.1/armv7e-m/fpu\libgcc.a(_aeabi_uldivmod.o)
 .debug_frame   0x00002ad4       0x34 c:/program files (x86)/atollic/truestudio for stm32 9.3.0/armtools/bin/../lib/gcc/arm-atollic-eabi/6.3.1/armv7e-m/fpu\libgcc.a(_udivmoddi4.o)
