Archive member included to satisfy reference by file (symbol)

C:\Users\oli\Documents\f4core\nube\lib\libarm_cortexM4f_math.a(arm_cfft_f32.o)
                              Src\arm_rfft_fast_f32.o (arm_cfft_f32)
C:\Users\oli\Documents\f4core\nube\lib\libarm_cortexM4f_math.a(arm_bitreversal.o)
                              Src\arm_cfft_radix2_f32.o (arm_bitreversal_f32)
C:\Users\oli\Documents\f4core\nube\lib\libarm_cortexM4f_math.a(arm_biquad_cascade_df1_f32.o)
                              Src\main.o (arm_biquad_cascade_df1_f32)
C:\Users\oli\Documents\f4core\nube\lib\libarm_cortexM4f_math.a(arm_bitreversal2.o)
                              C:\Users\oli\Documents\f4core\nube\lib\libarm_cortexM4f_math.a(arm_cfft_f32.o) (arm_bitreversal_32)
C:\Users\oli\Documents\f4core\nube\lib\libpdm2pcm_glo.a(pdm_filter.o)
                              Src\stm32f4_discovery_audio.o (PDM_Filter_Init)
c:/program files (x86)/atollic/truestudio for stm32 9.3.0/armtools/bin/../lib/gcc/arm-atollic-eabi/6.3.1/../../../../arm-atollic-eabi/lib/armv7e-m/fpu\libc_nano.a(lib_a-init.o)
                              startup\startup_stm32f407xx.o (__libc_init_array)
c:/program files (x86)/atollic/truestudio for stm32 9.3.0/armtools/bin/../lib/gcc/arm-atollic-eabi/6.3.1/../../../../arm-atollic-eabi/lib/armv7e-m/fpu\libc_nano.a(lib_a-memset.o)
                              Src\arm_fir_init_f32.o (memset)
c:/program files (x86)/atollic/truestudio for stm32 9.3.0/armtools/bin/../lib/gcc/arm-atollic-eabi/6.3.1/../../../../arm-atollic-eabi/lib/armv7e-m/fpu\libm.a(lib_a-s_cos.o)
                              Src\main.o (cos)
c:/program files (x86)/atollic/truestudio for stm32 9.3.0/armtools/bin/../lib/gcc/arm-atollic-eabi/6.3.1/../../../../arm-atollic-eabi/lib/armv7e-m/fpu\libm.a(lib_a-s_round.o)
                              C:\Users\oli\Documents\f4core\nube\lib\libpdm2pcm_glo.a(pdm_filter.o) (round)
c:/program files (x86)/atollic/truestudio for stm32 9.3.0/armtools/bin/../lib/gcc/arm-atollic-eabi/6.3.1/../../../../arm-atollic-eabi/lib/armv7e-m/fpu\libm.a(lib_a-wf_pow.o)
                              C:\Users\oli\Documents\f4core\nube\lib\libpdm2pcm_glo.a(pdm_filter.o) (powf)
c:/program files (x86)/atollic/truestudio for stm32 9.3.0/armtools/bin/../lib/gcc/arm-atollic-eabi/6.3.1/../../../../arm-atollic-eabi/lib/armv7e-m/fpu\libm.a(lib_a-wf_sqrt.o)
                              Src\arm_cmplx_mag_f32.o (sqrtf)
c:/program files (x86)/atollic/truestudio for stm32 9.3.0/armtools/bin/../lib/gcc/arm-atollic-eabi/6.3.1/../../../../arm-atollic-eabi/lib/armv7e-m/fpu\libm.a(lib_a-e_rem_pio2.o)
                              c:/program files (x86)/atollic/truestudio for stm32 9.3.0/armtools/bin/../lib/gcc/arm-atollic-eabi/6.3.1/../../../../arm-atollic-eabi/lib/armv7e-m/fpu\libm.a(lib_a-s_cos.o) (__ieee754_rem_pio2)
c:/program files (x86)/atollic/truestudio for stm32 9.3.0/armtools/bin/../lib/gcc/arm-atollic-eabi/6.3.1/../../../../arm-atollic-eabi/lib/armv7e-m/fpu\libm.a(lib_a-ef_pow.o)
                              c:/program files (x86)/atollic/truestudio for stm32 9.3.0/armtools/bin/../lib/gcc/arm-atollic-eabi/6.3.1/../../../../arm-atollic-eabi/lib/armv7e-m/fpu\libm.a(lib_a-wf_pow.o) (__ieee754_powf)
c:/program files (x86)/atollic/truestudio for stm32 9.3.0/armtools/bin/../lib/gcc/arm-atollic-eabi/6.3.1/../../../../arm-atollic-eabi/lib/armv7e-m/fpu\libm.a(lib_a-ef_sqrt.o)
                              c:/program files (x86)/atollic/truestudio for stm32 9.3.0/armtools/bin/../lib/gcc/arm-atollic-eabi/6.3.1/../../../../arm-atollic-eabi/lib/armv7e-m/fpu\libm.a(lib_a-wf_sqrt.o) (__ieee754_sqrtf)
c:/program files (x86)/atollic/truestudio for stm32 9.3.0/armtools/bin/../lib/gcc/arm-atollic-eabi/6.3.1/../../../../arm-atollic-eabi/lib/armv7e-m/fpu\libm.a(lib_a-k_cos.o)
                              c:/program files (x86)/atollic/truestudio for stm32 9.3.0/armtools/bin/../lib/gcc/arm-atollic-eabi/6.3.1/../../../../arm-atollic-eabi/lib/armv7e-m/fpu\libm.a(lib_a-s_cos.o) (__kernel_cos)
c:/program files (x86)/atollic/truestudio for stm32 9.3.0/armtools/bin/../lib/gcc/arm-atollic-eabi/6.3.1/../../../../arm-atollic-eabi/lib/armv7e-m/fpu\libm.a(lib_a-k_rem_pio2.o)
                              c:/program files (x86)/atollic/truestudio for stm32 9.3.0/armtools/bin/../lib/gcc/arm-atollic-eabi/6.3.1/../../../../arm-atollic-eabi/lib/armv7e-m/fpu\libm.a(lib_a-e_rem_pio2.o) (__kernel_rem_pio2)
c:/program files (x86)/atollic/truestudio for stm32 9.3.0/armtools/bin/../lib/gcc/arm-atollic-eabi/6.3.1/../../../../arm-atollic-eabi/lib/armv7e-m/fpu\libm.a(lib_a-k_sin.o)
                              c:/program files (x86)/atollic/truestudio for stm32 9.3.0/armtools/bin/../lib/gcc/arm-atollic-eabi/6.3.1/../../../../arm-atollic-eabi/lib/armv7e-m/fpu\libm.a(lib_a-s_cos.o) (__kernel_sin)
c:/program files (x86)/atollic/truestudio for stm32 9.3.0/armtools/bin/../lib/gcc/arm-atollic-eabi/6.3.1/../../../../arm-atollic-eabi/lib/armv7e-m/fpu\libm.a(lib_a-s_fabs.o)
[...]
Memory Configuration

Name             Origin             Length             Attributes
RAM              0x20000000         0x00020000         xrw
CCMRAM           0x10000000         0x00010000         rw
FLASH            0x08000000         0x00100000         xr
*default*        0x00000000         0xffffffff

Linker script and memory map

LOAD c:/program files (x86)/atollic/truestudio for stm32 9.3.0/armtools/bin/../lib/gcc/arm-atollic-eabi/6.3.1/armv7e-m/fpu/crti.o
LOAD c:/program files (x86)/atollic/truestudio for stm32 9.3.0/armtools/bin/../lib/gcc/arm-atollic-eabi/6.3.1/armv7e-m/fpu/crtbegin.o
LOAD Drivers\Components\cs43l22\cs43l22.o
LOAD Drivers\Components\exc7200\exc7200.o
LOAD Drivers\Components\ft6x06\ft6x06.o
LOAD Drivers\Components\ili9325\ili9325.o
LOAD Drivers\Components\ili9341\ili9341.o
LOAD Drivers\Components\l3gd20\l3gd20.o
LOAD Drivers\Components\lis302dl\lis302dl.o
LOAD Drivers\Components\lis3dsh\lis3dsh.o
LOAD Drivers\Components\ls016b8uy\ls016b8uy.o
LOAD Drivers\Components\lsm303dlhc\lsm303dlhc.o
LOAD Drivers\Components\mfxstm32l152\mfxstm32l152.o
LOAD Drivers\Components\otm8009a\otm8009a.o
LOAD Drivers\Components\ov2640\ov2640.o
LOAD Drivers\Components\s5k5cag\s5k5cag.o
LOAD Drivers\Components\st7735\st7735.o
LOAD Drivers\Components\st7789h2\st7789h2.o
LOAD Drivers\Components\stmpe1600\stmpe1600.o
LOAD Drivers\Components\stmpe811\stmpe811.o
LOAD Drivers\Components\ts3510\ts3510.o
LOAD Drivers\Components\wm8994\wm8994.o
LOAD Drivers\STM32F4xx_HAL_Driver\Src\stm32f4xx_hal.o
LOAD Drivers\STM32F4xx_HAL_Driver\Src\stm32f4xx_hal_cortex.o
LOAD Drivers\STM32F4xx_HAL_Driver\Src\stm32f4xx_hal_dma.o
LOAD Drivers\STM32F4xx_HAL_Driver\Src\stm32f4xx_hal_dma2d.o
LOAD Drivers\STM32F4xx_HAL_Driver\Src\stm32f4xx_hal_dma_ex.o
LOAD Drivers\STM32F4xx_HAL_Driver\Src\stm32f4xx_hal_flash.o
LOAD Drivers\STM32F4xx_HAL_Driver\Src\stm32f4xx_hal_flash_ex.o
LOAD Drivers\STM32F4xx_HAL_Driver\Src\stm32f4xx_hal_flash_ramfunc.o
LOAD Drivers\STM32F4xx_HAL_Driver\Src\stm32f4xx_hal_gpio.o
LOAD Drivers\STM32F4xx_HAL_Driver\Src\stm32f4xx_hal_hcd.o
LOAD Drivers\STM32F4xx_HAL_Driver\Src\stm32f4xx_hal_i2c.o
LOAD Drivers\STM32F4xx_HAL_Driver\Src\stm32f4xx_hal_i2c_ex.o
LOAD Drivers\STM32F4xx_HAL_Driver\Src\stm32f4xx_hal_i2s.o
LOAD Drivers\STM32F4xx_HAL_Driver\Src\stm32f4xx_hal_i2s_ex.o
LOAD Drivers\STM32F4xx_HAL_Driver\Src\stm32f4xx_hal_pwr.o
LOAD Drivers\STM32F4xx_HAL_Driver\Src\stm32f4xx_hal_pwr_ex.o
LOAD Drivers\STM32F4xx_HAL_Driver\Src\stm32f4xx_hal_rcc.o
LOAD Drivers\STM32F4xx_HAL_Driver\Src\stm32f4xx_hal_rcc_ex.o
LOAD Drivers\STM32F4xx_HAL_Driver\Src\stm32f4xx_hal_spi.o
LOAD Drivers\STM32F4xx_HAL_Driver\Src\stm32f4xx_hal_tim.o
LOAD Drivers\STM32F4xx_HAL_Driver\Src\stm32f4xx_hal_tim_ex.o
LOAD Drivers\STM32F4xx_HAL_Driver\Src\stm32f4xx_ll_usb.o
LOAD Src\arm_cfft_radix2_f32.o
LOAD Src\arm_cfft_radix4_f32.o
LOAD Src\arm_cfft_radix4_init_f32.o
LOAD Src\arm_cfft_radix8_f32.o
LOAD Src\arm_cmplx_mag_f32.o
LOAD Src\arm_cmplx_mag_squared_f32.o
LOAD Src\arm_common_tables.o
LOAD Src\arm_const_structs.o
LOAD Src\arm_fft_bin_data.o
LOAD Src\arm_fir_f32.o
LOAD Src\arm_fir_init_f32.o
LOAD Src\arm_iir_lattice_f32.o
LOAD Src\arm_iir_lattice_init_f32.o
LOAD Src\arm_max_f32.o
LOAD Src\arm_min_f32.o
LOAD Src\arm_mult_f32.o
LOAD Src\arm_rfft_f32.o
LOAD Src\arm_rfft_fast_f32.o
LOAD Src\arm_rfft_fast_init_f32.o
LOAD Src\arm_rfft_init_f32.o
LOAD Src\main.o
LOAD Src\stm32f4_discovery.o
LOAD Src\stm32f4_discovery_audio.o
LOAD Src\stm32f4xx_hal_msp.o
LOAD Src\stm32f4xx_it.o
LOAD Src\system_stm32f4xx.o
LOAD Src\visEffect.o
LOAD Src\ws2812b\ws2812b.o
LOAD startup\startup_stm32f407xx.o
LOAD C:\Users\oli\Documents\f4core\nube\lib\libarm_cortexM4f_math.a
LOAD C:\Users\oli\Documents\f4core\nube\lib\libpdm2pcm_glo.a
                0x00000080                malloc_getpagesize_P = 0x80
START GROUP
LOAD c:/program files (x86)/atollic/truestudio for stm32 9.3.0/armtools/bin/../lib/gcc/arm-atollic-eabi/6.3.1/../../../../arm-atollic-eabi/lib/armv7e-m/fpu\libc_nano.a
LOAD c:/program files (x86)/atollic/truestudio for stm32 9.3.0/armtools/bin/../lib/gcc/arm-atollic-eabi/6.3.1/../../../../arm-atollic-eabi/lib/armv7e-m/fpu\libm.a
END GROUP
START GROUP
LOAD c:/program files (x86)/atollic/truestudio for stm32 9.3.0/armtools/bin/../lib/gcc/arm-atollic-eabi/6.3.1/armv7e-m/fpu\libgcc.a
LOAD c:/program files (x86)/atollic/truestudio for stm32 9.3.0/armtools/bin/../lib/gcc/arm-atollic-eabi/6.3.1/../../../../arm-atollic-eabi/lib/armv7e-m/fpu\libc_nano.a
END GROUP
START GROUP
LOAD c:/program files (x86)/atollic/truestudio for stm32 9.3.0/armtools/bin/../lib/gcc/arm-atollic-eabi/6.3.1/armv7e-m/fpu\libgcc.a
LOAD c:/program files (x86)/atollic/truestudio for stm32 9.3.0/armtools/bin/../lib/gcc/arm-atollic-eabi/6.3.1/../../../../arm-atollic-eabi/lib/armv7e-m/fpu\libc_nano.a
LOAD c:/program files (x86)/atollic/truestudio for stm32 9.3.0/armtools/bin/../lib/gcc/arm-atollic-eabi/6.3.1/../../../../arm-atollic-eabi/lib/armv7e-m/fpu\libnosys.a
END GROUP
START GROUP
LOAD c:/program files (x86)/atollic/truestudio for stm32 9.3.0/armtools/bin/../lib/gcc/arm-atollic-eabi/6.3.1/armv7e-m/fpu\libgcc.a
LOAD c:/program files (x86)/atollic/truestudio for stm32 9.3.0/armtools/bin/../lib/gcc/arm-atollic-eabi/6.3.1/../../../../arm-atollic-eabi/lib/armv7e-m/fpu\libc_nano.a
LOAD c:/program files (x86)/atollic/truestudio for stm32 9.3.0/armtools/bin/../lib/gcc/arm-atollic-eabi/6.3.1/../../../../arm-atollic-eabi/lib/armv7e-m/fpu\libnosys.a
END GROUP
LOAD c:/program files (x86)/atollic/truestudio for stm32 9.3.0/armtools/bin/../lib/gcc/arm-atollic-eabi/6.3.1/armv7e-m/fpu/crtend.o
LOAD c:/program files (x86)/atollic/truestudio for stm32 9.3.0/armtools/bin/../lib/gcc/arm-atollic-eabi/6.3.1/armv7e-m/fpu/crtn.o
                0x20020000                _estack = 0x20020000
                0x00000200                _Min_Heap_Size = 0x200
                0x00000400                _Min_Stack_Size = 0x400

.isr_vector     0x08000000      0x188
                0x08000000                . = ALIGN (0x4)
 *(.isr_vector)
 .isr_vector    0x08000000      0x188 startup\startup_stm32f407xx.o
                0x08000000                g_pfnVectors
                0x08000188                . = ALIGN (0x4)

.text           0x08000188     0x7044
                0x08000188                . = ALIGN (0x4)
 *(.text)
 .text          0x08000188       0x40 c:/program files (x86)/atollic/truestudio for stm32 9.3.0/armtools/bin/../lib/gcc/arm-atollic-eabi/6.3.1/armv7e-m/fpu/crtbegin.o
 .text          0x080001c8      0x370 c:/program files (x86)/atollic/truestudio for stm32 9.3.0/armtools/bin/../lib/gcc/arm-atollic-eabi/6.3.1/armv7e-m/fpu\libgcc.a(_arm_addsubdf3.o)
                0x080001c8                __aeabi_drsub
                0x080001d0                __aeabi_dsub
                0x080001d0                __subdf3
                0x080001d4                __aeabi_dadd
                0x080001d4                __adddf3
                0x0800044c                __floatunsidf
                0x0800044c                __aeabi_ui2d
                0x0800046c                __floatsidf
                0x0800046c                __aeabi_i2d
                0x08000490                __aeabi_f2d
                0x08000490                __extendsfdf2
                0x080004cc                __floatundidf
                0x080004cc                __aeabi_ul2d
                0x080004dc                __floatdidf
                0x080004dc                __aeabi_l2d
 .text          0x08000538      0x424 c:/program files (x86)/atollic/truestudio for stm32 9.3.0/armtools/bin/../lib/gcc/arm-atollic-eabi/6.3.1/armv7e-m/fpu\libgcc.a(_arm_muldivdf3.o)
                0x08000538                __aeabi_dmul
                0x08000538                __muldf3
                0x0800078c                __divdf3
                0x0800078c                __aeabi_ddiv
 .text          0x0800095c      0x110 c:/program files (x86)/atollic/truestudio for stm32 9.3.0/armtools/bin/../lib/gcc/arm-atollic-eabi/6.3.1/armv7e-m/fpu\libgcc.a(_arm_cmpdf2.o)
                0x0800095c                __gtdf2
                0x0800095c                __gedf2
                0x08000964                __ltdf2
                0x08000964                __ledf2
                0x0800096c                __nedf2
                0x0800096c                __eqdf2
                0x0800096c                __cmpdf2
                0x080009e8                __aeabi_cdrcmple
                0x080009f8                __aeabi_cdcmpeq
                0x080009f8                __aeabi_cdcmple
                0x08000a08                __aeabi_dcmpeq
                0x08000a1c                __aeabi_dcmplt
                0x08000a30                __aeabi_dcmple
                0x08000a44                __aeabi_dcmpge
                0x08000a58                __aeabi_dcmpgt
 .text          0x08000a6c       0x50 c:/program files (x86)/atollic/truestudio for stm32 9.3.0/armtools/bin/../lib/gcc/arm-atollic-eabi/6.3.1/armv7e-m/fpu\libgcc.a(_arm_fixdfsi.o)
                0x08000a6c                __aeabi_d2iz
                0x08000a6c                __fixdfsi
 .text          0x08000abc       0x40 c:/program files (x86)/atollic/truestudio for stm32 9.3.0/armtools/bin/../lib/gcc/arm-atollic-eabi/6.3.1/armv7e-m/fpu\libgcc.a(_arm_fixunsdfsi.o)
                0x08000abc                __aeabi_d2uiz
                0x08000abc                __fixunsdfsi
 .text          0x08000afc       0xa0 c:/program files (x86)/atollic/truestudio for stm32 9.3.0/armtools/bin/../lib/gcc/arm-atollic-eabi/6.3.1/armv7e-m/fpu\libgcc.a(_arm_truncdfsf2.o)
                0x08000afc                __truncdfsf2
                0x08000afc                __aeabi_d2f
 .text          0x08000b9c       0x30 c:/program files (x86)/atollic/truestudio for stm32 9.3.0/armtools/bin/../lib/gcc/arm-atollic-eabi/6.3.1/armv7e-m/fpu\libgcc.a(_aeabi_uldivmod.o)
                0x08000b9c                __aeabi_uldivmod
 .text          0x08000bcc      0x2dc c:/program files (x86)/atollic/truestudio for stm32 9.3.0/armtools/bin/../lib/gcc/arm-atollic-eabi/6.3.1/armv7e-m/fpu\libgcc.a(_udivmoddi4.o)
                0x08000bcc                __udivmoddi4
 .text          0x08000ea8        0x4 c:/program files (x86)/atollic/truestudio for stm32 9.3.0/armtools/bin/../lib/gcc/arm-atollic-eabi/6.3.1/armv7e-m/fpu\libgcc.a(_dvmd_tls.o)
                0x08000ea8                __aeabi_idiv0
                0x08000ea8                __aeabi_ldiv0
 *(.text*)
 .text.HAL_InitTick
                0x08000eac       0x48 Drivers\STM32F4xx_HAL_Driver\Src\stm32f4xx_hal.o
                0x08000eac                HAL_InitTick
 .text.HAL_Init
                0x08000ef4       0x34 Drivers\STM32F4xx_HAL_Driver\Src\stm32f4xx_hal.o
                0x08000ef4                HAL_Init
 .text.HAL_IncTick
                0x08000f28       0x18 Drivers\STM32F4xx_HAL_Driver\Src\stm32f4xx_hal.o
                0x08000f28                HAL_IncTick
 .text.HAL_GetTick
                0x08000f40        0xc Drivers\STM32F4xx_HAL_Driver\Src\stm32f4xx_hal.o
                0x08000f40                HAL_GetTick
 .text.HAL_NVIC_SetPriorityGrouping
                0x08000f4c       0x24 Drivers\STM32F4xx_HAL_Driver\Src\stm32f4xx_hal_cortex.o
                0x08000f4c                HAL_NVIC_SetPriorityGrouping
 .text.HAL_NVIC_SetPriority
                0x08000f70       0x68 Drivers\STM32F4xx_HAL_Driver\Src\stm32f4xx_hal_cortex.o
                0x08000f70                HAL_NVIC_SetPriority
 .text.HAL_NVIC_EnableIRQ
                0x08000fd8       0x18 Drivers\STM32F4xx_HAL_Driver\Src\stm32f4xx_hal_cortex.o
                0x08000fd8                HAL_NVIC_EnableIRQ
 .text.HAL_SYSTICK_Config
                0x08000ff0       0x2c Drivers\STM32F4xx_HAL_Driver\Src\stm32f4xx_hal_cortex.o
                0x08000ff0                HAL_SYSTICK_Config
 .text.HAL_SYSTICK_CLKSourceConfig
                0x0800101c       0x18 Drivers\STM32F4xx_HAL_Driver\Src\stm32f4xx_hal_cortex.o
                0x0800101c                HAL_SYSTICK_CLKSourceConfig
 .text.HAL_SYSTICK_Callback
                0x08001034        0x2 Drivers\STM32F4xx_HAL_Driver\Src\stm32f4xx_hal_cortex.o
                0x08001034                HAL_SYSTICK_Callback
 .text.HAL_SYSTICK_IRQHandler
                0x08001036        0x8 Drivers\STM32F4xx_HAL_Driver\Src\stm32f4xx_hal_cortex.o
                0x08001036                HAL_SYSTICK_IRQHandler
 *fill*         0x0800103e        0x2 
 .text.DMA_CalcBaseAndBitshift
                0x08001040       0x2c Drivers\STM32F4xx_HAL_Driver\Src\stm32f4xx_hal_dma.o
 .text.HAL_DMA_Init
                0x0800106c       0xfc Drivers\STM32F4xx_HAL_Driver\Src\stm32f4xx_hal_dma.o
                0x0800106c                HAL_DMA_Init
 .text.HAL_DMA_DeInit
                0x08001168       0x48 Drivers\STM32F4xx_HAL_Driver\Src\stm32f4xx_hal_dma.o
                0x08001168                HAL_DMA_DeInit
 .text.HAL_DMA_Start
                0x080011b0       0x54 Drivers\STM32F4xx_HAL_Driver\Src\stm32f4xx_hal_dma.o
                0x080011b0                HAL_DMA_Start
 .text.HAL_DMA_Start_IT
                0x08001204       0x7c Drivers\STM32F4xx_HAL_Driver\Src\stm32f4xx_hal_dma.o
                0x08001204                HAL_DMA_Start_IT
 .text.HAL_DMA_IRQHandler
                0x08001280      0x174 Drivers\STM32F4xx_HAL_Driver\Src\stm32f4xx_hal_dma.o
                0x08001280                HAL_DMA_IRQHandler
 .text.HAL_GPIO_Init
                0x080013f4      0x1c0 Drivers\STM32F4xx_HAL_Driver\Src\stm32f4xx_hal_gpio.o
                0x080013f4                HAL_GPIO_Init
 .text.HAL_GPIO_WritePin
                0x080015b4        0xa Drivers\STM32F4xx_HAL_Driver\Src\stm32f4xx_hal_gpio.o
                0x080015b4                HAL_GPIO_WritePin
 *fill*         0x080015be        0x2 
 .text.HAL_I2S_Receive_DMA
                0x080015c0       0xbc Drivers\STM32F4xx_HAL_Driver\Src\stm32f4xx_hal_i2s.o
                0x080015c0                HAL_I2S_Receive_DMA
 .text.I2S_DMARxHalfCplt
                0x0800167c        0xa Drivers\STM32F4xx_HAL_Driver\Src\stm32f4xx_hal_i2s.o
 .text.I2S_DMARxCplt
                0x08001686       0x28 Drivers\STM32F4xx_HAL_Driver\Src\stm32f4xx_hal_i2s.o
 *fill*         0x080016ae        0x2 
 .text.HAL_I2S_Init
                0x080016b0      0x120 Drivers\STM32F4xx_HAL_Driver\Src\stm32f4xx_hal_i2s.o
                0x080016b0                HAL_I2S_Init
 .text.I2S_IRQHandler
                0x080017d0      0x10a Drivers\STM32F4xx_HAL_Driver\Src\stm32f4xx_hal_i2s.o
 .text.I2S_DMAError
                0x080018da       0x28 Drivers\STM32F4xx_HAL_Driver\Src\stm32f4xx_hal_i2s.o
 .text.HAL_I2S_GetState
                0x08001902        0x6 Drivers\STM32F4xx_HAL_Driver\Src\stm32f4xx_hal_i2s.o
                0x08001902                HAL_I2S_GetState
 .text.HAL_I2SEx_TxRxCpltCallback
                0x08001908        0x2 Drivers\STM32F4xx_HAL_Driver\Src\stm32f4xx_hal_i2s_ex.o
                0x08001908                HAL_I2SEx_TxRxCpltCallback
 *fill*         0x0800190a        0x2 
 .text.HAL_I2SEx_FullDuplex_IRQHandler
                0x0800190c      0x258 Drivers\STM32F4xx_HAL_Driver\Src\stm32f4xx_hal_i2s_ex.o
                0x0800190c                HAL_I2SEx_FullDuplex_IRQHandler
 .text.HAL_RCC_OscConfig
                0x08001b64      0x304 Drivers\STM32F4xx_HAL_Driver\Src\stm32f4xx_hal_rcc.o
                0x08001b64                HAL_RCC_OscConfig
 .text.HAL_RCC_GetSysClockFreq
                0x08001e68       0x5c Drivers\STM32F4xx_HAL_Driver\Src\stm32f4xx_hal_rcc.o
                0x08001e68                HAL_RCC_GetSysClockFreq
 .text.HAL_RCC_ClockConfig
                0x08001ec4      0x134 Drivers\STM32F4xx_HAL_Driver\Src\stm32f4xx_hal_rcc.o
                0x08001ec4                HAL_RCC_ClockConfig
 .text.HAL_RCC_GetHCLKFreq
                0x08001ff8        0xc Drivers\STM32F4xx_HAL_Driver\Src\stm32f4xx_hal_rcc.o
                0x08001ff8                HAL_RCC_GetHCLKFreq
 .text.HAL_RCCEx_PeriphCLKConfig
                0x08002004      0x130 Drivers\STM32F4xx_HAL_Driver\Src\stm32f4xx_hal_rcc_ex.o
                0x08002004                HAL_RCCEx_PeriphCLKConfig
 .text.HAL_RCCEx_GetPeriphCLKConfig
                0x08002134       0x30 Drivers\STM32F4xx_HAL_Driver\Src\stm32f4xx_hal_rcc_ex.o
                0x08002134                HAL_RCCEx_GetPeriphCLKConfig
 .text.HAL_RCCEx_GetPeriphCLKFreq
                0x08002164       0x5c Drivers\STM32F4xx_HAL_Driver\Src\stm32f4xx_hal_rcc_ex.o
                0x08002164                HAL_RCCEx_GetPeriphCLKFreq
 .text.TIM_OC1_SetConfig
                0x080021c0       0x58 Drivers\STM32F4xx_HAL_Driver\Src\stm32f4xx_hal_tim.o
 .text.TIM_OC3_SetConfig
                0x08002218       0x60 Drivers\STM32F4xx_HAL_Driver\Src\stm32f4xx_hal_tim.o
 .text.TIM_OC4_SetConfig
                0x08002278       0x50 Drivers\STM32F4xx_HAL_Driver\Src\stm32f4xx_hal_tim.o
 .text.HAL_TIM_Base_MspInit
                0x080022c8        0x2 Drivers\STM32F4xx_HAL_Driver\Src\stm32f4xx_hal_tim.o
                0x080022c8                HAL_TIM_Base_MspInit
 .text.HAL_TIM_Base_Start
                0x080022ca       0x1a Drivers\STM32F4xx_HAL_Driver\Src\stm32f4xx_hal_tim.o
                0x080022ca                HAL_TIM_Base_Start
 .text.HAL_TIM_Base_Start_IT
                0x080022e4       0x16 Drivers\STM32F4xx_HAL_Driver\Src\stm32f4xx_hal_tim.o
                0x080022e4                HAL_TIM_Base_Start_IT
 .text.HAL_TIM_PWM_MspInit
                0x080022fa        0x2 Drivers\STM32F4xx_HAL_Driver\Src\stm32f4xx_hal_tim.o
                0x080022fa                HAL_TIM_PWM_MspInit
 .text.HAL_TIM_OC_DelayElapsedCallback
                0x080022fc        0x2 Drivers\STM32F4xx_HAL_Driver\Src\stm32f4xx_hal_tim.o
                0x080022fc                HAL_TIM_OC_DelayElapsedCallback
 .text.HAL_TIM_IC_CaptureCallback
                0x080022fe        0x2 Drivers\STM32F4xx_HAL_Driver\Src\stm32f4xx_hal_tim.o
                0x080022fe                HAL_TIM_IC_CaptureCallback
 .text.HAL_TIM_PWM_PulseFinishedCallback
                0x08002300        0x2 Drivers\STM32F4xx_HAL_Driver\Src\stm32f4xx_hal_tim.o
                0x08002300                HAL_TIM_PWM_PulseFinishedCallback
 .text.HAL_TIM_TriggerCallback
                0x08002302        0x2 Drivers\STM32F4xx_HAL_Driver\Src\stm32f4xx_hal_tim.o
                0x08002302                HAL_TIM_TriggerCallback
 .text.HAL_TIM_IRQHandler
                0x08002304      0x144 Drivers\STM32F4xx_HAL_Driver\Src\stm32f4xx_hal_tim.o
                0x08002304                HAL_TIM_IRQHandler
 .text.TIM_Base_SetConfig
                0x08002448       0xc8 Drivers\STM32F4xx_HAL_Driver\Src\stm32f4xx_hal_tim.o
                0x08002448                TIM_Base_SetConfig
 .text.HAL_TIM_Base_Init
                0x08002510       0x34 Drivers\STM32F4xx_HAL_Driver\Src\stm32f4xx_hal_tim.o
                0x08002510                HAL_TIM_Base_Init
 .text.HAL_TIM_PWM_Init
                0x08002544       0x34 Drivers\STM32F4xx_HAL_Driver\Src\stm32f4xx_hal_tim.o
                0x08002544                HAL_TIM_PWM_Init
 .text.TIM_OC2_SetConfig
                0x08002578       0x60 Drivers\STM32F4xx_HAL_Driver\Src\stm32f4xx_hal_tim.o
                0x08002578                TIM_OC2_SetConfig
 .text.HAL_TIM_PWM_ConfigChannel
                0x080025d8       0xc4 Drivers\STM32F4xx_HAL_Driver\Src\stm32f4xx_hal_tim.o
                0x080025d8                HAL_TIM_PWM_ConfigChannel
 .text.TIM_CCxChannelCmd
                0x0800269c       0x18 Drivers\STM32F4xx_HAL_Driver\Src\stm32f4xx_hal_tim.o
                0x0800269c                TIM_CCxChannelCmd
 .text.HAL_TIM_PWM_Start
                0x080026b4       0x34 Drivers\STM32F4xx_HAL_Driver\Src\stm32f4xx_hal_tim.o
                0x080026b4                HAL_TIM_PWM_Start
 .text.HAL_TIMEx_CommutationCallback
                0x080026e8        0x2 Drivers\STM32F4xx_HAL_Driver\Src\stm32f4xx_hal_tim_ex.o
                0x080026e8                HAL_TIMEx_CommutationCallback
 .text.HAL_TIMEx_BreakCallback
                0x080026ea        0x2 Drivers\STM32F4xx_HAL_Driver\Src\stm32f4xx_hal_tim_ex.o
                0x080026ea                HAL_TIMEx_BreakCallback
 .text.arm_mult_f32
                0x080026ec       0x86 Src\arm_mult_f32.o
                0x080026ec                arm_mult_f32
 *fill*         0x08002772        0x2 
 .text.arm_rfft_fast_init_f32
                0x08002774      0x124 Src\arm_rfft_fast_init_f32.o
                0x08002774                arm_rfft_fast_init_f32
 .text.SystemClock_Config
                0x08002898       0xc4 Src\main.o
                0x08002898                SystemClock_Config
 .text.PCM_to_Float
                0x0800295c       0x2c Src\main.o
                0x0800295c                PCM_to_Float
 .text.BSP_AUDIO_IN_TransferComplete_CallBack
                0x08002988       0x84 Src\main.o
                0x08002988                BSP_AUDIO_IN_TransferComplete_CallBack
 .text.BSP_AUDIO_IN_HalfTransfer_CallBack
                0x08002a0c       0x84 Src\main.o
                0x08002a0c                BSP_AUDIO_IN_HalfTransfer_CallBack
 .text.enablefpu
                0x08002a90       0x1c Src\main.o
                0x08002a90                enablefpu
 .text.timer_setup
                0x08002aac       0x5c Src\main.o
                0x08002aac                timer_setup
 .text.TIM4_IRQHandler
                0x08002b08       0x1c Src\main.o
                0x08002b08                TIM4_IRQHandler
 .text.Hanning  0x08002b24      0x150 Src\main.o
                0x08002b24                Hanning
 .text.fft_ws2812_Init
                0x08002c74       0x64 Src\main.o
                0x08002c74                fft_ws2812_Init
 .text.startup.main
                0x08002cd8        0xc Src\main.o
                0x08002cd8                main
 .text.BSP_AUDIO_IN_Error_Callback
                0x08002ce4        0x2 Src\main.o
                0x08002ce4                BSP_AUDIO_IN_Error_Callback
 .text.NMI_Handler
                0x08002ce6        0x2 Src\main.o
                0x08002ce6                NMI_Handler
 .text.HardFault_Handler
                0x08002ce8        0x2 Src\main.o
                0x08002ce8                HardFault_Handler
 .text.MemManage_Handler
                0x08002cea        0x2 Src\main.o
                0x08002cea                MemManage_Handler
 .text.BusFault_Handler
                0x08002cec        0x2 Src\main.o
                0x08002cec                BusFault_Handler
 .text.UsageFault_Handler
                0x08002cee        0x2 Src\main.o
                0x08002cee                UsageFault_Handler
 .text.SVC_Handler
                0x08002cf0        0x2 Src\main.o
                0x08002cf0                SVC_Handler
 .text.DebugMon_Handler
                0x08002cf2        0x2 Src\main.o
                0x08002cf2                DebugMon_Handler
 .text.PendSV_Handler
                0x08002cf4        0x2 Src\main.o
                0x08002cf4                PendSV_Handler
 *fill*         0x08002cf6        0x2 
 .text.DMA1_Stream3_IRQHandler
                0x08002cf8        0xc Src\main.o
                0x08002cf8                DMA1_Stream3_IRQHandler
 .text.BSP_LED_Init
                0x08002d04       0xb4 Src\stm32f4_discovery.o
                0x08002d04                BSP_LED_Init
 .text.BSP_LED_On
                0x08002db8       0x1c Src\stm32f4_discovery.o
                0x08002db8                BSP_LED_On
 .text.BSP_AUDIO_OUT_TransferComplete_CallBack
                0x08002dd4        0x2 Src\stm32f4_discovery_audio.o
                0x08002dd4                BSP_AUDIO_OUT_TransferComplete_CallBack
 *fill*         0x08002dd6        0x2 
 .text.HAL_I2S_TxCpltCallback
                0x08002dd8       0x14 Src\stm32f4_discovery_audio.o
                0x08002dd8                HAL_I2S_TxCpltCallback
 .text.BSP_AUDIO_OUT_Error_CallBack
                0x08002dec        0x2 Src\stm32f4_discovery_audio.o
                0x08002dec                BSP_AUDIO_OUT_Error_CallBack
 *fill*         0x08002dee        0x2 
 .text.BSP_AUDIO_IN_Record
                0x08002df0       0x14 Src\stm32f4_discovery_audio.o
                0x08002df0                BSP_AUDIO_IN_Record
 .text.BSP_AUDIO_IN_PDMToPCM
                0x08002e04       0x40 Src\stm32f4_discovery_audio.o
                0x08002e04                BSP_AUDIO_IN_PDMToPCM
 .text.BSP_AUDIO_IN_ClockConfig
                0x08002e44       0x30 Src\stm32f4_discovery_audio.o
                0x08002e44                BSP_AUDIO_IN_ClockConfig
 .text.BSP_AUDIO_IN_MspInit
                0x08002e74      0x100 Src\stm32f4_discovery_audio.o
                0x08002e74                BSP_AUDIO_IN_MspInit
 .text.BSP_AUDIO_IN_Init
                0x08002f74       0xe4 Src\stm32f4_discovery_audio.o
                0x08002f74                BSP_AUDIO_IN_Init
 .text.HAL_I2S_RxCpltCallback
                0x08003058        0x8 Src\stm32f4_discovery_audio.o
                0x08003058                HAL_I2S_RxCpltCallback
 .text.HAL_I2S_RxHalfCpltCallback
                0x08003060        0x8 Src\stm32f4_discovery_audio.o
                0x08003060                HAL_I2S_RxHalfCpltCallback
 .text.HAL_I2S_ErrorCallback
                0x08003068       0x28 Src\stm32f4_discovery_audio.o
                0x08003068                HAL_I2S_ErrorCallback
 .text.HAL_MspInit
                0x08003090       0x60 Src\stm32f4xx_hal_msp.o
                0x08003090                HAL_MspInit
 .text.HAL_I2S_MspInit
                0x080030f0       0x64 Src\stm32f4xx_hal_msp.o
                0x080030f0                HAL_I2S_MspInit
 .text.SysTick_Handler
                0x08003154        0xe Src\stm32f4xx_it.o
                0x08003154                SysTick_Handler
 *fill*         0x08003162        0x2 
 .text.SystemInit
                0x08003164       0x4c Src\system_stm32f4xx.o
                0x08003164                SystemInit
 .text.visInit  0x080031b0       0x48 Src\visEffect.o
                0x080031b0                visInit
 .text.DMA_TransferError
                0x080031f8       0x10 Src\ws2812b\ws2812b.o
                0x080031f8                DMA_TransferError
 .text.ws2812b_init
                0x08003208      0x2e4 Src\ws2812b\ws2812b.o
                0x08003208                ws2812b_init
 .text.DMA2_Stream2_IRQHandler
                0x080034ec        0xc Src\ws2812b\ws2812b.o
                0x080034ec                DMA2_Stream2_IRQHandler
 .text.TIM1_UP_TIM10_IRQHandler
                0x080034f8       0x18 Src\ws2812b\ws2812b.o
                0x080034f8                TIM1_UP_TIM10_IRQHandler
 .text.HAL_TIM_PeriodElapsedCallback
                0x08003510       0x3c Src\ws2812b\ws2812b.o
                0x08003510                HAL_TIM_PeriodElapsedCallback
 .text.ws2812b_set_pixel
                0x0800354c       0xbc Src\ws2812b\ws2812b.o
                0x0800354c                ws2812b_set_pixel
 .text.loadNextFramebufferData.part.0.constprop.2
                0x08003608       0x34 Src\ws2812b\ws2812b.o
 .text.DMA_TransferCompleteHandler
                0x0800363c       0xe0 Src\ws2812b\ws2812b.o
                0x0800363c                DMA_TransferCompleteHandler
 .text.DMA_TransferHalfHandler
                0x0800371c       0x3c Src\ws2812b\ws2812b.o
                0x0800371c                DMA_TransferHalfHandler
 .text.Reset_Handler
                0x08003758       0x50 startup\startup_stm32f407xx.o
                0x08003758                Reset_Handler
 .text.Default_Handler
                0x080037a8        0x2 startup\startup_stm32f407xx.o
                0x080037a8                RTC_Alarm_IRQHandler
                0x080037a8                HASH_RNG_IRQHandler
                0x080037a8                EXTI2_IRQHandler
                0x080037a8                TIM8_CC_IRQHandler
                0x080037a8                TIM1_CC_IRQHandler
                0x080037a8                DMA2_Stream5_IRQHandler
                0x080037a8                DMA1_Stream5_IRQHandler
                0x080037a8                PVD_IRQHandler
                0x080037a8                SDIO_IRQHandler
                0x080037a8                TAMP_STAMP_IRQHandler
                0x080037a8                CAN2_RX1_IRQHandler
                0x080037a8                EXTI3_IRQHandler
                0x080037a8                TIM8_TRG_COM_TIM14_IRQHandler
                0x080037a8                TIM8_UP_TIM13_IRQHandler
                0x080037a8                I2C3_ER_IRQHandler
                0x080037a8                EXTI0_IRQHandler
                0x080037a8                I2C2_EV_IRQHandler
                0x080037a8                DMA1_Stream2_IRQHandler
                0x080037a8                CAN1_RX0_IRQHandler
                0x080037a8                FPU_IRQHandler
                0x080037a8                OTG_HS_WKUP_IRQHandler
                0x080037a8                CAN2_SCE_IRQHandler
                0x080037a8                SPI1_IRQHandler
                0x080037a8                TIM6_DAC_IRQHandler
                0x080037a8                TIM1_BRK_TIM9_IRQHandler
                0x080037a8                DCMI_IRQHandler
                0x080037a8                CAN2_RX0_IRQHandler
                0x080037a8                DMA2_Stream3_IRQHandler
                0x080037a8                USART6_IRQHandler
                0x080037a8                USART3_IRQHandler
                0x080037a8                CAN1_RX1_IRQHandler
                0x080037a8                UART5_IRQHandler
                0x080037a8                DMA2_Stream0_IRQHandler
                0x080037a8                I2C1_EV_IRQHandler
                0x080037a8                DMA1_Stream6_IRQHandler
                0x080037a8                DMA1_Stream1_IRQHandler
                0x080037a8                UART4_IRQHandler
                0x080037a8                TIM3_IRQHandler
                0x080037a8                RCC_IRQHandler
                0x080037a8                TIM8_BRK_TIM12_IRQHandler
                0x080037a8                Default_Handler
                0x080037a8                EXTI15_10_IRQHandler
                0x080037a8                ADC_IRQHandler
                0x080037a8                DMA1_Stream7_IRQHandler
                0x080037a8                TIM7_IRQHandler
                0x080037a8                CAN2_TX_IRQHandler
                0x080037a8                TIM5_IRQHandler
                0x080037a8                DMA2_Stream7_IRQHandler
                0x080037a8                I2C3_EV_IRQHandler
                0x080037a8                EXTI9_5_IRQHandler
                0x080037a8                RTC_WKUP_IRQHandler
                0x080037a8                ETH_WKUP_IRQHandler
                0x080037a8                SPI2_IRQHandler
                0x080037a8                OTG_HS_EP1_IN_IRQHandler
                0x080037a8                DMA1_Stream0_IRQHandler
                0x080037a8                CAN1_TX_IRQHandler
                0x080037a8                EXTI4_IRQHandler
                0x080037a8                FSMC_IRQHandler
                0x080037a8                ETH_IRQHandler
                0x080037a8                OTG_HS_EP1_OUT_IRQHandler
                0x080037a8                WWDG_IRQHandler
                0x080037a8                TIM2_IRQHandler
                0x080037a8                OTG_FS_WKUP_IRQHandler
                0x080037a8                TIM1_TRG_COM_TIM11_IRQHandler
                0x080037a8                OTG_HS_IRQHandler
                0x080037a8                EXTI1_IRQHandler
                0x080037a8                USART2_IRQHandler
                0x080037a8                I2C2_ER_IRQHandler
                0x080037a8                DMA2_Stream1_IRQHandler
                0x080037a8                CAN1_SCE_IRQHandler
                0x080037a8                FLASH_IRQHandler
                0x080037a8                DMA2_Stream4_IRQHandler
                0x080037a8                USART1_IRQHandler
                0x080037a8                OTG_FS_IRQHandler
                0x080037a8                SPI3_IRQHandler
                0x080037a8                DMA1_Stream4_IRQHandler
                0x080037a8                I2C1_ER_IRQHandler
                0x080037a8                DMA2_Stream6_IRQHandler
 *fill*         0x080037aa        0x2 
 .text.D16_GENERIC
                0x080037ac      0x110 C:\Users\oli\Documents\f4core\nube\lib\libpdm2pcm_glo.a(pdm_filter.o)
 .text.D24_GENERIC
                0x080038bc      0x188 C:\Users\oli\Documents\f4core\nube\lib\libpdm2pcm_glo.a(pdm_filter.o)
 .text.D32_GENERIC
                0x08003a44      0x184 C:\Users\oli\Documents\f4core\nube\lib\libpdm2pcm_glo.a(pdm_filter.o)
 .text.D48_GENERIC
                0x08003bc8      0x1e4 C:\Users\oli\Documents\f4core\nube\lib\libpdm2pcm_glo.a(pdm_filter.o)
 .text.D64_GENERIC
                0x08003dac      0x21c C:\Users\oli\Documents\f4core\nube\lib\libpdm2pcm_glo.a(pdm_filter.o)
 .text.D80_GENERIC
                0x08003fc8      0x29c C:\Users\oli\Documents\f4core\nube\lib\libpdm2pcm_glo.a(pdm_filter.o)
 .text.D128_GENERIC
                0x08004264      0x3e8 C:\Users\oli\Documents\f4core\nube\lib\libpdm2pcm_glo.a(pdm_filter.o)
 .text.D16_1CH_HTONS_VOL_HP
                0x0800464c       0xd4 C:\Users\oli\Documents\f4core\nube\lib\libpdm2pcm_glo.a(pdm_filter.o)
 .text.D24_1CH_HTONS_VOL_HP
                0x08004720      0x134 C:\Users\oli\Documents\f4core\nube\lib\libpdm2pcm_glo.a(pdm_filter.o)
 .text.D32_1CH_HTONS_VOL_HP
                0x08004854      0x130 C:\Users\oli\Documents\f4core\nube\lib\libpdm2pcm_glo.a(pdm_filter.o)
 .text.D48_1CH_HTONS_VOL_HP
                0x08004984      0x164 C:\Users\oli\Documents\f4core\nube\lib\libpdm2pcm_glo.a(pdm_filter.o)
 .text.D64_1CH_HTONS_VOL_HP
                0x08004ae8      0x1a8 C:\Users\oli\Documents\f4core\nube\lib\libpdm2pcm_glo.a(pdm_filter.o)
 .text.D80_1CH_HTONS_VOL_HP
                0x08004c90      0x208 C:\Users\oli\Documents\f4core\nube\lib\libpdm2pcm_glo.a(pdm_filter.o)
 .text.D128_1CH_HTONS_VOL_HP
                0x08004e98      0x320 C:\Users\oli\Documents\f4core\nube\lib\libpdm2pcm_glo.a(pdm_filter.o)
 .text.PDM_Filter_Init
                0x080051b8      0x134 C:\Users\oli\Documents\f4core\nube\lib\libpdm2pcm_glo.a(pdm_filter.o)
                0x080051b8                PDM_Filter_Init
 .text.PDM_Filter_setConfig
                0x080052ec      0x1f4 C:\Users\oli\Documents\f4core\nube\lib\libpdm2pcm_glo.a(pdm_filter.o)
                0x080052ec                PDM_Filter_setConfig
 .text.PDM_Filter
                0x080054e0       0x38 C:\Users\oli\Documents\f4core\nube\lib\libpdm2pcm_glo.a(pdm_filter.o)
                0x080054e0                PDM_Filter
 .text.__libc_init_array
                0x08005518       0x48 c:/program files (x86)/atollic/truestudio for stm32 9.3.0/armtools/bin/../lib/gcc/arm-atollic-eabi/6.3.1/../../../../arm-atollic-eabi/lib/armv7e-m/fpu\libc_nano.a(lib_a-init.o)
                0x08005518                __libc_init_array
 .text.memset   0x08005560       0x10 c:/program files (x86)/atollic/truestudio for stm32 9.3.0/armtools/bin/../lib/gcc/arm-atollic-eabi/6.3.1/../../../../arm-atollic-eabi/lib/armv7e-m/fpu\libc_nano.a(lib_a-memset.o)
                0x08005560                memset
 .text.cos      0x08005570       0x88 c:/program files (x86)/atollic/truestudio for stm32 9.3.0/armtools/bin/../lib/gcc/arm-atollic-eabi/6.3.1/../../../../arm-atollic-eabi/lib/armv7e-m/fpu\libm.a(lib_a-s_cos.o)
                0x08005570                cos
 .text.round    0x080055f8       0x8c c:/program files (x86)/atollic/truestudio for stm32 9.3.0/armtools/bin/../lib/gcc/arm-atollic-eabi/6.3.1/../../../../arm-atollic-eabi/lib/armv7e-m/fpu\libm.a(lib_a-s_round.o)
                0x080055f8                round
 .text.powf     0x08005684      0x2f8 c:/program files (x86)/atollic/truestudio for stm32 9.3.0/armtools/bin/../lib/gcc/arm-atollic-eabi/6.3.1/../../../../arm-atollic-eabi/lib/armv7e-m/fpu\libm.a(lib_a-wf_pow.o)
                0x08005684                powf
 *fill*         0x0800597c        0x4 
 .text.__ieee754_rem_pio2
                0x08005980      0x3e4 c:/program files (x86)/atollic/truestudio for stm32 9.3.0/armtools/bin/../lib/gcc/arm-atollic-eabi/6.3.1/../../../../arm-atollic-eabi/lib/armv7e-m/fpu\libm.a(lib_a-e_rem_pio2.o)
                0x08005980                __ieee754_rem_pio2
 .text.__ieee754_powf
                0x08005d64      0x584 c:/program files (x86)/atollic/truestudio for stm32 9.3.0/armtools/bin/../lib/gcc/arm-atollic-eabi/6.3.1/../../../../arm-atollic-eabi/lib/armv7e-m/fpu\libm.a(lib_a-ef_pow.o)
                0x08005d64                __ieee754_powf
 .text.__ieee754_sqrtf
                0x080062e8       0x8e c:/program files (x86)/atollic/truestudio for stm32 9.3.0/armtools/bin/../lib/gcc/arm-atollic-eabi/6.3.1/../../../../arm-atollic-eabi/lib/armv7e-m/fpu\libm.a(lib_a-ef_sqrt.o)
                0x080062e8                __ieee754_sqrtf
 *fill*         0x08006376        0x2 
 .text.__kernel_cos
                0x08006378      0x1cc c:/program files (x86)/atollic/truestudio for stm32 9.3.0/armtools/bin/../lib/gcc/arm-atollic-eabi/6.3.1/../../../../arm-atollic-eabi/lib/armv7e-m/fpu\libm.a(lib_a-k_cos.o)
                0x08006378                __kernel_cos
 *fill*         0x08006544        0x4 
 .text.__kernel_rem_pio2
                0x08006548      0x69c c:/program files (x86)/atollic/truestudio for stm32 9.3.0/armtools/bin/../lib/gcc/arm-atollic-eabi/6.3.1/../../../../arm-atollic-eabi/lib/armv7e-m/fpu\libm.a(lib_a-k_rem_pio2.o)
                0x08006548                __kernel_rem_pio2
 *fill*         0x08006be4        0x4 
 .text.__kernel_sin
                0x08006be8      0x174 c:/program files (x86)/atollic/truestudio for stm32 9.3.0/armtools/bin/../lib/gcc/arm-atollic-eabi/6.3.1/../../../../arm-atollic-eabi/lib/armv7e-m/fpu\libm.a(lib_a-k_sin.o)
                0x08006be8                __kernel_sin
 .text.fabs     0x08006d5c        0xe c:/program files (x86)/atollic/truestudio for stm32 9.3.0/armtools/bin/../lib/gcc/arm-atollic-eabi/6.3.1/../../../../arm-atollic-eabi/lib/armv7e-m/fpu\libm.a(lib_a-s_fabs.o)
                0x08006d5c                fabs
 *fill*         0x08006d6a        0x6 
 .text.floor    0x08006d70      0x108 c:/program files (x86)/atollic/truestudio for stm32 9.3.0/armtools/bin/../lib/gcc/arm-atollic-eabi/6.3.1/../../../../arm-atollic-eabi/lib/armv7e-m/fpu\libm.a(lib_a-s_floor.o)
                0x08006d70                floor
 .text.matherr  0x08006e78        0x4 c:/program files (x86)/atollic/truestudio for stm32 9.3.0/armtools/bin/../lib/gcc/arm-atollic-eabi/6.3.1/../../../../arm-atollic-eabi/lib/armv7e-m/fpu\libm.a(lib_a-s_matherr.o)
                0x08006e78                matherr
 .text.rint     0x08006e7c      0x110 c:/program files (x86)/atollic/truestudio for stm32 9.3.0/armtools/bin/../lib/gcc/arm-atollic-eabi/6.3.1/../../../../arm-atollic-eabi/lib/armv7e-m/fpu\libm.a(lib_a-s_rint.o)
                0x08006e7c                rint
 *fill*         0x08006f8c        0x4 
 .text.scalbn   0x08006f90       0xf4 c:/program files (x86)/atollic/truestudio for stm32 9.3.0/armtools/bin/../lib/gcc/arm-atollic-eabi/6.3.1/../../../../arm-atollic-eabi/lib/armv7e-m/fpu\libm.a(lib_a-s_scalbn.o)
                0x08006f90                scalbn
 .text.fabsf    0x08007084        0xe c:/program files (x86)/atollic/truestudio for stm32 9.3.0/armtools/bin/../lib/gcc/arm-atollic-eabi/6.3.1/../../../../arm-atollic-eabi/lib/armv7e-m/fpu\libm.a(lib_a-sf_fabs.o)
                0x08007084                fabsf
 .text.finitef  0x08007092       0x14 c:/program files (x86)/atollic/truestudio for stm32 9.3.0/armtools/bin/../lib/gcc/arm-atollic-eabi/6.3.1/../../../../arm-atollic-eabi/lib/armv7e-m/fpu\libm.a(lib_a-sf_finite.o)
                0x08007092                finitef
 *fill*         0x080070a6        0x2 
 .text.nanf     0x080070a8        0xc c:/program files (x86)/atollic/truestudio for stm32 9.3.0/armtools/bin/../lib/gcc/arm-atollic-eabi/6.3.1/../../../../arm-atollic-eabi/lib/armv7e-m/fpu\libm.a(lib_a-sf_nan.o)
                0x080070a8                nanf
 .text.scalbnf  0x080070b4       0xc0 c:/program files (x86)/atollic/truestudio for stm32 9.3.0/armtools/bin/../lib/gcc/arm-atollic-eabi/6.3.1/../../../../arm-atollic-eabi/lib/armv7e-m/fpu\libm.a(lib_a-sf_scalbn.o)
                0x080070b4                scalbnf
 .text.copysign
                0x08007174       0x1a c:/program files (x86)/atollic/truestudio for stm32 9.3.0/armtools/bin/../lib/gcc/arm-atollic-eabi/6.3.1/../../../../arm-atollic-eabi/lib/armv7e-m/fpu\libm.a(lib_a-s_copysign.o)
                0x08007174                copysign
 .text.copysignf
                0x0800718e       0x18 c:/program files (x86)/atollic/truestudio for stm32 9.3.0/armtools/bin/../lib/gcc/arm-atollic-eabi/6.3.1/../../../../arm-atollic-eabi/lib/armv7e-m/fpu\libm.a(lib_a-sf_copysign.o)
                0x0800718e                copysignf
 *fill*         0x080071a6        0x2 
 .text.__errno  0x080071a8        0xc c:/program files (x86)/atollic/truestudio for stm32 9.3.0/armtools/bin/../lib/gcc/arm-atollic-eabi/6.3.1/../../../../arm-atollic-eabi/lib/armv7e-m/fpu\libc_nano.a(lib_a-errno.o)
                0x080071a8                __errno
 *(.glue_7)
 .glue_7        0x080071b4        0x0 linker stubs
 *(.glue_7t)
 .glue_7t       0x080071b4        0x0 linker stubs
 *(.eh_frame)
 .eh_frame      0x080071b4        0x0 c:/program files (x86)/atollic/truestudio for stm32 9.3.0/armtools/bin/../lib/gcc/arm-atollic-eabi/6.3.1/armv7e-m/fpu/crtbegin.o
 *(.init)
 .init          0x080071b4        0x4 c:/program files (x86)/atollic/truestudio for stm32 9.3.0/armtools/bin/../lib/gcc/arm-atollic-eabi/6.3.1/armv7e-m/fpu/crti.o
                0x080071b4                _init
 .init          0x080071b8        0x8 c:/program files (x86)/atollic/truestudio for stm32 9.3.0/armtools/bin/../lib/gcc/arm-atollic-eabi/6.3.1/armv7e-m/fpu/crtn.o
 *(.fini)
 .fini          0x080071c0        0x4 c:/program files (x86)/atollic/truestudio for stm32 9.3.0/armtools/bin/../lib/gcc/arm-atollic-eabi/6.3.1/armv7e-m/fpu/crti.o
                0x080071c0                _fini
 .fini          0x080071c4        0x8 c:/program files (x86)/atollic/truestudio for stm32 9.3.0/armtools/bin/../lib/gcc/arm-atollic-eabi/6.3.1/armv7e-m/fpu/crtn.o
                0x080071cc                . = ALIGN (0x4)
                0x080071cc                _etext = .

.vfp11_veneer   0x080071cc        0x0
 .vfp11_veneer  0x080071cc        0x0 linker stubs

.v4_bx          0x080071cc        0x0
 .v4_bx         0x080071cc        0x0 linker stubs

.iplt           0x080071cc        0x0
 .iplt          0x080071cc        0x0 c:/program files (x86)/atollic/truestudio for stm32 9.3.0/armtools/bin/../lib/gcc/arm-atollic-eabi/6.3.1/armv7e-m/fpu/crtbegin.o

.rodata         0x080071d0    0x137b8
                0x080071d0                . = ALIGN (0x4)
 *(.rodata)
 .rodata        0x080071d0       0x38 C:\Users\oli\Documents\f4core\nube\lib\libpdm2pcm_glo.a(pdm_filter.o)
 *(.rodata*)
 .rodata.flagBitshiftOffset.12657
                0x08007208        0x8 Drivers\STM32F4xx_HAL_Driver\Src\stm32f4xx_hal_dma.o
 .rodata.armBitRevIndexTable1024
                0x08007210      0xe10 Src\arm_common_tables.o
                0x08007210                armBitRevIndexTable1024
 .rodata.armBitRevIndexTable128
                0x08008020      0x1a0 Src\arm_common_tables.o
                0x08008020                armBitRevIndexTable128
 .rodata.armBitRevIndexTable16
                0x080081c0       0x28 Src\arm_common_tables.o
                0x080081c0                armBitRevIndexTable16
 .rodata.armBitRevIndexTable2048
                0x080081e8     0x1dc0 Src\arm_common_tables.o
                0x080081e8                armBitRevIndexTable2048
 .rodata.armBitRevIndexTable256
                0x08009fa8      0x370 Src\arm_common_tables.o
                0x08009fa8                armBitRevIndexTable256
 .rodata.armBitRevIndexTable32
                0x0800a318       0x60 Src\arm_common_tables.o
                0x0800a318                armBitRevIndexTable32
 .rodata.armBitRevIndexTable512
                0x0800a378      0x380 Src\arm_common_tables.o
                0x0800a378                armBitRevIndexTable512
 .rodata.armBitRevIndexTable64
                0x0800a6f8       0x70 Src\arm_common_tables.o
                0x0800a6f8                armBitRevIndexTable64
 .rodata.twiddleCoef_1024
                0x0800a768     0x2000 Src\arm_common_tables.o
                0x0800a768                twiddleCoef_1024
 .rodata.twiddleCoef_128
                0x0800c768      0x400 Src\arm_common_tables.o
                0x0800c768                twiddleCoef_128
 .rodata.twiddleCoef_16
                0x0800cb68       0x80 Src\arm_common_tables.o
                0x0800cb68                twiddleCoef_16
 .rodata.twiddleCoef_2048
                0x0800cbe8     0x4000 Src\arm_common_tables.o
                0x0800cbe8                twiddleCoef_2048
 .rodata.twiddleCoef_256
                0x08010be8      0x800 Src\arm_common_tables.o
                0x08010be8                twiddleCoef_256
 .rodata.twiddleCoef_32
                0x080113e8      0x100 Src\arm_common_tables.o
                0x080113e8                twiddleCoef_32
 .rodata.twiddleCoef_512
                0x080114e8     0x1000 Src\arm_common_tables.o
                0x080114e8                twiddleCoef_512
 .rodata.twiddleCoef_64
                0x080124e8      0x200 Src\arm_common_tables.o
                0x080124e8                twiddleCoef_64
 .rodata.twiddleCoef_rfft_1024
                0x080126e8     0x1000 Src\arm_common_tables.o
                0x080126e8                twiddleCoef_rfft_1024
 .rodata.twiddleCoef_rfft_128
                0x080136e8      0x200 Src\arm_common_tables.o
                0x080136e8                twiddleCoef_rfft_128
 .rodata.twiddleCoef_rfft_2048
                0x080138e8     0x2000 Src\arm_common_tables.o
                0x080138e8                twiddleCoef_rfft_2048
 .rodata.twiddleCoef_rfft_256
                0x080158e8      0x400 Src\arm_common_tables.o
                0x080158e8                twiddleCoef_rfft_256
 .rodata.twiddleCoef_rfft_32
                0x08015ce8       0x80 Src\arm_common_tables.o
                0x08015ce8                twiddleCoef_rfft_32
 .rodata.twiddleCoef_rfft_4096
                0x08015d68     0x4000 Src\arm_common_tables.o
                0x08015d68                twiddleCoef_rfft_4096
 .rodata.twiddleCoef_rfft_512
                0x08019d68      0x800 Src\arm_common_tables.o
                0x08019d68                twiddleCoef_rfft_512
 .rodata.twiddleCoef_rfft_64
                0x0801a568      0x100 Src\arm_common_tables.o
                0x0801a568                twiddleCoef_rfft_64
 .rodata.GPIO_PIN
                0x0801a668        0x8 Src\stm32f4_discovery.o
                0x0801a668                GPIO_PIN
 .rodata.AHBPrescTable
                0x0801a670       0x10 Src\system_stm32f4xx.o
                0x0801a670                AHBPrescTable
 .rodata.gammaTable
                0x0801a680      0x100 Src\ws2812b\ws2812b.o
                0x0801a680                gammaTable
 .rodata.powf.str1.1
                0x0801a780        0x5 c:/program files (x86)/atollic/truestudio for stm32 9.3.0/armtools/bin/../lib/gcc/arm-atollic-eabi/6.3.1/../../../../arm-atollic-eabi/lib/armv7e-m/fpu\libm.a(lib_a-wf_pow.o)
 *fill*         0x0801a785        0x3 
 .rodata.npio2_hw
                0x0801a788       0x80 c:/program files (x86)/atollic/truestudio for stm32 9.3.0/armtools/bin/../lib/gcc/arm-atollic-eabi/6.3.1/../../../../arm-atollic-eabi/lib/armv7e-m/fpu\libm.a(lib_a-e_rem_pio2.o)
 .rodata.two_over_pi
                0x0801a808      0x108 c:/program files (x86)/atollic/truestudio for stm32 9.3.0/armtools/bin/../lib/gcc/arm-atollic-eabi/6.3.1/../../../../arm-atollic-eabi/lib/armv7e-m/fpu\libm.a(lib_a-e_rem_pio2.o)
 .rodata.__ieee754_powf.str1.1
                0x0801a910        0x5 c:/program files (x86)/atollic/truestudio for stm32 9.3.0/armtools/bin/../lib/gcc/arm-atollic-eabi/6.3.1/../../../../arm-atollic-eabi/lib/armv7e-m/fpu\libm.a(lib_a-ef_pow.o)
                                  0x1 (size before relaxing)
 .rodata.bp     0x0801a910        0x8 c:/program files (x86)/atollic/truestudio for stm32 9.3.0/armtools/bin/../lib/gcc/arm-atollic-eabi/6.3.1/../../../../arm-atollic-eabi/lib/armv7e-m/fpu\libm.a(lib_a-ef_pow.o)
 .rodata.dp_h   0x0801a918        0x8 c:/program files (x86)/atollic/truestudio for stm32 9.3.0/armtools/bin/../lib/gcc/arm-atollic-eabi/6.3.1/../../../../arm-atollic-eabi/lib/armv7e-m/fpu\libm.a(lib_a-ef_pow.o)
 .rodata.dp_l   0x0801a920        0x8 c:/program files (x86)/atollic/truestudio for stm32 9.3.0/armtools/bin/../lib/gcc/arm-atollic-eabi/6.3.1/../../../../arm-atollic-eabi/lib/armv7e-m/fpu\libm.a(lib_a-ef_pow.o)
 .rodata.PIo2   0x0801a928       0x40 c:/program files (x86)/atollic/truestudio for stm32 9.3.0/armtools/bin/../lib/gcc/arm-atollic-eabi/6.3.1/../../../../arm-atollic-eabi/lib/armv7e-m/fpu\libm.a(lib_a-k_rem_pio2.o)
 .rodata.init_jk
                0x0801a968       0x10 c:/program files (x86)/atollic/truestudio for stm32 9.3.0/armtools/bin/../lib/gcc/arm-atollic-eabi/6.3.1/../../../../arm-atollic-eabi/lib/armv7e-m/fpu\libm.a(lib_a-k_rem_pio2.o)
 .rodata.TWO52  0x0801a978       0x10 c:/program files (x86)/atollic/truestudio for stm32 9.3.0/armtools/bin/../lib/gcc/arm-atollic-eabi/6.3.1/../../../../arm-atollic-eabi/lib/armv7e-m/fpu\libm.a(lib_a-s_rint.o)
                0x0801a988                . = ALIGN (0x4)

.ARM.extab
 *(.ARM.extab* .gnu.linkonce.armextab.*)

.ARM            0x0801a988        0x8
                0x0801a988                __exidx_start = .
 *(.ARM.exidx*)
 .ARM.exidx     0x0801a988        0x8 c:/program files (x86)/atollic/truestudio for stm32 9.3.0/armtools/bin/../lib/gcc/arm-atollic-eabi/6.3.1/armv7e-m/fpu\libgcc.a(_udivmoddi4.o)
                0x0801a990                __exidx_end = .

.rel.dyn        0x0801a990        0x0
 .rel.iplt      0x0801a990        0x0 c:/program files (x86)/atollic/truestudio for stm32 9.3.0/armtools/bin/../lib/gcc/arm-atollic-eabi/6.3.1/armv7e-m/fpu/crtbegin.o

.preinit_array  0x0801a990        0x0
                0x0801a990                PROVIDE (__preinit_array_start, .)
 *(.preinit_array*)
                0x0801a990                PROVIDE (__preinit_array_end, .)

.init_array     0x0801a990        0x4
                0x0801a990                PROVIDE (__init_array_start, .)
 *(SORT(.init_array.*))
 *(.init_array*)
 .init_array    0x0801a990        0x4 c:/program files (x86)/atollic/truestudio for stm32 9.3.0/armtools/bin/../lib/gcc/arm-atollic-eabi/6.3.1/armv7e-m/fpu/crtbegin.o
                0x0801a994                PROVIDE (__init_array_end, .)

.fini_array     0x0801a994        0x4
                [!provide]                PROVIDE (__fini_array_start, .)
 *(SORT(.fini_array.*))
 *(.fini_array*)
 .fini_array    0x0801a994        0x4 c:/program files (x86)/atollic/truestudio for stm32 9.3.0/armtools/bin/../lib/gcc/arm-atollic-eabi/6.3.1/armv7e-m/fpu/crtbegin.o
                [!provide]                PROVIDE (__fini_array_end, .)
                0x0801a998                _sidata = LOADADDR (.data)

.data           0x20000000      0x48c load address 0x0801a998
                0x20000000                . = ALIGN (0x4)
                0x20000000                _sdata = .
 *(.data)
 .data          0x20000000      0x400 C:\Users\oli\Documents\f4core\nube\lib\libpdm2pcm_glo.a(pdm_filter.o)
 *(.data*)
 .data.uwTickFreq
                0x20000400        0x1 Drivers\STM32F4xx_HAL_Driver\Src\stm32f4xx_hal.o
                0x20000400                uwTickFreq
 *fill*         0x20000401        0x3 
 .data.uwTickPrio
                0x20000404        0x4 Drivers\STM32F4xx_HAL_Driver\Src\stm32f4xx_hal.o
                0x20000404                uwTickPrio
 .data.GPIO_PORT
                0x20000408       0x10 Src\stm32f4_discovery.o
                0x20000408                GPIO_PORT
 .data.SystemCoreClock
                0x20000418        0x4 Src\system_stm32f4xx.o
                0x20000418                SystemCoreClock
 .data.WS2812_IO_High
                0x2000041c        0x4 Src\ws2812b\ws2812b.o
                0x2000041c                WS2812_IO_High
 .data.WS2812_IO_Low
                0x20000420        0x4 Src\ws2812b\ws2812b.o
                0x20000420                WS2812_IO_Low
 .data.__fdlib_version
                0x20000424        0x1 c:/program files (x86)/atollic/truestudio for stm32 9.3.0/armtools/bin/../lib/gcc/arm-atollic-eabi/6.3.1/../../../../arm-atollic-eabi/lib/armv7e-m/fpu\libm.a(lib_a-s_lib_ver.o)
                0x20000424                __fdlib_version
 *fill*         0x20000425        0x3 
 .data._impure_ptr
                0x20000428        0x4 c:/program files (x86)/atollic/truestudio for stm32 9.3.0/armtools/bin/../lib/gcc/arm-atollic-eabi/6.3.1/../../../../arm-atollic-eabi/lib/armv7e-m/fpu\libc_nano.a(lib_a-impure.o)
                0x20000428                _impure_ptr
 .data.impure_data
                0x2000042c       0x60 c:/program files (x86)/atollic/truestudio for stm32 9.3.0/armtools/bin/../lib/gcc/arm-atollic-eabi/6.3.1/../../../../arm-atollic-eabi/lib/armv7e-m/fpu\libc_nano.a(lib_a-impure.o)
                0x2000048c                . = ALIGN (0x4)
                0x2000048c                _edata = .
                0x0801ae24                _siccmram = LOADADDR (.ccmram)

.igot.plt       0x2000048c        0x0 load address 0x0801ae24
 .igot.plt      0x2000048c        0x0 c:/program files (x86)/atollic/truestudio for stm32 9.3.0/armtools/bin/../lib/gcc/arm-atollic-eabi/6.3.1/armv7e-m/fpu/crtbegin.o

.ccmram         0x10000000        0x0 load address 0x0801ae24
                0x10000000                . = ALIGN (0x4)
                0x10000000                _sccmram = .
 *(.ccmram)
 *(.ccmram*)
                0x10000000                . = ALIGN (0x4)
                0x10000000                _eccmram = .
                0x10000000                . = ALIGN (0x4)

.bss            0x2000048c     0x1fc4
                0x2000048c                _sbss = .
                0x2000048c                __bss_start__ = _sbss
 *(.bss)
 .bss           0x2000048c       0x1c c:/program files (x86)/atollic/truestudio for stm32 9.3.0/armtools/bin/../lib/gcc/arm-atollic-eabi/6.3.1/armv7e-m/fpu/crtbegin.o
 .bss           0x200004a8        0x1 C:\Users\oli\Documents\f4core\nube\lib\libpdm2pcm_glo.a(pdm_filter.o)
 *(.bss*)
 *fill*         0x200004a9        0x3 
 .bss.AUDIODataReady
                0x200004ac        0x4 Src\main.o
                0x200004ac                AUDIODataReady
 .bss.ITCounter
                0x200004b0        0x4 Src\main.o
                0x200004b0                ITCounter
 .bss.buff_pos  0x200004b4        0x2 Src\main.o
                0x200004b4                buff_pos
 *fill*         0x200004b6        0x2 
 .bss.hdma_i2sRx.12688
                0x200004b8       0x60 Src\stm32f4_discovery_audio.o
 *(COMMON)
 COMMON         0x20000518      0xd80 Drivers\STM32F4xx_HAL_Driver\Src\stm32f4xx_hal.o
                0x20000518                hann_window
                0x20000718                InternalBuffer
                0x20000818                hann_buff
                0x20000a18                uwTick
                0x20000a1c                float_array
                0x20000a5c                FFT_MagBuf
                0x20000b5c                FFT_Bins
                0x20000d5c                FFT_MagBuf_IIR
                0x20000e5c                rfft_s
                0x20000e74                PCM_Buf
                0x20000e94                hann_ptr
                0x20000e98                BQC_Buf
                0x20001098                FFT_Input
 COMMON         0x20001298      0x32c Src\main.o
                0x20001298                frame_Buffer
                0x20001358                hi2c1
                0x200013ac                ws2812b
                0x200013d8                frame_Buffer2
                0x20001498                i_test
                0x2000149a                s
                0x2000149c                hspi1
                0x200014f4                ws2812b_output
                0x200014f8                TIM_Handle
                0x20001534                hi2s3
                0x2000157c                hAudioInI2s
 COMMON         0x200015c4       0xec Src\stm32f4_discovery_audio.o
                0x200015c4                PDM_FilterConfig
                0x200015d0                PDM_FilterHandler
                0x20001668                hAudioOutI2s
 COMMON         0x200016b0      0xda0 Src\ws2812b\ws2812b.o
                0x200016b0                tim2OC2
                0x200016cc                timer_reset_pulse_period
                0x200016d0                dmaCC2
                0x20001730                tim2OC1
                0x2000174c                TIM1_handle
                0x20001788                tim_period
                0x2000178c                dmaCC1
                0x200017ec                dummy
                0x200017f0                ws2812bDmaBitBuffer
                0x200023f0                dmaUpdate
                0x20002450                . = ALIGN (0x4)
                0x20002450                _ebss = .
                0x20002450                __bss_end__ = _ebss

._user_heap_stack
                0x20002450      0x600
                0x20002450                . = ALIGN (0x4)
                [!provide]                PROVIDE (end, .)
                [!provide]                PROVIDE (_end, .)
                0x20002650                . = (. + _Min_Heap_Size)
 *fill*         0x20002450      0x200 
                0x20002a50                . = (. + _Min_Stack_Size)
 *fill*         0x20002650      0x400 
                0x20002a50                . = ALIGN (0x4)

/DISCARD/
 libc.a(*)
 libm.a(*)
 libgcc.a(*)

.ARM.attributes
                0x00000000       0x30
 *(.ARM.attributes)
 .ARM.attributes
                0x00000000       0x22 c:/program files (x86)/atollic/truestudio for stm32 9.3.0/armtools/bin/../lib/gcc/arm-atollic-eabi/6.3.1/armv7e-m/fpu/crti.o
 .ARM.attributes
                0x00000022       0x34 c:/program files (x86)/atollic/truestudio for stm32 9.3.0/armtools/bin/../lib/gcc/arm-atollic-eabi/6.3.1/armv7e-m/fpu/crtbegin.o
 .ARM.attributes
                0x00000056       0x39 Drivers\STM32F4xx_HAL_Driver\Src\stm32f4xx_hal.o
 .ARM.attributes
                0x0000008f       0x39 Drivers\STM32F4xx_HAL_Driver\Src\stm32f4xx_hal_cortex.o
 .ARM.attributes
                0x000000c8       0x39 Drivers\STM32F4xx_HAL_Driver\Src\stm32f4xx_hal_dma.o
 .ARM.attributes
                0x00000101       0x39 Drivers\STM32F4xx_HAL_Driver\Src\stm32f4xx_hal_gpio.o
 .ARM.attributes
                0x0000013a       0x39 Drivers\STM32F4xx_HAL_Driver\Src\stm32f4xx_hal_i2s.o
 .ARM.attributes
                0x00000173       0x39 Drivers\STM32F4xx_HAL_Driver\Src\stm32f4xx_hal_i2s_ex.o
 .ARM.attributes
                0x000001ac       0x39 Drivers\STM32F4xx_HAL_Driver\Src\stm32f4xx_hal_rcc.o
 .ARM.attributes
                0x000001e5       0x39 Drivers\STM32F4xx_HAL_Driver\Src\stm32f4xx_hal_rcc_ex.o
 .ARM.attributes
                0x0000021e       0x39 Drivers\STM32F4xx_HAL_Driver\Src\stm32f4xx_hal_tim.o
 .ARM.attributes
                0x00000257       0x39 Drivers\STM32F4xx_HAL_Driver\Src\stm32f4xx_hal_tim_ex.o
 .ARM.attributes
                0x00000290       0x39 Src\arm_common_tables.o
 .ARM.attributes
                0x000002c9       0x39 Src\arm_mult_f32.o
 .ARM.attributes
                0x00000302       0x39 Src\arm_rfft_fast_init_f32.o
 .ARM.attributes
                0x0000033b       0x39 Src\main.o
 .ARM.attributes
                0x00000374       0x39 Src\stm32f4_discovery.o
 .ARM.attributes
                0x000003ad       0x39 Src\stm32f4_discovery_audio.o
 .ARM.attributes
                0x000003e6       0x39 Src\stm32f4xx_hal_msp.o
 .ARM.attributes
                0x0000041f       0x39 Src\stm32f4xx_it.o
 .ARM.attributes
                0x00000458       0x39 Src\system_stm32f4xx.o
 .ARM.attributes
                0x00000491       0x39 Src\visEffect.o
 .ARM.attributes
                0x000004ca       0x39 Src\ws2812b\ws2812b.o
 .ARM.attributes
                0x00000503       0x21 startup\startup_stm32f407xx.o
 .ARM.attributes
                0x00000524       0x39 C:\Users\oli\Documents\f4core\nube\lib\libpdm2pcm_glo.a(pdm_filter.o)
 .ARM.attributes
                0x0000055d       0x34 c:/program files (x86)/atollic/truestudio for stm32 9.3.0/armtools/bin/../lib/gcc/arm-atollic-eabi/6.3.1/../../../../arm-atollic-eabi/lib/armv7e-m/fpu\libc_nano.a(lib_a-init.o)
 .ARM.attributes
                0x00000591       0x34 c:/program files (x86)/atollic/truestudio for stm32 9.3.0/armtools/bin/../lib/gcc/arm-atollic-eabi/6.3.1/../../../../arm-atollic-eabi/lib/armv7e-m/fpu\libc_nano.a(lib_a-memset.o)
 .ARM.attributes
                0x000005c5       0x34 c:/program files (x86)/atollic/truestudio for stm32 9.3.0/armtools/bin/../lib/gcc/arm-atollic-eabi/6.3.1/../../../../arm-atollic-eabi/lib/armv7e-m/fpu\libm.a(lib_a-s_cos.o)
 .ARM.attributes
                0x000005f9       0x34 c:/program files (x86)/atollic/truestudio for stm32 9.3.0/armtools/bin/../lib/gcc/arm-atollic-eabi/6.3.1/../../../../arm-atollic-eabi/lib/armv7e-m/fpu\libm.a(lib_a-s_round.o)
 .ARM.attributes
                0x0000062d       0x34 c:/program files (x86)/atollic/truestudio for stm32 9.3.0/armtools/bin/../lib/gcc/arm-atollic-eabi/6.3.1/../../../../arm-atollic-eabi/lib/armv7e-m/fpu\libm.a(lib_a-wf_pow.o)
 .ARM.attributes
                0x00000661       0x34 c:/program files (x86)/atollic/truestudio for stm32 9.3.0/armtools/bin/../lib/gcc/arm-atollic-eabi/6.3.1/../../../../arm-atollic-eabi/lib/armv7e-m/fpu\libm.a(lib_a-e_rem_pio2.o)
 .ARM.attributes
                0x00000695       0x34 c:/program files (x86)/atollic/truestudio for stm32 9.3.0/armtools/bin/../lib/gcc/arm-atollic-eabi/6.3.1/../../../../arm-atollic-eabi/lib/armv7e-m/fpu\libm.a(lib_a-ef_pow.o)
 .ARM.attributes
                0x000006c9       0x34 c:/program files (x86)/atollic/truestudio for stm32 9.3.0/armtools/bin/../lib/gcc/arm-atollic-eabi/6.3.1/../../../../arm-atollic-eabi/lib/armv7e-m/fpu\libm.a(lib_a-ef_sqrt.o)
 .ARM.attributes
                0x000006fd       0x34 c:/program files (x86)/atollic/truestudio for stm32 9.3.0/armtools/bin/../lib/gcc/arm-atollic-eabi/6.3.1/../../../../arm-atollic-eabi/lib/armv7e-m/fpu\libm.a(lib_a-k_cos.o)
 .ARM.attributes
                0x00000731       0x34 c:/program files (x86)/atollic/truestudio for stm32 9.3.0/armtools/bin/../lib/gcc/arm-atollic-eabi/6.3.1/../../../../arm-atollic-eabi/lib/armv7e-m/fpu\libm.a(lib_a-k_rem_pio2.o)
 .ARM.attributes
                0x00000765       0x34 c:/program files (x86)/atollic/truestudio for stm32 9.3.0/armtools/bin/../lib/gcc/arm-atollic-eabi/6.3.1/../../../../arm-atollic-eabi/lib/armv7e-m/fpu\libm.a(lib_a-k_sin.o)
 .ARM.attributes
                0x00000799       0x34 c:/program files (x86)/atollic/truestudio for stm32 9.3.0/armtools/bin/../lib/gcc/arm-atollic-eabi/6.3.1/../../../../arm-atollic-eabi/lib/armv7e-m/fpu\libm.a(lib_a-s_fabs.o)
 .ARM.attributes
                0x000007cd       0x34 c:/program files (x86)/atollic/truestudio for stm32 9.3.0/armtools/bin/../lib/gcc/arm-atollic-eabi/6.3.1/../../../../arm-atollic-eabi/lib/armv7e-m/fpu\libm.a(lib_a-s_floor.o)
 .ARM.attributes
                0x00000801       0x34 c:/program files (x86)/atollic/truestudio for stm32 9.3.0/armtools/bin/../lib/gcc/arm-atollic-eabi/6.3.1/../../../../arm-atollic-eabi/lib/armv7e-m/fpu\libm.a(lib_a-s_lib_ver.o)
 .ARM.attributes
                0x00000835       0x34 c:/program files (x86)/atollic/truestudio for stm32 9.3.0/armtools/bin/../lib/gcc/arm-atollic-eabi/6.3.1/../../../../arm-atollic-eabi/lib/armv7e-m/fpu\libm.a(lib_a-s_matherr.o)
 .ARM.attributes
                0x00000869       0x34 c:/program files (x86)/atollic/truestudio for stm32 9.3.0/armtools/bin/../lib/gcc/arm-atollic-eabi/6.3.1/../../../../arm-atollic-eabi/lib/armv7e-m/fpu\libm.a(lib_a-s_rint.o)
 .ARM.attributes
                0x0000089d       0x34 c:/program files (x86)/atollic/truestudio for stm32 9.3.0/armtools/bin/../lib/gcc/arm-atollic-eabi/6.3.1/../../../../arm-atollic-eabi/lib/armv7e-m/fpu\libm.a(lib_a-s_scalbn.o)
 .ARM.attributes
                0x000008d1       0x34 c:/program files (x86)/atollic/truestudio for stm32 9.3.0/armtools/bin/../lib/gcc/arm-atollic-eabi/6.3.1/../../../../arm-atollic-eabi/lib/armv7e-m/fpu\libm.a(lib_a-sf_fabs.o)
 .ARM.attributes
                0x00000905       0x34 c:/program files (x86)/atollic/truestudio for stm32 9.3.0/armtools/bin/../lib/gcc/arm-atollic-eabi/6.3.1/../../../../arm-atollic-eabi/lib/armv7e-m/fpu\libm.a(lib_a-sf_finite.o)
 .ARM.attributes
                0x00000939       0x34 c:/program files (x86)/atollic/truestudio for stm32 9.3.0/armtools/bin/../lib/gcc/arm-atollic-eabi/6.3.1/../../../../arm-atollic-eabi/lib/armv7e-m/fpu\libm.a(lib_a-sf_nan.o)
 .ARM.attributes
                0x0000096d       0x34 c:/program files (x86)/atollic/truestudio for stm32 9.3.0/armtools/bin/../lib/gcc/arm-atollic-eabi/6.3.1/../../../../arm-atollic-eabi/lib/armv7e-m/fpu\libm.a(lib_a-sf_scalbn.o)
 .ARM.attributes
                0x000009a1       0x34 c:/program files (x86)/atollic/truestudio for stm32 9.3.0/armtools/bin/../lib/gcc/arm-atollic-eabi/6.3.1/../../../../arm-atollic-eabi/lib/armv7e-m/fpu\libm.a(lib_a-s_copysign.o)
 .ARM.attributes
                0x000009d5       0x34 c:/program files (x86)/atollic/truestudio for stm32 9.3.0/armtools/bin/../lib/gcc/arm-atollic-eabi/6.3.1/../../../../arm-atollic-eabi/lib/armv7e-m/fpu\libm.a(lib_a-sf_copysign.o)
 .ARM.attributes
                0x00000a09       0x34 c:/program files (x86)/atollic/truestudio for stm32 9.3.0/armtools/bin/../lib/gcc/arm-atollic-eabi/6.3.1/../../../../arm-atollic-eabi/lib/armv7e-m/fpu\libc_nano.a(lib_a-errno.o)
 .ARM.attributes
                0x00000a3d       0x34 c:/program files (x86)/atollic/truestudio for stm32 9.3.0/armtools/bin/../lib/gcc/arm-atollic-eabi/6.3.1/../../../../arm-atollic-eabi/lib/armv7e-m/fpu\libc_nano.a(lib_a-impure.o)
 .ARM.attributes
                0x00000a71       0x22 c:/program files (x86)/atollic/truestudio for stm32 9.3.0/armtools/bin/../lib/gcc/arm-atollic-eabi/6.3.1/armv7e-m/fpu\libgcc.a(_arm_addsubdf3.o)
 .ARM.attributes
                0x00000a93       0x22 c:/program files (x86)/atollic/truestudio for stm32 9.3.0/armtools/bin/../lib/gcc/arm-atollic-eabi/6.3.1/armv7e-m/fpu\libgcc.a(_arm_muldivdf3.o)
 .ARM.attributes
                0x00000ab5       0x22 c:/program files (x86)/atollic/truestudio for stm32 9.3.0/armtools/bin/../lib/gcc/arm-atollic-eabi/6.3.1/armv7e-m/fpu\libgcc.a(_arm_cmpdf2.o)
 .ARM.attributes
                0x00000ad7       0x22 c:/program files (x86)/atollic/truestudio for stm32 9.3.0/armtools/bin/../lib/gcc/arm-atollic-eabi/6.3.1/armv7e-m/fpu\libgcc.a(_arm_fixdfsi.o)
 .ARM.attributes
                0x00000af9       0x22 c:/program files (x86)/atollic/truestudio for stm32 9.3.0/armtools/bin/../lib/gcc/arm-atollic-eabi/6.3.1/armv7e-m/fpu\libgcc.a(_arm_fixunsdfsi.o)
 .ARM.attributes
                0x00000b1b       0x22 c:/program files (x86)/atollic/truestudio for stm32 9.3.0/armtools/bin/../lib/gcc/arm-atollic-eabi/6.3.1/armv7e-m/fpu\libgcc.a(_arm_truncdfsf2.o)
 .ARM.attributes
                0x00000b3d       0x22 c:/program files (x86)/atollic/truestudio for stm32 9.3.0/armtools/bin/../lib/gcc/arm-atollic-eabi/6.3.1/armv7e-m/fpu\libgcc.a(_aeabi_uldivmod.o)
 .ARM.attributes
                0x00000b5f       0x34 c:/program files (x86)/atollic/truestudio for stm32 9.3.0/armtools/bin/../lib/gcc/arm-atollic-eabi/6.3.1/armv7e-m/fpu\libgcc.a(_udivmoddi4.o)
 .ARM.attributes
                0x00000b93       0x22 c:/program files (x86)/atollic/truestudio for stm32 9.3.0/armtools/bin/../lib/gcc/arm-atollic-eabi/6.3.1/armv7e-m/fpu\libgcc.a(_dvmd_tls.o)
 .ARM.attributes
                0x00000bb5       0x22 c:/program files (x86)/atollic/truestudio for stm32 9.3.0/armtools/bin/../lib/gcc/arm-atollic-eabi/6.3.1/armv7e-m/fpu/crtn.o
OUTPUT(nube.elf elf32-littlearm)

.debug_info     0x00000000    0x225b9
 .debug_info    0x00000000     0x158c Drivers\STM32F4xx_HAL_Driver\Src\stm32f4xx_hal.o
 .debug_info    0x0000158c     0x1ae4 Drivers\STM32F4xx_HAL_Driver\Src\stm32f4xx_hal_cortex.o
 .debug_info    0x00003070     0x15fc Drivers\STM32F4xx_HAL_Driver\Src\stm32f4xx_hal_dma.o
 .debug_info    0x0000466c     0x1312 Drivers\STM32F4xx_HAL_Driver\Src\stm32f4xx_hal_gpio.o
 .debug_info    0x0000597e     0x1b2d Drivers\STM32F4xx_HAL_Driver\Src\stm32f4xx_hal_i2s.o
 .debug_info    0x000074ab     0x1918 Drivers\STM32F4xx_HAL_Driver\Src\stm32f4xx_hal_i2s_ex.o
 .debug_info    0x00008dc3     0x15f3 Drivers\STM32F4xx_HAL_Driver\Src\stm32f4xx_hal_rcc.o
 .debug_info    0x0000a3b6     0x1215 Drivers\STM32F4xx_HAL_Driver\Src\stm32f4xx_hal_rcc_ex.o
 .debug_info    0x0000b5cb     0x3f2c Drivers\STM32F4xx_HAL_Driver\Src\stm32f4xx_hal_tim.o
 .debug_info    0x0000f4f7     0x1d2f Drivers\STM32F4xx_HAL_Driver\Src\stm32f4xx_hal_tim_ex.o
 .debug_info    0x00011226     0x1322 Src\arm_common_tables.o
 .debug_info    0x00012548      0xa09 Src\arm_mult_f32.o
 .debug_info    0x00012f51     0x112e Src\arm_rfft_fast_init_f32.o
 .debug_info    0x0001407f     0x2ab3 Src\main.o
 .debug_info    0x00016b32     0x25d9 Src\stm32f4_discovery.o
 .debug_info    0x0001910b     0x2705 Src\stm32f4_discovery_audio.o
 .debug_info    0x0001b810     0x1da9 Src\stm32f4xx_hal_msp.o
 .debug_info    0x0001d5b9      0xd0e Src\stm32f4xx_it.o
 .debug_info    0x0001e2c7     0x10bc Src\system_stm32f4xx.o
 .debug_info    0x0001f383     0x10c6 Src\visEffect.o
 .debug_info    0x00020449     0x2101 Src\ws2812b\ws2812b.o
 .debug_info    0x0002254a       0x6f startup\startup_stm32f407xx.o

.debug_abbrev   0x00000000     0x4258
 .debug_abbrev  0x00000000      0x339 Drivers\STM32F4xx_HAL_Driver\Src\stm32f4xx_hal.o
 .debug_abbrev  0x00000339      0x3db Drivers\STM32F4xx_HAL_Driver\Src\stm32f4xx_hal_cortex.o
 .debug_abbrev  0x00000714      0x395 Drivers\STM32F4xx_HAL_Driver\Src\stm32f4xx_hal_dma.o
 .debug_abbrev  0x00000aa9      0x2b3 Drivers\STM32F4xx_HAL_Driver\Src\stm32f4xx_hal_gpio.o
 .debug_abbrev  0x00000d5c      0x3c6 Drivers\STM32F4xx_HAL_Driver\Src\stm32f4xx_hal_i2s.o
 .debug_abbrev  0x00001122      0x3c2 Drivers\STM32F4xx_HAL_Driver\Src\stm32f4xx_hal_i2s_ex.o
 .debug_abbrev  0x000014e4      0x39e Drivers\STM32F4xx_HAL_Driver\Src\stm32f4xx_hal_rcc.o
 .debug_abbrev  0x00001882      0x270 Drivers\STM32F4xx_HAL_Driver\Src\stm32f4xx_hal_rcc_ex.o
 .debug_abbrev  0x00001af2      0x3f7 Drivers\STM32F4xx_HAL_Driver\Src\stm32f4xx_hal_tim.o
 .debug_abbrev  0x00001ee9      0x34b Drivers\STM32F4xx_HAL_Driver\Src\stm32f4xx_hal_tim_ex.o
 .debug_abbrev  0x00002234      0x19b Src\arm_common_tables.o
 .debug_abbrev  0x000023cf      0x1a1 Src\arm_mult_f32.o
 .debug_abbrev  0x00002570      0x1ea Src\arm_rfft_fast_init_f32.o
 .debug_abbrev  0x0000275a      0x46e Src\main.o
 .debug_abbrev  0x00002bc8      0x432 Src\stm32f4_discovery.o
 .debug_abbrev  0x00002ffa      0x40b Src\stm32f4_discovery_audio.o
 .debug_abbrev  0x00003405      0x270 Src\stm32f4xx_hal_msp.o
 .debug_abbrev  0x00003675      0x216 Src\stm32f4xx_it.o
 .debug_abbrev  0x0000388b      0x21e Src\system_stm32f4xx.o
 .debug_abbrev  0x00003aa9      0x338 Src\visEffect.o
 .debug_abbrev  0x00003de1      0x465 Src\ws2812b\ws2812b.o
 .debug_abbrev  0x00004246       0x12 startup\startup_stm32f407xx.o

.debug_loc      0x00000000     0x7fb3
 .debug_loc     0x00000000      0x11b Drivers\STM32F4xx_HAL_Driver\Src\stm32f4xx_hal.o
 .debug_loc     0x0000011b      0x4fb Drivers\STM32F4xx_HAL_Driver\Src\stm32f4xx_hal_cortex.o
 .debug_loc     0x00000616      0x727 Drivers\STM32F4xx_HAL_Driver\Src\stm32f4xx_hal_dma.o
 .debug_loc     0x00000d3d      0x3cd Drivers\STM32F4xx_HAL_Driver\Src\stm32f4xx_hal_gpio.o
 .debug_loc     0x0000110a      0xb83 Drivers\STM32F4xx_HAL_Driver\Src\stm32f4xx_hal_i2s.o
 .debug_loc     0x00001c8d      0x7d2 Drivers\STM32F4xx_HAL_Driver\Src\stm32f4xx_hal_i2s_ex.o
 .debug_loc     0x0000245f      0x336 Drivers\STM32F4xx_HAL_Driver\Src\stm32f4xx_hal_rcc.o
 .debug_loc     0x00002795      0x2cf Drivers\STM32F4xx_HAL_Driver\Src\stm32f4xx_hal_rcc_ex.o
 .debug_loc     0x00002a64     0x30b2 Drivers\STM32F4xx_HAL_Driver\Src\stm32f4xx_hal_tim.o
 .debug_loc     0x00005b16      0x84a Drivers\STM32F4xx_HAL_Driver\Src\stm32f4xx_hal_tim_ex.o
 .debug_loc     0x00006360      0x292 Src\arm_mult_f32.o
 .debug_loc     0x000065f2       0xb5 Src\arm_rfft_fast_init_f32.o
 .debug_loc     0x000066a7      0x45a Src\main.o
 .debug_loc     0x00006b01      0x41c Src\stm32f4_discovery.o
 .debug_loc     0x00006f1d      0x7cd Src\stm32f4_discovery_audio.o
 .debug_loc     0x000076ea       0xe7 Src\stm32f4xx_hal_msp.o
 .debug_loc     0x000077d1      0x11c Src\system_stm32f4xx.o
 .debug_loc     0x000078ed      0x316 Src\visEffect.o
 .debug_loc     0x00007c03      0x3b0 Src\ws2812b\ws2812b.o

.debug_aranges  0x00000000      0xbc8
 .debug_aranges
                0x00000000       0xd8 Drivers\STM32F4xx_HAL_Driver\Src\stm32f4xx_hal.o
 .debug_aranges
                0x000000d8       0xa8 Drivers\STM32F4xx_HAL_Driver\Src\stm32f4xx_hal_cortex.o
 .debug_aranges
                0x00000180       0x80 Drivers\STM32F4xx_HAL_Driver\Src\stm32f4xx_hal_dma.o
 .debug_aranges
                0x00000200       0x58 Drivers\STM32F4xx_HAL_Driver\Src\stm32f4xx_hal_gpio.o
 .debug_aranges
                0x00000258       0xc8 Drivers\STM32F4xx_HAL_Driver\Src\stm32f4xx_hal_i2s.o
 .debug_aranges
                0x00000320       0x60 Drivers\STM32F4xx_HAL_Driver\Src\stm32f4xx_hal_i2s_ex.o
 .debug_aranges
                0x00000380       0x88 Drivers\STM32F4xx_HAL_Driver\Src\stm32f4xx_hal_rcc.o
 .debug_aranges
                0x00000408       0x48 Drivers\STM32F4xx_HAL_Driver\Src\stm32f4xx_hal_rcc_ex.o
 .debug_aranges
                0x00000450      0x250 Drivers\STM32F4xx_HAL_Driver\Src\stm32f4xx_hal_tim.o
 .debug_aranges
                0x000006a0       0xf0 Drivers\STM32F4xx_HAL_Driver\Src\stm32f4xx_hal_tim_ex.o
 .debug_aranges
                0x00000790       0x18 Src\arm_common_tables.o
 .debug_aranges
                0x000007a8       0x20 Src\arm_mult_f32.o
 .debug_aranges
                0x000007c8       0x20 Src\arm_rfft_fast_init_f32.o
 .debug_aranges
                0x000007e8       0xc0 Src\main.o
 .debug_aranges
                0x000008a8       0xa8 Src\stm32f4_discovery.o
 .debug_aranges
                0x00000950      0x108 Src\stm32f4_discovery_audio.o
 .debug_aranges
                0x00000a58       0x50 Src\stm32f4xx_hal_msp.o
 .debug_aranges
                0x00000aa8       0x20 Src\stm32f4xx_it.o
 .debug_aranges
                0x00000ac8       0x28 Src\system_stm32f4xx.o
 .debug_aranges
                0x00000af0       0x38 Src\visEffect.o
 .debug_aranges
                0x00000b28       0x78 Src\ws2812b\ws2812b.o
 .debug_aranges
                0x00000ba0       0x28 startup\startup_stm32f407xx.o

.debug_ranges   0x00000000     0x1090
 .debug_ranges  0x00000000       0xc8 Drivers\STM32F4xx_HAL_Driver\Src\stm32f4xx_hal.o
 .debug_ranges  0x000000c8      0x138 Drivers\STM32F4xx_HAL_Driver\Src\stm32f4xx_hal_cortex.o
 .debug_ranges  0x00000200       0xc8 Drivers\STM32F4xx_HAL_Driver\Src\stm32f4xx_hal_dma.o
 .debug_ranges  0x000002c8       0x68 Drivers\STM32F4xx_HAL_Driver\Src\stm32f4xx_hal_gpio.o
 .debug_ranges  0x00000330       0xe8 Drivers\STM32F4xx_HAL_Driver\Src\stm32f4xx_hal_i2s.o
 .debug_ranges  0x00000418       0x80 Drivers\STM32F4xx_HAL_Driver\Src\stm32f4xx_hal_i2s_ex.o
 .debug_ranges  0x00000498       0xb0 Drivers\STM32F4xx_HAL_Driver\Src\stm32f4xx_hal_rcc.o
 .debug_ranges  0x00000548       0x50 Drivers\STM32F4xx_HAL_Driver\Src\stm32f4xx_hal_rcc_ex.o
 .debug_ranges  0x00000598      0x330 Drivers\STM32F4xx_HAL_Driver\Src\stm32f4xx_hal_tim.o
 .debug_ranges  0x000008c8       0xe0 Drivers\STM32F4xx_HAL_Driver\Src\stm32f4xx_hal_tim_ex.o
 .debug_ranges  0x000009a8       0x10 Src\arm_mult_f32.o
 .debug_ranges  0x000009b8       0x10 Src\arm_rfft_fast_init_f32.o
 .debug_ranges  0x000009c8      0x140 Src\main.o
 .debug_ranges  0x00000b08      0x1a0 Src\stm32f4_discovery.o
 .debug_ranges  0x00000ca8      0x190 Src\stm32f4_discovery_audio.o
 .debug_ranges  0x00000e38       0x80 Src\stm32f4xx_hal_msp.o
 .debug_ranges  0x00000eb8       0x10 Src\stm32f4xx_it.o
 .debug_ranges  0x00000ec8       0x18 Src\system_stm32f4xx.o
 .debug_ranges  0x00000ee0       0x28 Src\visEffect.o
 .debug_ranges  0x00000f08      0x168 Src\ws2812b\ws2812b.o
 .debug_ranges  0x00001070       0x20 startup\startup_stm32f407xx.o

.debug_line     0x00000000     0x83e0
 .debug_line    0x00000000      0x5be Drivers\STM32F4xx_HAL_Driver\Src\stm32f4xx_hal.o
 .debug_line    0x000005be      0x5dd Drivers\STM32F4xx_HAL_Driver\Src\stm32f4xx_hal_cortex.o
 .debug_line    0x00000b9b      0x723 Drivers\STM32F4xx_HAL_Driver\Src\stm32f4xx_hal_dma.o
 .debug_line    0x000012be      0x5a6 Drivers\STM32F4xx_HAL_Driver\Src\stm32f4xx_hal_gpio.o
 .debug_line    0x00001864      0x90d Drivers\STM32F4xx_HAL_Driver\Src\stm32f4xx_hal_i2s.o
 .debug_line    0x00002171      0x7ba Drivers\STM32F4xx_HAL_Driver\Src\stm32f4xx_hal_i2s_ex.o
 .debug_line    0x0000292b      0x6b7 Drivers\STM32F4xx_HAL_Driver\Src\stm32f4xx_hal_rcc.o
 .debug_line    0x00002fe2      0x559 Drivers\STM32F4xx_HAL_Driver\Src\stm32f4xx_hal_rcc_ex.o
 .debug_line    0x0000353b     0x12ab Drivers\STM32F4xx_HAL_Driver\Src\stm32f4xx_hal_tim.o
 .debug_line    0x000047e6      0x7f7 Drivers\STM32F4xx_HAL_Driver\Src\stm32f4xx_hal_tim_ex.o
 .debug_line    0x00004fdd      0x249 Src\arm_common_tables.o
 .debug_line    0x00005226      0x259 Src\arm_mult_f32.o
 .debug_line    0x0000547f      0x29a Src\arm_rfft_fast_init_f32.o
 .debug_line    0x00005719      0x70d Src\main.o
 .debug_line    0x00005e26      0x6a5 Src\stm32f4_discovery.o
 .debug_line    0x000064cb      0x7e6 Src\stm32f4_discovery_audio.o
 .debug_line    0x00006cb1      0x507 Src\stm32f4xx_hal_msp.o
 .debug_line    0x000071b8      0x380 Src\stm32f4xx_it.o
 .debug_line    0x00007538      0x376 Src\system_stm32f4xx.o
 .debug_line    0x000078ae      0x3ca Src\visEffect.o
 .debug_line    0x00007c78      0x6e9 Src\ws2812b\ws2812b.o
 .debug_line    0x00008361       0x7f startup\startup_stm32f407xx.o

.debug_str      0x00000000     0x53b8
 .debug_str     0x00000000     0x10c7 Drivers\STM32F4xx_HAL_Driver\Src\stm32f4xx_hal.o
                               0x11d3 (size before relaxing)
 .debug_str     0x000010c7      0x3ca Drivers\STM32F4xx_HAL_Driver\Src\stm32f4xx_hal_cortex.o
                               0x12aa (size before relaxing)
 .debug_str     0x00001491      0x527 Drivers\STM32F4xx_HAL_Driver\Src\stm32f4xx_hal_dma.o
                                0xe01 (size before relaxing)
 .debug_str     0x000019b8      0x1cd Drivers\STM32F4xx_HAL_Driver\Src\stm32f4xx_hal_gpio.o
                                0xb6c (size before relaxing)
 .debug_str     0x00001b85      0x432 Drivers\STM32F4xx_HAL_Driver\Src\stm32f4xx_hal_i2s.o
                                0xf97 (size before relaxing)
 .debug_str     0x00001fb7      0x1d1 Drivers\STM32F4xx_HAL_Driver\Src\stm32f4xx_hal_i2s_ex.o
                                0xecb (size before relaxing)
 .debug_str     0x00002188      0x2e4 Drivers\STM32F4xx_HAL_Driver\Src\stm32f4xx_hal_rcc.o
                                0xd3f (size before relaxing)
 .debug_str     0x0000246c      0x15e Drivers\STM32F4xx_HAL_Driver\Src\stm32f4xx_hal_rcc_ex.o
                                0xb4c (size before relaxing)
 .debug_str     0x000025ca      0xee7 Drivers\STM32F4xx_HAL_Driver\Src\stm32f4xx_hal_tim.o
                               0x1a2c (size before relaxing)
 .debug_str     0x000034b1      0x50d Drivers\STM32F4xx_HAL_Driver\Src\stm32f4xx_hal_tim_ex.o
                               0x12ec (size before relaxing)
 .debug_str     0x000039be      0x507 Src\arm_common_tables.o
                                0xb52 (size before relaxing)
 .debug_str     0x00003ec5       0x81 Src\arm_mult_f32.o
                                0x6b2 (size before relaxing)
 .debug_str     0x00003f46       0xd0 Src\arm_rfft_fast_init_f32.o
                                0xc86 (size before relaxing)
 .debug_str     0x00004016      0x8c5 Src\main.o
                               0x1fc4 (size before relaxing)
 .debug_str     0x000048db      0x2fc Src\stm32f4_discovery.o
                               0x193a (size before relaxing)
 .debug_str     0x00004bd7      0x435 Src\stm32f4_discovery_audio.o
                               0x1a3c (size before relaxing)
 .debug_str     0x0000500c       0x69 Src\stm32f4xx_hal_msp.o
                               0x174f (size before relaxing)
 .debug_str     0x00005075       0x26 Src\stm32f4xx_it.o
                                0x887 (size before relaxing)
 .debug_str     0x0000509b       0x45 Src\system_stm32f4xx.o
                                0x9e4 (size before relaxing)
 .debug_str     0x000050e0       0xbb Src\visEffect.o
                                0xa1e (size before relaxing)
 .debug_str     0x0000519b      0x21d Src\ws2812b\ws2812b.o
                               0x1762 (size before relaxing)

.comment        0x00000000       0xea
 .comment       0x00000000       0x7c Drivers\STM32F4xx_HAL_Driver\Src\stm32f4xx_hal.o
                                 0x7d (size before relaxing)
 .comment       0x0000007c       0x7d Drivers\STM32F4xx_HAL_Driver\Src\stm32f4xx_hal_cortex.o
 .comment       0x0000007c       0x7d Drivers\STM32F4xx_HAL_Driver\Src\stm32f4xx_hal_dma.o
 .comment       0x0000007c       0x7d Drivers\STM32F4xx_HAL_Driver\Src\stm32f4xx_hal_gpio.o
 .comment       0x0000007c       0x7d Drivers\STM32F4xx_HAL_Driver\Src\stm32f4xx_hal_i2s.o
 .comment       0x0000007c       0x7d Drivers\STM32F4xx_HAL_Driver\Src\stm32f4xx_hal_i2s_ex.o
 .comment       0x0000007c       0x7d Drivers\STM32F4xx_HAL_Driver\Src\stm32f4xx_hal_rcc.o
 .comment       0x0000007c       0x7d Drivers\STM32F4xx_HAL_Driver\Src\stm32f4xx_hal_rcc_ex.o
 .comment       0x0000007c       0x7d Drivers\STM32F4xx_HAL_Driver\Src\stm32f4xx_hal_tim.o
 .comment       0x0000007c       0x7d Drivers\STM32F4xx_HAL_Driver\Src\stm32f4xx_hal_tim_ex.o
 .comment       0x0000007c       0x7d Src\arm_common_tables.o
 .comment       0x0000007c       0x7d Src\arm_mult_f32.o
 .comment       0x0000007c       0x7d Src\arm_rfft_fast_init_f32.o
 .comment       0x0000007c       0x7d Src\main.o
 .comment       0x0000007c       0x7d Src\stm32f4_discovery.o
 .comment       0x0000007c       0x7d Src\stm32f4_discovery_audio.o
 .comment       0x0000007c       0x7d Src\stm32f4xx_hal_msp.o
 .comment       0x0000007c       0x7d Src\stm32f4xx_it.o
 .comment       0x0000007c       0x7d Src\system_stm32f4xx.o
 .comment       0x0000007c       0x7d Src\visEffect.o
 .comment       0x0000007c       0x7d Src\ws2812b\ws2812b.o
 .comment       0x0000007c       0x6e C:\Users\oli\Documents\f4core\nube\lib\libpdm2pcm_glo.a(pdm_filter.o)
                                 0x6f (size before relaxing)

.debug_frame    0x00000000     0x285c
 .debug_frame   0x00000000      0x1d0 Drivers\STM32F4xx_HAL_Driver\Src\stm32f4xx_hal.o
 .debug_frame   0x000001d0      0x158 Drivers\STM32F4xx_HAL_Driver\Src\stm32f4xx_hal_cortex.o
 .debug_frame   0x00000328      0x150 Drivers\STM32F4xx_HAL_Driver\Src\stm32f4xx_hal_dma.o
 .debug_frame   0x00000478       0xd8 Drivers\STM32F4xx_HAL_Driver\Src\stm32f4xx_hal_gpio.o
 .debug_frame   0x00000550      0x278 Drivers\STM32F4xx_HAL_Driver\Src\stm32f4xx_hal_i2s.o
 .debug_frame   0x000007c8      0x128 Drivers\STM32F4xx_HAL_Driver\Src\stm32f4xx_hal_i2s_ex.o
 .debug_frame   0x000008f0      0x13c Drivers\STM32F4xx_HAL_Driver\Src\stm32f4xx_hal_rcc.o
 .debug_frame   0x00000a2c       0xac Drivers\STM32F4xx_HAL_Driver\Src\stm32f4xx_hal_rcc_ex.o
 .debug_frame   0x00000ad8      0x854 Drivers\STM32F4xx_HAL_Driver\Src\stm32f4xx_hal_tim.o
 .debug_frame   0x0000132c      0x330 Drivers\STM32F4xx_HAL_Driver\Src\stm32f4xx_hal_tim_ex.o
 .debug_frame   0x0000165c       0x30 Src\arm_mult_f32.o
 .debug_frame   0x0000168c       0x20 Src\arm_rfft_fast_init_f32.o
 .debug_frame   0x000016ac      0x220 Src\main.o
 .debug_frame   0x000018cc      0x208 Src\stm32f4_discovery.o
 .debug_frame   0x00001ad4      0x374 Src\stm32f4_discovery_audio.o
 .debug_frame   0x00001e48       0xc8 Src\stm32f4xx_hal_msp.o
 .debug_frame   0x00001f10       0x2c Src\stm32f4xx_it.o
 .debug_frame   0x00001f3c       0x38 Src\system_stm32f4xx.o
 .debug_frame   0x00001f74       0xa8 Src\visEffect.o
 .debug_frame   0x0000201c      0x148 Src\ws2812b\ws2812b.o
 .debug_frame   0x00002164       0x2c c:/program files (x86)/atollic/truestudio for stm32 9.3.0/armtools/bin/../lib/gcc/arm-atollic-eabi/6.3.1/../../../../arm-atollic-eabi/lib/armv7e-m/fpu\libc_nano.a(lib_a-init.o)
 .debug_frame   0x00002190       0x20 c:/program files (x86)/atollic/truestudio for stm32 9.3.0/armtools/bin/../lib/gcc/arm-atollic-eabi/6.3.1/../../../../arm-atollic-eabi/lib/armv7e-m/fpu\libc_nano.a(lib_a-memset.o)
 .debug_frame   0x000021b0       0x2c c:/program files (x86)/atollic/truestudio for stm32 9.3.0/armtools/bin/../lib/gcc/arm-atollic-eabi/6.3.1/../../../../arm-atollic-eabi/lib/armv7e-m/fpu\libm.a(lib_a-s_cos.o)
 .debug_frame   0x000021dc       0x30 c:/program files (x86)/atollic/truestudio for stm32 9.3.0/armtools/bin/../lib/gcc/arm-atollic-eabi/6.3.1/../../../../arm-atollic-eabi/lib/armv7e-m/fpu\libm.a(lib_a-s_round.o)
 .debug_frame   0x0000220c       0x50 c:/program files (x86)/atollic/truestudio for stm32 9.3.0/armtools/bin/../lib/gcc/arm-atollic-eabi/6.3.1/../../../../arm-atollic-eabi/lib/armv7e-m/fpu\libm.a(lib_a-wf_pow.o)
 .debug_frame   0x0000225c       0x40 c:/program files (x86)/atollic/truestudio for stm32 9.3.0/armtools/bin/../lib/gcc/arm-atollic-eabi/6.3.1/../../../../arm-atollic-eabi/lib/armv7e-m/fpu\libm.a(lib_a-e_rem_pio2.o)
 .debug_frame   0x0000229c       0x68 c:/program files (x86)/atollic/truestudio for stm32 9.3.0/armtools/bin/../lib/gcc/arm-atollic-eabi/6.3.1/../../../../arm-atollic-eabi/lib/armv7e-m/fpu\libm.a(lib_a-ef_pow.o)
 .debug_frame   0x00002304       0x2c c:/program files (x86)/atollic/truestudio for stm32 9.3.0/armtools/bin/../lib/gcc/arm-atollic-eabi/6.3.1/../../../../arm-atollic-eabi/lib/armv7e-m/fpu\libm.a(lib_a-ef_sqrt.o)
 .debug_frame   0x00002330       0x40 c:/program files (x86)/atollic/truestudio for stm32 9.3.0/armtools/bin/../lib/gcc/arm-atollic-eabi/6.3.1/../../../../arm-atollic-eabi/lib/armv7e-m/fpu\libm.a(lib_a-k_cos.o)
 .debug_frame   0x00002370       0x54 c:/program files (x86)/atollic/truestudio for stm32 9.3.0/armtools/bin/../lib/gcc/arm-atollic-eabi/6.3.1/../../../../arm-atollic-eabi/lib/armv7e-m/fpu\libm.a(lib_a-k_rem_pio2.o)
 .debug_frame   0x000023c4       0x40 c:/program files (x86)/atollic/truestudio for stm32 9.3.0/armtools/bin/../lib/gcc/arm-atollic-eabi/6.3.1/../../../../arm-atollic-eabi/lib/armv7e-m/fpu\libm.a(lib_a-k_sin.o)
 .debug_frame   0x00002404       0x20 c:/program files (x86)/atollic/truestudio for stm32 9.3.0/armtools/bin/../lib/gcc/arm-atollic-eabi/6.3.1/../../../../arm-atollic-eabi/lib/armv7e-m/fpu\libm.a(lib_a-s_fabs.o)
 .debug_frame   0x00002424       0x30 c:/program files (x86)/atollic/truestudio for stm32 9.3.0/armtools/bin/../lib/gcc/arm-atollic-eabi/6.3.1/../../../../arm-atollic-eabi/lib/armv7e-m/fpu\libm.a(lib_a-s_floor.o)
 .debug_frame   0x00002454       0x20 c:/program files (x86)/atollic/truestudio for stm32 9.3.0/armtools/bin/../lib/gcc/arm-atollic-eabi/6.3.1/../../../../arm-atollic-eabi/lib/armv7e-m/fpu\libm.a(lib_a-s_matherr.o)
 .debug_frame   0x00002474       0x34 c:/program files (x86)/atollic/truestudio for stm32 9.3.0/armtools/bin/../lib/gcc/arm-atollic-eabi/6.3.1/../../../../arm-atollic-eabi/lib/armv7e-m/fpu\libm.a(lib_a-s_rint.o)
 .debug_frame   0x000024a8       0x2c c:/program files (x86)/atollic/truestudio for stm32 9.3.0/armtools/bin/../lib/gcc/arm-atollic-eabi/6.3.1/../../../../arm-atollic-eabi/lib/armv7e-m/fpu\libm.a(lib_a-s_scalbn.o)
 .debug_frame   0x000024d4       0x20 c:/program files (x86)/atollic/truestudio for stm32 9.3.0/armtools/bin/../lib/gcc/arm-atollic-eabi/6.3.1/../../../../arm-atollic-eabi/lib/armv7e-m/fpu\libm.a(lib_a-sf_fabs.o)
 .debug_frame   0x000024f4       0x20 c:/program files (x86)/atollic/truestudio for stm32 9.3.0/armtools/bin/../lib/gcc/arm-atollic-eabi/6.3.1/../../../../arm-atollic-eabi/lib/armv7e-m/fpu\libm.a(lib_a-sf_finite.o)
 .debug_frame   0x00002514       0x20 c:/program files (x86)/atollic/truestudio for stm32 9.3.0/armtools/bin/../lib/gcc/arm-atollic-eabi/6.3.1/../../../../arm-atollic-eabi/lib/armv7e-m/fpu\libm.a(lib_a-sf_nan.o)
 .debug_frame   0x00002534       0x3c c:/program files (x86)/atollic/truestudio for stm32 9.3.0/armtools/bin/../lib/gcc/arm-atollic-eabi/6.3.1/../../../../arm-atollic-eabi/lib/armv7e-m/fpu\libm.a(lib_a-sf_scalbn.o)
 .debug_frame   0x00002570       0x20 c:/program files (x86)/atollic/truestudio for stm32 9.3.0/armtools/bin/../lib/gcc/arm-atollic-eabi/6.3.1/../../../../arm-atollic-eabi/lib/armv7e-m/fpu\libm.a(lib_a-s_copysign.o)
 .debug_frame   0x00002590       0x20 c:/program files (x86)/atollic/truestudio for stm32 9.3.0/armtools/bin/../lib/gcc/arm-atollic-eabi/6.3.1/../../../../arm-atollic-eabi/lib/armv7e-m/fpu\libm.a(lib_a-sf_copysign.o)
 .debug_frame   0x000025b0       0x20 c:/program files (x86)/atollic/truestudio for stm32 9.3.0/armtools/bin/../lib/gcc/arm-atollic-eabi/6.3.1/../../../../arm-atollic-eabi/lib/armv7e-m/fpu\libc_nano.a(lib_a-errno.o)
 .debug_frame   0x000025d0       0xac c:/program files (x86)/atollic/truestudio for stm32 9.3.0/armtools/bin/../lib/gcc/arm-atollic-eabi/6.3.1/armv7e-m/fpu\libgcc.a(_arm_addsubdf3.o)
 .debug_frame   0x0000267c       0x50 c:/program files (x86)/atollic/truestudio for stm32 9.3.0/armtools/bin/../lib/gcc/arm-atollic-eabi/6.3.1/armv7e-m/fpu\libgcc.a(_arm_muldivdf3.o)
 .debug_frame   0x000026cc       0xc4 c:/program files (x86)/atollic/truestudio for stm32 9.3.0/armtools/bin/../lib/gcc/arm-atollic-eabi/6.3.1/armv7e-m/fpu\libgcc.a(_arm_cmpdf2.o)
 .debug_frame   0x00002790       0x24 c:/program files (x86)/atollic/truestudio for stm32 9.3.0/armtools/bin/../lib/gcc/arm-atollic-eabi/6.3.1/armv7e-m/fpu\libgcc.a(_arm_fixdfsi.o)
 .debug_frame   0x000027b4       0x24 c:/program files (x86)/atollic/truestudio for stm32 9.3.0/armtools/bin/../lib/gcc/arm-atollic-eabi/6.3.1/armv7e-m/fpu\libgcc.a(_arm_fixunsdfsi.o)
 .debug_frame   0x000027d8       0x24 c:/program files (x86)/atollic/truestudio for stm32 9.3.0/armtools/bin/../lib/gcc/arm-atollic-eabi/6.3.1/armv7e-m/fpu\libgcc.a(_arm_truncdfsf2.o)
 .debug_frame   0x000027fc       0x2c c:/program files (x86)/atollic/truestudio for stm32 9.3.0/armtools/bin/../lib/gcc/arm-atollic-eabi/6.3.1/armv7e-m/fpu\libgcc.a(_aeabi_uldivmod.o)
 .debug_frame   0x00002828       0x34 c:/program files (x86)/atollic/truestudio for stm32 9.3.0/armtools/bin/../lib/gcc/arm-atollic-eabi/6.3.1/armv7e-m/fpu\libgcc.a(_udivmoddi4.o)
