Archive member included to satisfy reference by file (symbol)

C:\Users\oli\Documents\f4core\nube\lib\libarm_cortexM4f_math.a(arm_cfft_f32.o)
                              Src\arm_rfft_fast_f32.o (arm_cfft_f32)
C:\Users\oli\Documents\f4core\nube\lib\libarm_cortexM4f_math.a(arm_bitreversal.o)
                              Src\arm_cfft_radix2_f32.o (arm_bitreversal_f32)
C:\Users\oli\Documents\f4core\nube\lib\libarm_cortexM4f_math.a(arm_bitreversal2.o)
                              C:\Users\oli\Documents\f4core\nube\lib\libarm_cortexM4f_math.a(arm_cfft_f32.o) (arm_bitreversal_32)
C:\Users\oli\Documents\f4core\nube\lib\libpdm2pcm_glo.a(pdm_filter.o)
                              Src\stm32f4_discovery_audio.o (PDM_Filter_Init)
c:/program files (x86)/atollic/truestudio for stm32 9.3.0/armtools/bin/../lib/gcc/arm-atollic-eabi/6.3.1/../../../../arm-atollic-eabi/lib/armv7e-m/fpu\libc_nano.a(lib_a-errno.o)
                              Src\syscalls.o (__errno)
c:/program files (x86)/atollic/truestudio for stm32 9.3.0/armtools/bin/../lib/gcc/arm-atollic-eabi/6.3.1/../../../../arm-atollic-eabi/lib/armv7e-m/fpu\libc_nano.a(lib_a-impure.o)
                              c:/program files (x86)/atollic/truestudio for stm32 9.3.0/armtools/bin/../lib/gcc/arm-atollic-eabi/6.3.1/../../../../arm-atollic-eabi/lib/armv7e-m/fpu\libc_nano.a(lib_a-errno.o) (_impure_ptr)
c:/program files (x86)/atollic/truestudio for stm32 9.3.0/armtools/bin/../lib/gcc/arm-atollic-eabi/6.3.1/../../../../arm-atollic-eabi/lib/armv7e-m/fpu\libc_nano.a(lib_a-init.o)
                              startup\startup_stm32f407xx.o (__libc_init_array)
c:/program files (x86)/atollic/truestudio for stm32 9.3.0/armtools/bin/../lib/gcc/arm-atollic-eabi/6.3.1/../../../../arm-atollic-eabi/lib/armv7e-m/fpu\libc_nano.a(lib_a-memset.o)
                              Src\arm_fir_init_f32.o (memset)
c:/program files (x86)/atollic/truestudio for stm32 9.3.0/armtools/bin/../lib/gcc/arm-atollic-eabi/6.3.1/../../../../arm-atollic-eabi/lib/armv7e-m/fpu\libm.a(lib_a-s_atan.o)
                              Src\visEffect.o (atan)
c:/program files (x86)/atollic/truestudio for stm32 9.3.0/armtools/bin/../lib/gcc/arm-atollic-eabi/6.3.1/../../../../arm-atollic-eabi/lib/armv7e-m/fpu\libm.a(lib_a-s_cos.o)
                              Src\main.o (cos)
c:/program files (x86)/atollic/truestudio for stm32 9.3.0/armtools/bin/../lib/gcc/arm-atollic-eabi/6.3.1/../../../../arm-atollic-eabi/lib/armv7e-m/fpu\libm.a(lib_a-s_fabs.o)
                              c:/program files (x86)/atollic/truestudio for stm32 9.3.0/armtools/bin/../lib/gcc/arm-atollic-eabi/6.3.1/../../../../arm-atollic-eabi/lib/armv7e-m/fpu\libm.a(lib_a-s_atan.o) (fabs)
c:/program files (x86)/atollic/truestudio for stm32 9.3.0/armtools/bin/../lib/gcc/arm-atollic-eabi/6.3.1/../../../../arm-atollic-eabi/lib/armv7e-m/fpu\libm.a(lib_a-s_round.o)
                              C:\Users\oli\Documents\f4core\nube\lib\libpdm2pcm_glo.a(pdm_filter.o) (round)
c:/program files (x86)/atollic/truestudio for stm32 9.3.0/armtools/bin/../lib/gcc/arm-atollic-eabi/6.3.1/../../../../arm-atollic-eabi/lib/armv7e-m/fpu\libm.a(lib_a-wf_pow.o)
                              C:\Users\oli\Documents\f4core\nube\lib\libpdm2pcm_glo.a(pdm_filter.o) (powf)
c:/program files (x86)/atollic/truestudio for stm32 9.3.0/armtools/bin/../lib/gcc/arm-atollic-eabi/6.3.1/../../../../arm-atollic-eabi/lib/armv7e-m/fpu\libm.a(lib_a-wf_sqrt.o)
                              Src\arm_cmplx_mag_f32.o (sqrtf)
c:/program files (x86)/atollic/truestudio for stm32 9.3.0/armtools/bin/../lib/gcc/arm-atollic-eabi/6.3.1/../../../../arm-atollic-eabi/lib/armv7e-m/fpu\libm.a(lib_a-e_rem_pio2.o)
                              c:/program files (x86)/atollic/truestudio for stm32 9.3.0/armtools/bin/../lib/gcc/arm-atollic-eabi/6.3.1/../../../../arm-atollic-eabi/lib/armv7e-m/fpu\libm.a(lib_a-s_cos.o) (__ieee754_rem_pio2)
c:/program files (x86)/atollic/truestudio for stm32 9.3.0/armtools/bin/../lib/gcc/arm-atollic-eabi/6.3.1/../../../../arm-atollic-eabi/lib/armv7e-m/fpu\libm.a(lib_a-ef_pow.o)
                              c:/program files (x86)/atollic/truestudio for stm32 9.3.0/armtools/bin/../lib/gcc/arm-atollic-eabi/6.3.1/../../../../arm-atollic-eabi/lib/armv7e-m/fpu\libm.a(lib_a-wf_pow.o) (__ieee754_powf)
c:/program files (x86)/atollic/truestudio for stm32 9.3.0/armtools/bin/../lib/gcc/arm-atollic-eabi/6.3.1/../../../../arm-atollic-eabi/lib/armv7e-m/fpu\libm.a(lib_a-ef_sqrt.o)
                              c:/program files (x86)/atollic/truestudio for stm32 9.3.0/armtools/bin/../lib/gcc/arm-atollic-eabi/6.3.1/../../../../arm-atollic-eabi/lib/armv7e-m/fpu\libm.a(lib_a-wf_sqrt.o) (__ieee754_sqrtf)
c:/program files (x86)/atollic/truestudio for stm32 9.3.0/armtools/bin/../lib/gcc/arm-atollic-eabi/6.3.1/../../../../arm-atollic-eabi/lib/armv7e-m/fpu\libm.a(lib_a-k_cos.o)
[...]
Memory Configuration

Name             Origin             Length             Attributes
RAM              0x20000000         0x00020000         xrw
CCMRAM           0x10000000         0x00010000         rw
FLASH            0x08000000         0x00100000         xr
*default*        0x00000000         0xffffffff

Linker script and memory map

LOAD c:/program files (x86)/atollic/truestudio for stm32 9.3.0/armtools/bin/../lib/gcc/arm-atollic-eabi/6.3.1/armv7e-m/fpu/crti.o
LOAD c:/program files (x86)/atollic/truestudio for stm32 9.3.0/armtools/bin/../lib/gcc/arm-atollic-eabi/6.3.1/armv7e-m/fpu/crtbegin.o
LOAD Drivers\Components\cs43l22\cs43l22.o
LOAD Drivers\Components\exc7200\exc7200.o
LOAD Drivers\Components\ft6x06\ft6x06.o
LOAD Drivers\Components\ili9325\ili9325.o
LOAD Drivers\Components\ili9341\ili9341.o
LOAD Drivers\Components\l3gd20\l3gd20.o
LOAD Drivers\Components\lis302dl\lis302dl.o
LOAD Drivers\Components\lis3dsh\lis3dsh.o
LOAD Drivers\Components\ls016b8uy\ls016b8uy.o
LOAD Drivers\Components\lsm303dlhc\lsm303dlhc.o
LOAD Drivers\Components\mfxstm32l152\mfxstm32l152.o
LOAD Drivers\Components\otm8009a\otm8009a.o
LOAD Drivers\Components\ov2640\ov2640.o
LOAD Drivers\Components\s5k5cag\s5k5cag.o
LOAD Drivers\Components\st7735\st7735.o
LOAD Drivers\Components\st7789h2\st7789h2.o
LOAD Drivers\Components\stmpe1600\stmpe1600.o
LOAD Drivers\Components\stmpe811\stmpe811.o
LOAD Drivers\Components\ts3510\ts3510.o
LOAD Drivers\Components\wm8994\wm8994.o
LOAD Drivers\STM32F4xx_HAL_Driver\Src\stm32f4xx_hal.o
LOAD Drivers\STM32F4xx_HAL_Driver\Src\stm32f4xx_hal_cortex.o
LOAD Drivers\STM32F4xx_HAL_Driver\Src\stm32f4xx_hal_dma.o
LOAD Drivers\STM32F4xx_HAL_Driver\Src\stm32f4xx_hal_dma2d.o
LOAD Drivers\STM32F4xx_HAL_Driver\Src\stm32f4xx_hal_dma_ex.o
LOAD Drivers\STM32F4xx_HAL_Driver\Src\stm32f4xx_hal_flash.o
LOAD Drivers\STM32F4xx_HAL_Driver\Src\stm32f4xx_hal_flash_ex.o
LOAD Drivers\STM32F4xx_HAL_Driver\Src\stm32f4xx_hal_flash_ramfunc.o
LOAD Drivers\STM32F4xx_HAL_Driver\Src\stm32f4xx_hal_gpio.o
LOAD Drivers\STM32F4xx_HAL_Driver\Src\stm32f4xx_hal_hcd.o
LOAD Drivers\STM32F4xx_HAL_Driver\Src\stm32f4xx_hal_i2c.o
LOAD Drivers\STM32F4xx_HAL_Driver\Src\stm32f4xx_hal_i2c_ex.o
LOAD Drivers\STM32F4xx_HAL_Driver\Src\stm32f4xx_hal_i2s.o
LOAD Drivers\STM32F4xx_HAL_Driver\Src\stm32f4xx_hal_i2s_ex.o
LOAD Drivers\STM32F4xx_HAL_Driver\Src\stm32f4xx_hal_pwr.o
LOAD Drivers\STM32F4xx_HAL_Driver\Src\stm32f4xx_hal_pwr_ex.o
LOAD Drivers\STM32F4xx_HAL_Driver\Src\stm32f4xx_hal_rcc.o
LOAD Drivers\STM32F4xx_HAL_Driver\Src\stm32f4xx_hal_rcc_ex.o
LOAD Drivers\STM32F4xx_HAL_Driver\Src\stm32f4xx_hal_spi.o
LOAD Drivers\STM32F4xx_HAL_Driver\Src\stm32f4xx_hal_tim.o
LOAD Drivers\STM32F4xx_HAL_Driver\Src\stm32f4xx_hal_tim_ex.o
LOAD Drivers\STM32F4xx_HAL_Driver\Src\stm32f4xx_ll_usb.o
LOAD Src\arm_cfft_radix2_f32.o
LOAD Src\arm_cfft_radix4_f32.o
LOAD Src\arm_cfft_radix4_init_f32.o
LOAD Src\arm_cfft_radix8_f32.o
LOAD Src\arm_cmplx_mag_f32.o
LOAD Src\arm_cmplx_mag_squared_f32.o
LOAD Src\arm_common_tables.o
LOAD Src\arm_const_structs.o
LOAD Src\arm_fft_bin_data.o
LOAD Src\arm_fir_f32.o
LOAD Src\arm_fir_init_f32.o
LOAD Src\arm_iir_lattice_f32.o
LOAD Src\arm_iir_lattice_init_f32.o
LOAD Src\arm_max_f32.o
LOAD Src\arm_min_f32.o
LOAD Src\arm_mult_f32.o
LOAD Src\arm_rfft_f32.o
LOAD Src\arm_rfft_fast_f32.o
LOAD Src\arm_rfft_fast_init_f32.o
LOAD Src\arm_rfft_init_f32.o
LOAD Src\main.o
LOAD Src\stm32f4_discovery.o
LOAD Src\stm32f4_discovery_audio.o
LOAD Src\stm32f4xx_hal_msp.o
LOAD Src\stm32f4xx_it.o
LOAD Src\syscalls.o
LOAD Src\system_stm32f4xx.o
LOAD Src\visEffect.o
LOAD Src\ws2812b\ws2812b.o
LOAD startup\startup_stm32f407xx.o
LOAD C:\Users\oli\Documents\f4core\nube\lib\libarm_cortexM4f_math.a
LOAD C:\Users\oli\Documents\f4core\nube\lib\libpdm2pcm_glo.a
                0x00001000                malloc_getpagesize_P = 0x1000
START GROUP
LOAD c:/program files (x86)/atollic/truestudio for stm32 9.3.0/armtools/bin/../lib/gcc/arm-atollic-eabi/6.3.1/../../../../arm-atollic-eabi/lib/armv7e-m/fpu\libc_nano.a
LOAD c:/program files (x86)/atollic/truestudio for stm32 9.3.0/armtools/bin/../lib/gcc/arm-atollic-eabi/6.3.1/../../../../arm-atollic-eabi/lib/armv7e-m/fpu\libm.a
END GROUP
START GROUP
LOAD c:/program files (x86)/atollic/truestudio for stm32 9.3.0/armtools/bin/../lib/gcc/arm-atollic-eabi/6.3.1/armv7e-m/fpu\libgcc.a
LOAD c:/program files (x86)/atollic/truestudio for stm32 9.3.0/armtools/bin/../lib/gcc/arm-atollic-eabi/6.3.1/../../../../arm-atollic-eabi/lib/armv7e-m/fpu\libc_nano.a
END GROUP
START GROUP
LOAD c:/program files (x86)/atollic/truestudio for stm32 9.3.0/armtools/bin/../lib/gcc/arm-atollic-eabi/6.3.1/armv7e-m/fpu\libgcc.a
LOAD c:/program files (x86)/atollic/truestudio for stm32 9.3.0/armtools/bin/../lib/gcc/arm-atollic-eabi/6.3.1/../../../../arm-atollic-eabi/lib/armv7e-m/fpu\libc_nano.a
LOAD c:/program files (x86)/atollic/truestudio for stm32 9.3.0/armtools/bin/../lib/gcc/arm-atollic-eabi/6.3.1/../../../../arm-atollic-eabi/lib/armv7e-m/fpu\libnosys.a
END GROUP
START GROUP
LOAD c:/program files (x86)/atollic/truestudio for stm32 9.3.0/armtools/bin/../lib/gcc/arm-atollic-eabi/6.3.1/armv7e-m/fpu\libgcc.a
LOAD c:/program files (x86)/atollic/truestudio for stm32 9.3.0/armtools/bin/../lib/gcc/arm-atollic-eabi/6.3.1/../../../../arm-atollic-eabi/lib/armv7e-m/fpu\libc_nano.a
LOAD c:/program files (x86)/atollic/truestudio for stm32 9.3.0/armtools/bin/../lib/gcc/arm-atollic-eabi/6.3.1/../../../../arm-atollic-eabi/lib/armv7e-m/fpu\libnosys.a
END GROUP
LOAD c:/program files (x86)/atollic/truestudio for stm32 9.3.0/armtools/bin/../lib/gcc/arm-atollic-eabi/6.3.1/armv7e-m/fpu/crtend.o
LOAD c:/program files (x86)/atollic/truestudio for stm32 9.3.0/armtools/bin/../lib/gcc/arm-atollic-eabi/6.3.1/armv7e-m/fpu/crtn.o
                0x20020000                _estack = 0x20020000
                0x00000200                _Min_Heap_Size = 0x200
                0x00000400                _Min_Stack_Size = 0x400

.isr_vector     0x08000000      0x188
                0x08000000                . = ALIGN (0x4)
 *(.isr_vector)
 .isr_vector    0x08000000      0x188 startup\startup_stm32f407xx.o
                0x08000000                g_pfnVectors
                0x08000188                . = ALIGN (0x4)

.text           0x08000188     0x9020
                0x08000188                . = ALIGN (0x4)
 *(.text)
 .text          0x08000188       0x40 c:/program files (x86)/atollic/truestudio for stm32 9.3.0/armtools/bin/../lib/gcc/arm-atollic-eabi/6.3.1/armv7e-m/fpu/crtbegin.o
 .text          0x080001c8       0xc0 C:\Users\oli\Documents\f4core\nube\lib\libarm_cortexM4f_math.a(arm_bitreversal2.o)
                0x080001c8                arm_bitreversal_32
                0x08000232                arm_bitreversal_16
 .text          0x08000288      0x370 c:/program files (x86)/atollic/truestudio for stm32 9.3.0/armtools/bin/../lib/gcc/arm-atollic-eabi/6.3.1/armv7e-m/fpu\libgcc.a(_arm_addsubdf3.o)
                0x08000288                __aeabi_drsub
                0x08000290                __aeabi_dsub
                0x08000290                __subdf3
                0x08000294                __aeabi_dadd
                0x08000294                __adddf3
                0x0800050c                __floatunsidf
                0x0800050c                __aeabi_ui2d
                0x0800052c                __floatsidf
                0x0800052c                __aeabi_i2d
                0x08000550                __aeabi_f2d
                0x08000550                __extendsfdf2
                0x0800058c                __floatundidf
                0x0800058c                __aeabi_ul2d
                0x0800059c                __floatdidf
                0x0800059c                __aeabi_l2d
 .text          0x080005f8      0x424 c:/program files (x86)/atollic/truestudio for stm32 9.3.0/armtools/bin/../lib/gcc/arm-atollic-eabi/6.3.1/armv7e-m/fpu\libgcc.a(_arm_muldivdf3.o)
                0x080005f8                __aeabi_dmul
                0x080005f8                __muldf3
                0x0800084c                __divdf3
                0x0800084c                __aeabi_ddiv
 .text          0x08000a1c      0x110 c:/program files (x86)/atollic/truestudio for stm32 9.3.0/armtools/bin/../lib/gcc/arm-atollic-eabi/6.3.1/armv7e-m/fpu\libgcc.a(_arm_cmpdf2.o)
                0x08000a1c                __gtdf2
                0x08000a1c                __gedf2
                0x08000a24                __ltdf2
                0x08000a24                __ledf2
                0x08000a2c                __nedf2
                0x08000a2c                __eqdf2
                0x08000a2c                __cmpdf2
                0x08000aa8                __aeabi_cdrcmple
                0x08000ab8                __aeabi_cdcmpeq
                0x08000ab8                __aeabi_cdcmple
                0x08000ac8                __aeabi_dcmpeq
                0x08000adc                __aeabi_dcmplt
                0x08000af0                __aeabi_dcmple
                0x08000b04                __aeabi_dcmpge
                0x08000b18                __aeabi_dcmpgt
 .text          0x08000b2c       0x50 c:/program files (x86)/atollic/truestudio for stm32 9.3.0/armtools/bin/../lib/gcc/arm-atollic-eabi/6.3.1/armv7e-m/fpu\libgcc.a(_arm_fixdfsi.o)
                0x08000b2c                __aeabi_d2iz
                0x08000b2c                __fixdfsi
 .text          0x08000b7c       0x40 c:/program files (x86)/atollic/truestudio for stm32 9.3.0/armtools/bin/../lib/gcc/arm-atollic-eabi/6.3.1/armv7e-m/fpu\libgcc.a(_arm_fixunsdfsi.o)
                0x08000b7c                __aeabi_d2uiz
                0x08000b7c                __fixunsdfsi
 .text          0x08000bbc       0xa0 c:/program files (x86)/atollic/truestudio for stm32 9.3.0/armtools/bin/../lib/gcc/arm-atollic-eabi/6.3.1/armv7e-m/fpu\libgcc.a(_arm_truncdfsf2.o)
                0x08000bbc                __truncdfsf2
                0x08000bbc                __aeabi_d2f
 .text          0x08000c5c       0x30 c:/program files (x86)/atollic/truestudio for stm32 9.3.0/armtools/bin/../lib/gcc/arm-atollic-eabi/6.3.1/armv7e-m/fpu\libgcc.a(_aeabi_uldivmod.o)
                0x08000c5c                __aeabi_uldivmod
 .text          0x08000c8c      0x2dc c:/program files (x86)/atollic/truestudio for stm32 9.3.0/armtools/bin/../lib/gcc/arm-atollic-eabi/6.3.1/armv7e-m/fpu\libgcc.a(_udivmoddi4.o)
                0x08000c8c                __udivmoddi4
 .text          0x08000f68        0x4 c:/program files (x86)/atollic/truestudio for stm32 9.3.0/armtools/bin/../lib/gcc/arm-atollic-eabi/6.3.1/armv7e-m/fpu\libgcc.a(_dvmd_tls.o)
                0x08000f68                __aeabi_idiv0
                0x08000f68                __aeabi_ldiv0
 *(.text*)
 .text.HAL_InitTick
                0x08000f6c       0x4c Drivers\STM32F4xx_HAL_Driver\Src\stm32f4xx_hal.o
                0x08000f6c                HAL_InitTick
 .text.HAL_Init
                0x08000fb8       0x34 Drivers\STM32F4xx_HAL_Driver\Src\stm32f4xx_hal.o
                0x08000fb8                HAL_Init
 .text.HAL_IncTick
                0x08000fec       0x18 Drivers\STM32F4xx_HAL_Driver\Src\stm32f4xx_hal.o
                0x08000fec                HAL_IncTick
 .text.HAL_GetTick
                0x08001004        0xc Drivers\STM32F4xx_HAL_Driver\Src\stm32f4xx_hal.o
                0x08001004                HAL_GetTick
 .text.HAL_NVIC_SetPriorityGrouping
                0x08001010       0x24 Drivers\STM32F4xx_HAL_Driver\Src\stm32f4xx_hal_cortex.o
                0x08001010                HAL_NVIC_SetPriorityGrouping
 .text.HAL_NVIC_SetPriority
                0x08001034       0x64 Drivers\STM32F4xx_HAL_Driver\Src\stm32f4xx_hal_cortex.o
                0x08001034                HAL_NVIC_SetPriority
 .text.HAL_NVIC_EnableIRQ
                0x08001098       0x18 Drivers\STM32F4xx_HAL_Driver\Src\stm32f4xx_hal_cortex.o
                0x08001098                HAL_NVIC_EnableIRQ
 .text.HAL_SYSTICK_Config
                0x080010b0       0x2c Drivers\STM32F4xx_HAL_Driver\Src\stm32f4xx_hal_cortex.o
                0x080010b0                HAL_SYSTICK_Config
 .text.HAL_SYSTICK_CLKSourceConfig
                0x080010dc       0x20 Drivers\STM32F4xx_HAL_Driver\Src\stm32f4xx_hal_cortex.o
                0x080010dc                HAL_SYSTICK_CLKSourceConfig
 .text.HAL_SYSTICK_Callback
                0x080010fc        0x2 Drivers\STM32F4xx_HAL_Driver\Src\stm32f4xx_hal_cortex.o
                0x080010fc                HAL_SYSTICK_Callback
 .text.HAL_SYSTICK_IRQHandler
                0x080010fe        0x8 Drivers\STM32F4xx_HAL_Driver\Src\stm32f4xx_hal_cortex.o
                0x080010fe                HAL_SYSTICK_IRQHandler
 .text.DMA_SetConfig
                0x08001106       0x2c Drivers\STM32F4xx_HAL_Driver\Src\stm32f4xx_hal_dma.o
 *fill*         0x08001132        0x2 
 .text.DMA_CalcBaseAndBitshift
                0x08001134       0x3c Drivers\STM32F4xx_HAL_Driver\Src\stm32f4xx_hal_dma.o
 .text.DMA_CheckFifoParam
                0x08001170       0x8e Drivers\STM32F4xx_HAL_Driver\Src\stm32f4xx_hal_dma.o
 *fill*         0x080011fe        0x2 
 .text.HAL_DMA_Init
                0x08001200       0xd0 Drivers\STM32F4xx_HAL_Driver\Src\stm32f4xx_hal_dma.o
                0x08001200                HAL_DMA_Init
 .text.HAL_DMA_DeInit
                0x080012d0       0x58 Drivers\STM32F4xx_HAL_Driver\Src\stm32f4xx_hal_dma.o
                0x080012d0                HAL_DMA_DeInit
 .text.HAL_DMA_Start
                0x08001328       0x48 Drivers\STM32F4xx_HAL_Driver\Src\stm32f4xx_hal_dma.o
                0x08001328                HAL_DMA_Start
 .text.HAL_DMA_Start_IT
                0x08001370       0x74 Drivers\STM32F4xx_HAL_Driver\Src\stm32f4xx_hal_dma.o
                0x08001370                HAL_DMA_Start_IT
 .text.HAL_DMA_IRQHandler
                0x080013e4      0x1dc Drivers\STM32F4xx_HAL_Driver\Src\stm32f4xx_hal_dma.o
                0x080013e4                HAL_DMA_IRQHandler
 .text.HAL_GPIO_Init
                0x080015c0      0x1cc Drivers\STM32F4xx_HAL_Driver\Src\stm32f4xx_hal_gpio.o
                0x080015c0                HAL_GPIO_Init
 .text.HAL_GPIO_WritePin
                0x0800178c        0xc Drivers\STM32F4xx_HAL_Driver\Src\stm32f4xx_hal_gpio.o
                0x0800178c                HAL_GPIO_WritePin
 .text.HAL_GPIO_TogglePin
                0x08001798        0x8 Drivers\STM32F4xx_HAL_Driver\Src\stm32f4xx_hal_gpio.o
                0x08001798                HAL_GPIO_TogglePin
 .text.HAL_I2S_Receive_DMA
                0x080017a0       0xdc Drivers\STM32F4xx_HAL_Driver\Src\stm32f4xx_hal_i2s.o
                0x080017a0                HAL_I2S_Receive_DMA
 .text.I2S_Transmit_IT
                0x0800187c       0x3a Drivers\STM32F4xx_HAL_Driver\Src\stm32f4xx_hal_i2s.o
 .text.I2S_DMARxHalfCplt
                0x080018b6        0xa Drivers\STM32F4xx_HAL_Driver\Src\stm32f4xx_hal_i2s.o
 .text.I2S_Receive_IT
                0x080018c0       0x3a Drivers\STM32F4xx_HAL_Driver\Src\stm32f4xx_hal_i2s.o
 .text.I2S_DMARxCplt
                0x080018fa       0x2a Drivers\STM32F4xx_HAL_Driver\Src\stm32f4xx_hal_i2s.o
 .text.HAL_I2S_Init
                0x08001924      0x194 Drivers\STM32F4xx_HAL_Driver\Src\stm32f4xx_hal_i2s.o
                0x08001924                HAL_I2S_Init
 .text.I2S_IRQHandler
                0x08001ab8       0xd8 Drivers\STM32F4xx_HAL_Driver\Src\stm32f4xx_hal_i2s.o
 .text.I2S_DMAError
                0x08001b90       0x28 Drivers\STM32F4xx_HAL_Driver\Src\stm32f4xx_hal_i2s.o
 .text.HAL_I2S_GetState
                0x08001bb8        0x6 Drivers\STM32F4xx_HAL_Driver\Src\stm32f4xx_hal_i2s.o
                0x08001bb8                HAL_I2S_GetState
 .text.HAL_I2SEx_TxRxCpltCallback
                0x08001bbe        0x2 Drivers\STM32F4xx_HAL_Driver\Src\stm32f4xx_hal_i2s_ex.o
                0x08001bbe                HAL_I2SEx_TxRxCpltCallback
 .text.I2SEx_FullDuplexTx_IT
                0x08001bc0       0xa4 Drivers\STM32F4xx_HAL_Driver\Src\stm32f4xx_hal_i2s_ex.o
 .text.I2SEx_FullDuplexRx_IT
                0x08001c64       0xa4 Drivers\STM32F4xx_HAL_Driver\Src\stm32f4xx_hal_i2s_ex.o
 .text.HAL_I2SEx_FullDuplex_IRQHandler
                0x08001d08      0x208 Drivers\STM32F4xx_HAL_Driver\Src\stm32f4xx_hal_i2s_ex.o
                0x08001d08                HAL_I2SEx_FullDuplex_IRQHandler
 .text.HAL_RCC_OscConfig
                0x08001f10      0x398 Drivers\STM32F4xx_HAL_Driver\Src\stm32f4xx_hal_rcc.o
                0x08001f10                HAL_RCC_OscConfig
 .text.HAL_RCC_GetSysClockFreq
                0x080022a8       0xa4 Drivers\STM32F4xx_HAL_Driver\Src\stm32f4xx_hal_rcc.o
                0x080022a8                HAL_RCC_GetSysClockFreq
 .text.HAL_RCC_ClockConfig
                0x0800234c      0x158 Drivers\STM32F4xx_HAL_Driver\Src\stm32f4xx_hal_rcc.o
                0x0800234c                HAL_RCC_ClockConfig
 .text.HAL_RCC_GetHCLKFreq
                0x080024a4        0xc Drivers\STM32F4xx_HAL_Driver\Src\stm32f4xx_hal_rcc.o
                0x080024a4                HAL_RCC_GetHCLKFreq
 .text.HAL_RCCEx_PeriphCLKConfig
                0x080024b0      0x154 Drivers\STM32F4xx_HAL_Driver\Src\stm32f4xx_hal_rcc_ex.o
                0x080024b0                HAL_RCCEx_PeriphCLKConfig
 .text.HAL_RCCEx_GetPeriphCLKConfig
                0x08002604       0x30 Drivers\STM32F4xx_HAL_Driver\Src\stm32f4xx_hal_rcc_ex.o
                0x08002604                HAL_RCCEx_GetPeriphCLKConfig
 .text.HAL_RCCEx_GetPeriphCLKFreq
                0x08002634       0x74 Drivers\STM32F4xx_HAL_Driver\Src\stm32f4xx_hal_rcc_ex.o
                0x08002634                HAL_RCCEx_GetPeriphCLKFreq
 .text.TIM_OC1_SetConfig
                0x080026a8       0x64 Drivers\STM32F4xx_HAL_Driver\Src\stm32f4xx_hal_tim.o
 .text.TIM_OC3_SetConfig
                0x0800270c       0x6c Drivers\STM32F4xx_HAL_Driver\Src\stm32f4xx_hal_tim.o
 .text.TIM_OC4_SetConfig
                0x08002778       0x5c Drivers\STM32F4xx_HAL_Driver\Src\stm32f4xx_hal_tim.o
 .text.HAL_TIM_Base_MspInit
                0x080027d4        0x2 Drivers\STM32F4xx_HAL_Driver\Src\stm32f4xx_hal_tim.o
                0x080027d4                HAL_TIM_Base_MspInit
 .text.HAL_TIM_Base_Start
                0x080027d6       0x1a Drivers\STM32F4xx_HAL_Driver\Src\stm32f4xx_hal_tim.o
                0x080027d6                HAL_TIM_Base_Start
 .text.HAL_TIM_Base_Start_IT
                0x080027f0       0x18 Drivers\STM32F4xx_HAL_Driver\Src\stm32f4xx_hal_tim.o
                0x080027f0                HAL_TIM_Base_Start_IT
 .text.HAL_TIM_PWM_MspInit
                0x08002808        0x2 Drivers\STM32F4xx_HAL_Driver\Src\stm32f4xx_hal_tim.o
                0x08002808                HAL_TIM_PWM_MspInit
 .text.HAL_TIM_OC_DelayElapsedCallback
                0x0800280a        0x2 Drivers\STM32F4xx_HAL_Driver\Src\stm32f4xx_hal_tim.o
                0x0800280a                HAL_TIM_OC_DelayElapsedCallback
 .text.HAL_TIM_IC_CaptureCallback
                0x0800280c        0x2 Drivers\STM32F4xx_HAL_Driver\Src\stm32f4xx_hal_tim.o
                0x0800280c                HAL_TIM_IC_CaptureCallback
 .text.HAL_TIM_PWM_PulseFinishedCallback
                0x0800280e        0x2 Drivers\STM32F4xx_HAL_Driver\Src\stm32f4xx_hal_tim.o
                0x0800280e                HAL_TIM_PWM_PulseFinishedCallback
 .text.HAL_TIM_TriggerCallback
                0x08002810        0x2 Drivers\STM32F4xx_HAL_Driver\Src\stm32f4xx_hal_tim.o
                0x08002810                HAL_TIM_TriggerCallback
 .text.HAL_TIM_IRQHandler
                0x08002812      0x17a Drivers\STM32F4xx_HAL_Driver\Src\stm32f4xx_hal_tim.o
                0x08002812                HAL_TIM_IRQHandler
 .text.TIM_Base_SetConfig
                0x0800298c      0x11c Drivers\STM32F4xx_HAL_Driver\Src\stm32f4xx_hal_tim.o
                0x0800298c                TIM_Base_SetConfig
 .text.HAL_TIM_Base_Init
                0x08002aa8       0x32 Drivers\STM32F4xx_HAL_Driver\Src\stm32f4xx_hal_tim.o
                0x08002aa8                HAL_TIM_Base_Init
 .text.HAL_TIM_PWM_Init
                0x08002ada       0x32 Drivers\STM32F4xx_HAL_Driver\Src\stm32f4xx_hal_tim.o
                0x08002ada                HAL_TIM_PWM_Init
 .text.TIM_OC2_SetConfig
                0x08002b0c       0x70 Drivers\STM32F4xx_HAL_Driver\Src\stm32f4xx_hal_tim.o
                0x08002b0c                TIM_OC2_SetConfig
 .text.HAL_TIM_PWM_ConfigChannel
                0x08002b7c       0xdc Drivers\STM32F4xx_HAL_Driver\Src\stm32f4xx_hal_tim.o
                0x08002b7c                HAL_TIM_PWM_ConfigChannel
 .text.TIM_CCxChannelCmd
                0x08002c58       0x1e Drivers\STM32F4xx_HAL_Driver\Src\stm32f4xx_hal_tim.o
                0x08002c58                TIM_CCxChannelCmd
 *fill*         0x08002c76        0x2 
 .text.HAL_TIM_PWM_Start
                0x08002c78       0x44 Drivers\STM32F4xx_HAL_Driver\Src\stm32f4xx_hal_tim.o
                0x08002c78                HAL_TIM_PWM_Start
 .text.HAL_TIMEx_CommutationCallback
                0x08002cbc        0x2 Drivers\STM32F4xx_HAL_Driver\Src\stm32f4xx_hal_tim_ex.o
                0x08002cbc                HAL_TIMEx_CommutationCallback
 .text.HAL_TIMEx_BreakCallback
                0x08002cbe        0x2 Drivers\STM32F4xx_HAL_Driver\Src\stm32f4xx_hal_tim_ex.o
                0x08002cbe                HAL_TIMEx_BreakCallback
 .text.arm_radix8_butterfly_f32
                0x08002cc0      0x590 Src\arm_cfft_radix8_f32.o
                0x08002cc0                arm_radix8_butterfly_f32
 .text.arm_cmplx_mag_f32
                0x08003250      0x114 Src\arm_cmplx_mag_f32.o
                0x08003250                arm_cmplx_mag_f32
 .text.arm_mult_f32
                0x08003364       0x7a Src\arm_mult_f32.o
                0x08003364                arm_mult_f32
 .text.stage_rfft_f32
                0x080033de       0xba Src\arm_rfft_fast_f32.o
                0x080033de                stage_rfft_f32
 .text.merge_rfft_f32
                0x08003498       0xb6 Src\arm_rfft_fast_f32.o
                0x08003498                merge_rfft_f32
 .text.arm_rfft_fast_f32
                0x0800354e       0x3a Src\arm_rfft_fast_f32.o
                0x0800354e                arm_rfft_fast_f32
 .text.arm_rfft_fast_init_f32
                0x08003588      0x140 Src\arm_rfft_fast_init_f32.o
                0x08003588                arm_rfft_fast_init_f32
 .text.PCM_to_Float
                0x080036c8       0x34 Src\main.o
                0x080036c8                PCM_to_Float
 .text.PCM_Preprocess
                0x080036fc        0x8 Src\main.o
                0x080036fc                PCM_Preprocess
 .text.BSP_AUDIO_IN_TransferComplete_CallBack
                0x08003704       0xb8 Src\main.o
                0x08003704                BSP_AUDIO_IN_TransferComplete_CallBack
 .text.BSP_AUDIO_IN_HalfTransfer_CallBack
                0x080037bc       0xb8 Src\main.o
                0x080037bc                BSP_AUDIO_IN_HalfTransfer_CallBack
 .text.calc_mag_output
                0x08003874       0x38 Src\main.o
                0x08003874                calc_mag_output
 .text.StartRFFTTask
                0x080038ac       0x58 Src\main.o
                0x080038ac                StartRFFTTask
 .text.enablefpu
                0x08003904       0x1c Src\main.o
                0x08003904                enablefpu
 .text.timer_setup
                0x08003920       0x5c Src\main.o
                0x08003920                timer_setup
 .text.TIM4_IRQHandler
                0x0800397c       0x28 Src\main.o
                0x0800397c                TIM4_IRQHandler
 .text.Hanning  0x080039a4      0x160 Src\main.o
                0x080039a4                Hanning
 .text.NMI_Handler
                0x08003b04        0x2 Src\main.o
                0x08003b04                NMI_Handler
 .text.HardFault_Handler
                0x08003b06        0x2 Src\main.o
                0x08003b06                HardFault_Handler
 .text.MemManage_Handler
                0x08003b08        0x2 Src\main.o
                0x08003b08                MemManage_Handler
 .text.BusFault_Handler
                0x08003b0a        0x2 Src\main.o
                0x08003b0a                BusFault_Handler
 .text.UsageFault_Handler
                0x08003b0c        0x2 Src\main.o
                0x08003b0c                UsageFault_Handler
 .text.SVC_Handler
                0x08003b0e        0x2 Src\main.o
                0x08003b0e                SVC_Handler
 .text.DebugMon_Handler
                0x08003b10        0x2 Src\main.o
                0x08003b10                DebugMon_Handler
 .text.PendSV_Handler
                0x08003b12        0x2 Src\main.o
                0x08003b12                PendSV_Handler
 .text.DMA1_Stream3_IRQHandler
                0x08003b14       0x10 Src\main.o
                0x08003b14                DMA1_Stream3_IRQHandler
 .text._Error_Handler
                0x08003b24        0x2 Src\main.o
                0x08003b24                _Error_Handler
 *fill*         0x08003b26        0x2 
 .text.SystemClock_Config
                0x08003b28       0xe4 Src\main.o
                0x08003b28                SystemClock_Config
 .text.fft_ws2812_Init
                0x08003c0c       0x70 Src\main.o
                0x08003c0c                fft_ws2812_Init
 .text.main     0x08003c7c       0x38 Src\main.o
                0x08003c7c                main
 .text.BSP_AUDIO_IN_Error_Callback
                0x08003cb4       0x10 Src\main.o
                0x08003cb4                BSP_AUDIO_IN_Error_Callback
 .text.BSP_LED_Init
                0x08003cc4       0xb4 Src\stm32f4_discovery.o
                0x08003cc4                BSP_LED_Init
 .text.BSP_LED_On
                0x08003d78       0x20 Src\stm32f4_discovery.o
                0x08003d78                BSP_LED_On
 .text.BSP_LED_Toggle
                0x08003d98       0x1c Src\stm32f4_discovery.o
                0x08003d98                BSP_LED_Toggle
 .text.I2S2_Init
                0x08003db4       0x48 Src\stm32f4_discovery_audio.o
 .text.PDMDecoder_Init
                0x08003dfc       0x8c Src\stm32f4_discovery_audio.o
 .text.BSP_AUDIO_OUT_TransferComplete_CallBack
                0x08003e88        0x2 Src\stm32f4_discovery_audio.o
                0x08003e88                BSP_AUDIO_OUT_TransferComplete_CallBack
 *fill*         0x08003e8a        0x2 
 .text.HAL_I2S_TxCpltCallback
                0x08003e8c       0x18 Src\stm32f4_discovery_audio.o
                0x08003e8c                HAL_I2S_TxCpltCallback
 .text.BSP_AUDIO_OUT_Error_CallBack
                0x08003ea4        0x2 Src\stm32f4_discovery_audio.o
                0x08003ea4                BSP_AUDIO_OUT_Error_CallBack
 *fill*         0x08003ea6        0x2 
 .text.BSP_AUDIO_IN_Record
                0x08003ea8       0x14 Src\stm32f4_discovery_audio.o
                0x08003ea8                BSP_AUDIO_IN_Record
 .text.BSP_AUDIO_IN_PDMToPCM
                0x08003ebc       0x60 Src\stm32f4_discovery_audio.o
                0x08003ebc                BSP_AUDIO_IN_PDMToPCM
 .text.BSP_AUDIO_IN_ClockConfig
                0x08003f1c       0x3e Src\stm32f4_discovery_audio.o
                0x08003f1c                BSP_AUDIO_IN_ClockConfig
 *fill*         0x08003f5a        0x2 
 .text.BSP_AUDIO_IN_MspInit
                0x08003f5c       0xfc Src\stm32f4_discovery_audio.o
                0x08003f5c                BSP_AUDIO_IN_MspInit
 .text.BSP_AUDIO_IN_Init
                0x08004058       0x44 Src\stm32f4_discovery_audio.o
                0x08004058                BSP_AUDIO_IN_Init
 .text.HAL_I2S_RxCpltCallback
                0x0800409c        0x8 Src\stm32f4_discovery_audio.o
                0x0800409c                HAL_I2S_RxCpltCallback
 .text.HAL_I2S_RxHalfCpltCallback
                0x080040a4        0x8 Src\stm32f4_discovery_audio.o
                0x080040a4                HAL_I2S_RxHalfCpltCallback
 .text.HAL_I2S_ErrorCallback
                0x080040ac       0x2c Src\stm32f4_discovery_audio.o
                0x080040ac                HAL_I2S_ErrorCallback
 .text.HAL_MspInit
                0x080040d8       0x5e Src\stm32f4xx_hal_msp.o
                0x080040d8                HAL_MspInit
 *fill*         0x08004136        0x2 
 .text.HAL_I2S_MspInit
                0x08004138       0x68 Src\stm32f4xx_hal_msp.o
                0x08004138                HAL_I2S_MspInit
 .text.SysTick_Handler
                0x080041a0        0xc Src\stm32f4xx_it.o
                0x080041a0                SysTick_Handler
 .text.SystemInit
                0x080041ac       0x4c Src\system_stm32f4xx.o
                0x080041ac                SystemInit
 .text.hsv2rgb  0x080041f8      0x16c Src\visEffect.o
                0x080041f8                hsv2rgb
 .text.visInit  0x08004364        0x8 Src\visEffect.o
                0x08004364                visInit
 .text.visHandle
                0x0800436c       0x18 Src\visEffect.o
                0x0800436c                visHandle
 *fill*         0x08004384        0x4 
 .text.generate_rgb
                0x08004388      0x11c Src\visEffect.o
                0x08004388                generate_rgb
 .text.DMA_TransferError
                0x080044a4        0x2 Src\ws2812b\ws2812b.o
                0x080044a4                DMA_TransferError
 .text.DMA_TransferHalfHandler
                0x080044a6        0x2 Src\ws2812b\ws2812b.o
                0x080044a6                DMA_TransferHalfHandler
 .text.DMA_TransferCompleteHandler
                0x080044a8       0xd4 Src\ws2812b\ws2812b.o
                0x080044a8                DMA_TransferCompleteHandler
 .text.ws2812b_gpio_init
                0x0800457c       0x78 Src\ws2812b\ws2812b.o
 .text.DMA2_init
                0x080045f4      0x164 Src\ws2812b\ws2812b.o
 .text.TIM1_init
                0x08004758      0x110 Src\ws2812b\ws2812b.o
 .text.ws2812b_init
                0x08004868       0x44 Src\ws2812b\ws2812b.o
                0x08004868                ws2812b_init
 .text.WS2812_sendbuf_helper
                0x080048ac      0x150 Src\ws2812b\ws2812b.o
                0x080048ac                WS2812_sendbuf_helper
 .text.DMA2_Stream2_IRQHandler
                0x080049fc       0x10 Src\ws2812b\ws2812b.o
                0x080049fc                DMA2_Stream2_IRQHandler
 .text.TIM1_UP_TIM10_IRQHandler
                0x08004a0c       0x1c Src\ws2812b\ws2812b.o
                0x08004a0c                TIM1_UP_TIM10_IRQHandler
 .text.HAL_TIM_PeriodElapsedCallback
                0x08004a28       0x80 Src\ws2812b\ws2812b.o
                0x08004a28                HAL_TIM_PeriodElapsedCallback
 .text.copy_to_BB
                0x08004aa8       0xfc Src\ws2812b\ws2812b.o
                0x08004aa8                copy_to_BB
 .text.WS2812_sendbuf
                0x08004ba4       0x16 Src\ws2812b\ws2812b.o
 *fill*         0x08004bba        0x2 
 .text.ws2812b_getBufferItem
                0x08004bbc       0x24 Src\ws2812b\ws2812b.o
                0x08004bbc                ws2812b_getBufferItem
 .text.ws2812b_handle
                0x08004be0       0x10 Src\ws2812b\ws2812b.o
                0x08004be0                ws2812b_handle
 .text.Reset_Handler
                0x08004bf0       0x50 startup\startup_stm32f407xx.o
                0x08004bf0                Reset_Handler
 .text.Default_Handler
                0x08004c40        0x2 startup\startup_stm32f407xx.o
                0x08004c40                RTC_Alarm_IRQHandler
                0x08004c40                HASH_RNG_IRQHandler
                0x08004c40                EXTI2_IRQHandler
                0x08004c40                TIM8_CC_IRQHandler
                0x08004c40                TIM1_CC_IRQHandler
                0x08004c40                DMA2_Stream5_IRQHandler
                0x08004c40                DMA1_Stream5_IRQHandler
                0x08004c40                PVD_IRQHandler
                0x08004c40                SDIO_IRQHandler
                0x08004c40                TAMP_STAMP_IRQHandler
                0x08004c40                CAN2_RX1_IRQHandler
                0x08004c40                EXTI3_IRQHandler
                0x08004c40                TIM8_TRG_COM_TIM14_IRQHandler
                0x08004c40                TIM8_UP_TIM13_IRQHandler
                0x08004c40                I2C3_ER_IRQHandler
                0x08004c40                EXTI0_IRQHandler
                0x08004c40                I2C2_EV_IRQHandler
                0x08004c40                DMA1_Stream2_IRQHandler
                0x08004c40                CAN1_RX0_IRQHandler
                0x08004c40                FPU_IRQHandler
                0x08004c40                OTG_HS_WKUP_IRQHandler
                0x08004c40                CAN2_SCE_IRQHandler
                0x08004c40                SPI1_IRQHandler
                0x08004c40                TIM6_DAC_IRQHandler
                0x08004c40                TIM1_BRK_TIM9_IRQHandler
                0x08004c40                DCMI_IRQHandler
                0x08004c40                CAN2_RX0_IRQHandler
                0x08004c40                DMA2_Stream3_IRQHandler
                0x08004c40                USART6_IRQHandler
                0x08004c40                USART3_IRQHandler
                0x08004c40                CAN1_RX1_IRQHandler
                0x08004c40                UART5_IRQHandler
                0x08004c40                DMA2_Stream0_IRQHandler
                0x08004c40                I2C1_EV_IRQHandler
                0x08004c40                DMA1_Stream6_IRQHandler
                0x08004c40                DMA1_Stream1_IRQHandler
                0x08004c40                UART4_IRQHandler
                0x08004c40                TIM3_IRQHandler
                0x08004c40                RCC_IRQHandler
                0x08004c40                TIM8_BRK_TIM12_IRQHandler
                0x08004c40                Default_Handler
                0x08004c40                EXTI15_10_IRQHandler
                0x08004c40                ADC_IRQHandler
                0x08004c40                DMA1_Stream7_IRQHandler
                0x08004c40                TIM7_IRQHandler
                0x08004c40                CAN2_TX_IRQHandler
                0x08004c40                TIM5_IRQHandler
                0x08004c40                DMA2_Stream7_IRQHandler
                0x08004c40                I2C3_EV_IRQHandler
                0x08004c40                EXTI9_5_IRQHandler
                0x08004c40                RTC_WKUP_IRQHandler
                0x08004c40                ETH_WKUP_IRQHandler
                0x08004c40                SPI2_IRQHandler
                0x08004c40                OTG_HS_EP1_IN_IRQHandler
                0x08004c40                DMA1_Stream0_IRQHandler
                0x08004c40                CAN1_TX_IRQHandler
                0x08004c40                EXTI4_IRQHandler
                0x08004c40                FSMC_IRQHandler
                0x08004c40                ETH_IRQHandler
                0x08004c40                OTG_HS_EP1_OUT_IRQHandler
                0x08004c40                WWDG_IRQHandler
                0x08004c40                TIM2_IRQHandler
                0x08004c40                OTG_FS_WKUP_IRQHandler
                0x08004c40                TIM1_TRG_COM_TIM11_IRQHandler
                0x08004c40                OTG_HS_IRQHandler
                0x08004c40                EXTI1_IRQHandler
                0x08004c40                USART2_IRQHandler
                0x08004c40                I2C2_ER_IRQHandler
                0x08004c40                DMA2_Stream1_IRQHandler
                0x08004c40                CAN1_SCE_IRQHandler
                0x08004c40                FLASH_IRQHandler
                0x08004c40                DMA2_Stream4_IRQHandler
                0x08004c40                USART1_IRQHandler
                0x08004c40                OTG_FS_IRQHandler
                0x08004c40                SPI3_IRQHandler
                0x08004c40                DMA1_Stream4_IRQHandler
                0x08004c40                I2C1_ER_IRQHandler
                0x08004c40                DMA2_Stream6_IRQHandler
 *fill*         0x08004c42        0x2 
 .text.arm_cfft_radix8by2_f32
                0x08004c44      0x1a4 C:\Users\oli\Documents\f4core\nube\lib\libarm_cortexM4f_math.a(arm_cfft_f32.o)
                0x08004c44                arm_cfft_radix8by2_f32
 .text.arm_cfft_radix8by4_f32
                0x08004de8      0x4bc C:\Users\oli\Documents\f4core\nube\lib\libarm_cortexM4f_math.a(arm_cfft_f32.o)
                0x08004de8                arm_cfft_radix8by4_f32
 .text.arm_cfft_f32
                0x080052a4       0xf4 C:\Users\oli\Documents\f4core\nube\lib\libarm_cortexM4f_math.a(arm_cfft_f32.o)
                0x080052a4                arm_cfft_f32
 .text.D16_GENERIC
                0x08005398      0x110 C:\Users\oli\Documents\f4core\nube\lib\libpdm2pcm_glo.a(pdm_filter.o)
 .text.D24_GENERIC
                0x080054a8      0x188 C:\Users\oli\Documents\f4core\nube\lib\libpdm2pcm_glo.a(pdm_filter.o)
 .text.D32_GENERIC
                0x08005630      0x184 C:\Users\oli\Documents\f4core\nube\lib\libpdm2pcm_glo.a(pdm_filter.o)
 .text.D48_GENERIC
                0x080057b4      0x1e4 C:\Users\oli\Documents\f4core\nube\lib\libpdm2pcm_glo.a(pdm_filter.o)
 .text.D64_GENERIC
                0x08005998      0x21c C:\Users\oli\Documents\f4core\nube\lib\libpdm2pcm_glo.a(pdm_filter.o)
 .text.D80_GENERIC
                0x08005bb4      0x29c C:\Users\oli\Documents\f4core\nube\lib\libpdm2pcm_glo.a(pdm_filter.o)
 .text.D128_GENERIC
                0x08005e50      0x3e8 C:\Users\oli\Documents\f4core\nube\lib\libpdm2pcm_glo.a(pdm_filter.o)
 .text.D16_1CH_HTONS_VOL_HP
                0x08006238       0xd4 C:\Users\oli\Documents\f4core\nube\lib\libpdm2pcm_glo.a(pdm_filter.o)
 .text.D24_1CH_HTONS_VOL_HP
                0x0800630c      0x134 C:\Users\oli\Documents\f4core\nube\lib\libpdm2pcm_glo.a(pdm_filter.o)
 .text.D32_1CH_HTONS_VOL_HP
                0x08006440      0x130 C:\Users\oli\Documents\f4core\nube\lib\libpdm2pcm_glo.a(pdm_filter.o)
 .text.D48_1CH_HTONS_VOL_HP
                0x08006570      0x164 C:\Users\oli\Documents\f4core\nube\lib\libpdm2pcm_glo.a(pdm_filter.o)
 .text.D64_1CH_HTONS_VOL_HP
                0x080066d4      0x1a8 C:\Users\oli\Documents\f4core\nube\lib\libpdm2pcm_glo.a(pdm_filter.o)
 .text.D80_1CH_HTONS_VOL_HP
                0x0800687c      0x208 C:\Users\oli\Documents\f4core\nube\lib\libpdm2pcm_glo.a(pdm_filter.o)
 .text.D128_1CH_HTONS_VOL_HP
                0x08006a84      0x320 C:\Users\oli\Documents\f4core\nube\lib\libpdm2pcm_glo.a(pdm_filter.o)
 .text.PDM_Filter_Init
                0x08006da4      0x134 C:\Users\oli\Documents\f4core\nube\lib\libpdm2pcm_glo.a(pdm_filter.o)
                0x08006da4                PDM_Filter_Init
 .text.PDM_Filter_setConfig
                0x08006ed8      0x1f4 C:\Users\oli\Documents\f4core\nube\lib\libpdm2pcm_glo.a(pdm_filter.o)
                0x08006ed8                PDM_Filter_setConfig
 .text.PDM_Filter
                0x080070cc       0x38 C:\Users\oli\Documents\f4core\nube\lib\libpdm2pcm_glo.a(pdm_filter.o)
                0x080070cc                PDM_Filter
 .text.__errno  0x08007104        0xc c:/program files (x86)/atollic/truestudio for stm32 9.3.0/armtools/bin/../lib/gcc/arm-atollic-eabi/6.3.1/../../../../arm-atollic-eabi/lib/armv7e-m/fpu\libc_nano.a(lib_a-errno.o)
                0x08007104                __errno
 .text.__libc_init_array
                0x08007110       0x48 c:/program files (x86)/atollic/truestudio for stm32 9.3.0/armtools/bin/../lib/gcc/arm-atollic-eabi/6.3.1/../../../../arm-atollic-eabi/lib/armv7e-m/fpu\libc_nano.a(lib_a-init.o)
                0x08007110                __libc_init_array
 .text.memset   0x08007158       0x10 c:/program files (x86)/atollic/truestudio for stm32 9.3.0/armtools/bin/../lib/gcc/arm-atollic-eabi/6.3.1/../../../../arm-atollic-eabi/lib/armv7e-m/fpu\libc_nano.a(lib_a-memset.o)
                0x08007158                memset
 .text.atan     0x08007168      0x350 c:/program files (x86)/atollic/truestudio for stm32 9.3.0/armtools/bin/../lib/gcc/arm-atollic-eabi/6.3.1/../../../../arm-atollic-eabi/lib/armv7e-m/fpu\libm.a(lib_a-s_atan.o)
                0x08007168                atan
 .text.cos      0x080074b8       0x88 c:/program files (x86)/atollic/truestudio for stm32 9.3.0/armtools/bin/../lib/gcc/arm-atollic-eabi/6.3.1/../../../../arm-atollic-eabi/lib/armv7e-m/fpu\libm.a(lib_a-s_cos.o)
                0x080074b8                cos
 .text.fabs     0x08007540        0xe c:/program files (x86)/atollic/truestudio for stm32 9.3.0/armtools/bin/../lib/gcc/arm-atollic-eabi/6.3.1/../../../../arm-atollic-eabi/lib/armv7e-m/fpu\libm.a(lib_a-s_fabs.o)
                0x08007540                fabs
 *fill*         0x0800754e        0x2 
 .text.round    0x08007550       0x8c c:/program files (x86)/atollic/truestudio for stm32 9.3.0/armtools/bin/../lib/gcc/arm-atollic-eabi/6.3.1/../../../../arm-atollic-eabi/lib/armv7e-m/fpu\libm.a(lib_a-s_round.o)
                0x08007550                round
 .text.powf     0x080075dc      0x2f8 c:/program files (x86)/atollic/truestudio for stm32 9.3.0/armtools/bin/../lib/gcc/arm-atollic-eabi/6.3.1/../../../../arm-atollic-eabi/lib/armv7e-m/fpu\libm.a(lib_a-wf_pow.o)
                0x080075dc                powf
 .text.sqrtf    0x080078d4       0xa0 c:/program files (x86)/atollic/truestudio for stm32 9.3.0/armtools/bin/../lib/gcc/arm-atollic-eabi/6.3.1/../../../../arm-atollic-eabi/lib/armv7e-m/fpu\libm.a(lib_a-wf_sqrt.o)
                0x080078d4                sqrtf
 *fill*         0x08007974        0x4 
 .text.__ieee754_rem_pio2
                0x08007978      0x3e4 c:/program files (x86)/atollic/truestudio for stm32 9.3.0/armtools/bin/../lib/gcc/arm-atollic-eabi/6.3.1/../../../../arm-atollic-eabi/lib/armv7e-m/fpu\libm.a(lib_a-e_rem_pio2.o)
                0x08007978                __ieee754_rem_pio2
 .text.__ieee754_powf
                0x08007d5c      0x584 c:/program files (x86)/atollic/truestudio for stm32 9.3.0/armtools/bin/../lib/gcc/arm-atollic-eabi/6.3.1/../../../../arm-atollic-eabi/lib/armv7e-m/fpu\libm.a(lib_a-ef_pow.o)
                0x08007d5c                __ieee754_powf
 .text.__ieee754_sqrtf
                0x080082e0       0x8e c:/program files (x86)/atollic/truestudio for stm32 9.3.0/armtools/bin/../lib/gcc/arm-atollic-eabi/6.3.1/../../../../arm-atollic-eabi/lib/armv7e-m/fpu\libm.a(lib_a-ef_sqrt.o)
                0x080082e0                __ieee754_sqrtf
 *fill*         0x0800836e        0x2 
 .text.__kernel_cos
                0x08008370      0x1cc c:/program files (x86)/atollic/truestudio for stm32 9.3.0/armtools/bin/../lib/gcc/arm-atollic-eabi/6.3.1/../../../../arm-atollic-eabi/lib/armv7e-m/fpu\libm.a(lib_a-k_cos.o)
                0x08008370                __kernel_cos
 *fill*         0x0800853c        0x4 
 .text.__kernel_rem_pio2
                0x08008540      0x69c c:/program files (x86)/atollic/truestudio for stm32 9.3.0/armtools/bin/../lib/gcc/arm-atollic-eabi/6.3.1/../../../../arm-atollic-eabi/lib/armv7e-m/fpu\libm.a(lib_a-k_rem_pio2.o)
                0x08008540                __kernel_rem_pio2
 *fill*         0x08008bdc        0x4 
 .text.__kernel_sin
                0x08008be0      0x174 c:/program files (x86)/atollic/truestudio for stm32 9.3.0/armtools/bin/../lib/gcc/arm-atollic-eabi/6.3.1/../../../../arm-atollic-eabi/lib/armv7e-m/fpu\libm.a(lib_a-k_sin.o)
                0x08008be0                __kernel_sin
 *fill*         0x08008d54        0x4 
 .text.floor    0x08008d58      0x108 c:/program files (x86)/atollic/truestudio for stm32 9.3.0/armtools/bin/../lib/gcc/arm-atollic-eabi/6.3.1/../../../../arm-atollic-eabi/lib/armv7e-m/fpu\libm.a(lib_a-s_floor.o)
                0x08008d58                floor
 .text.matherr  0x08008e60        0x4 c:/program files (x86)/atollic/truestudio for stm32 9.3.0/armtools/bin/../lib/gcc/arm-atollic-eabi/6.3.1/../../../../arm-atollic-eabi/lib/armv7e-m/fpu\libm.a(lib_a-s_matherr.o)
                0x08008e60                matherr
 .text.rint     0x08008e64      0x110 c:/program files (x86)/atollic/truestudio for stm32 9.3.0/armtools/bin/../lib/gcc/arm-atollic-eabi/6.3.1/../../../../arm-atollic-eabi/lib/armv7e-m/fpu\libm.a(lib_a-s_rint.o)
                0x08008e64                rint
 *fill*         0x08008f74        0x4 
 .text.scalbn   0x08008f78       0xf4 c:/program files (x86)/atollic/truestudio for stm32 9.3.0/armtools/bin/../lib/gcc/arm-atollic-eabi/6.3.1/../../../../arm-atollic-eabi/lib/armv7e-m/fpu\libm.a(lib_a-s_scalbn.o)
                0x08008f78                scalbn
 .text.fabsf    0x0800906c        0xe c:/program files (x86)/atollic/truestudio for stm32 9.3.0/armtools/bin/../lib/gcc/arm-atollic-eabi/6.3.1/../../../../arm-atollic-eabi/lib/armv7e-m/fpu\libm.a(lib_a-sf_fabs.o)
                0x0800906c                fabsf
 .text.finitef  0x0800907a       0x14 c:/program files (x86)/atollic/truestudio for stm32 9.3.0/armtools/bin/../lib/gcc/arm-atollic-eabi/6.3.1/../../../../arm-atollic-eabi/lib/armv7e-m/fpu\libm.a(lib_a-sf_finite.o)
                0x0800907a                finitef
 *fill*         0x0800908e        0x2 
 .text.nanf     0x08009090        0xc c:/program files (x86)/atollic/truestudio for stm32 9.3.0/armtools/bin/../lib/gcc/arm-atollic-eabi/6.3.1/../../../../arm-atollic-eabi/lib/armv7e-m/fpu\libm.a(lib_a-sf_nan.o)
                0x08009090                nanf
 .text.scalbnf  0x0800909c       0xc0 c:/program files (x86)/atollic/truestudio for stm32 9.3.0/armtools/bin/../lib/gcc/arm-atollic-eabi/6.3.1/../../../../arm-atollic-eabi/lib/armv7e-m/fpu\libm.a(lib_a-sf_scalbn.o)
                0x0800909c                scalbnf
 .text.copysign
                0x0800915c       0x1a c:/program files (x86)/atollic/truestudio for stm32 9.3.0/armtools/bin/../lib/gcc/arm-atollic-eabi/6.3.1/../../../../arm-atollic-eabi/lib/armv7e-m/fpu\libm.a(lib_a-s_copysign.o)
                0x0800915c                copysign
 .text.copysignf
                0x08009176       0x18 c:/program files (x86)/atollic/truestudio for stm32 9.3.0/armtools/bin/../lib/gcc/arm-atollic-eabi/6.3.1/../../../../arm-atollic-eabi/lib/armv7e-m/fpu\libm.a(lib_a-sf_copysign.o)
                0x08009176                copysignf
 *(.glue_7)
 .glue_7        0x0800918e        0x0 linker stubs
 *(.glue_7t)
 .glue_7t       0x0800918e        0x0 linker stubs
 *(.eh_frame)
 *fill*         0x0800918e        0x2 
 .eh_frame      0x08009190        0x0 c:/program files (x86)/atollic/truestudio for stm32 9.3.0/armtools/bin/../lib/gcc/arm-atollic-eabi/6.3.1/armv7e-m/fpu/crtbegin.o
 *(.init)
 .init          0x08009190        0x4 c:/program files (x86)/atollic/truestudio for stm32 9.3.0/armtools/bin/../lib/gcc/arm-atollic-eabi/6.3.1/armv7e-m/fpu/crti.o
                0x08009190                _init
 .init          0x08009194        0x8 c:/program files (x86)/atollic/truestudio for stm32 9.3.0/armtools/bin/../lib/gcc/arm-atollic-eabi/6.3.1/armv7e-m/fpu/crtn.o
 *(.fini)
 .fini          0x0800919c        0x4 c:/program files (x86)/atollic/truestudio for stm32 9.3.0/armtools/bin/../lib/gcc/arm-atollic-eabi/6.3.1/armv7e-m/fpu/crti.o
                0x0800919c                _fini
 .fini          0x080091a0        0x8 c:/program files (x86)/atollic/truestudio for stm32 9.3.0/armtools/bin/../lib/gcc/arm-atollic-eabi/6.3.1/armv7e-m/fpu/crtn.o
                0x080091a8                . = ALIGN (0x4)
                0x080091a8                _etext = .

.vfp11_veneer   0x080091a8        0x0
 .vfp11_veneer  0x080091a8        0x0 linker stubs

.v4_bx          0x080091a8        0x0
 .v4_bx         0x080091a8        0x0 linker stubs

.iplt           0x080091a8        0x0
 .iplt          0x080091a8        0x0 c:/program files (x86)/atollic/truestudio for stm32 9.3.0/armtools/bin/../lib/gcc/arm-atollic-eabi/6.3.1/armv7e-m/fpu/crtbegin.o

.rodata         0x080091a8    0x13710
                0x080091a8                . = ALIGN (0x4)
 *(.rodata)
 .rodata        0x080091a8       0x38 C:\Users\oli\Documents\f4core\nube\lib\libpdm2pcm_glo.a(pdm_filter.o)
 *(.rodata*)
 .rodata.flagBitshiftOffset.12657
                0x080091e0        0x8 Drivers\STM32F4xx_HAL_Driver\Src\stm32f4xx_hal_dma.o
 .rodata.armBitRevIndexTable1024
                0x080091e8      0xe10 Src\arm_common_tables.o
                0x080091e8                armBitRevIndexTable1024
 .rodata.armBitRevIndexTable128
                0x08009ff8      0x1a0 Src\arm_common_tables.o
                0x08009ff8                armBitRevIndexTable128
 .rodata.armBitRevIndexTable16
                0x0800a198       0x28 Src\arm_common_tables.o
                0x0800a198                armBitRevIndexTable16
 .rodata.armBitRevIndexTable2048
                0x0800a1c0     0x1dc0 Src\arm_common_tables.o
                0x0800a1c0                armBitRevIndexTable2048
 .rodata.armBitRevIndexTable256
                0x0800bf80      0x370 Src\arm_common_tables.o
                0x0800bf80                armBitRevIndexTable256
 .rodata.armBitRevIndexTable32
                0x0800c2f0       0x60 Src\arm_common_tables.o
                0x0800c2f0                armBitRevIndexTable32
 .rodata.armBitRevIndexTable512
                0x0800c350      0x380 Src\arm_common_tables.o
                0x0800c350                armBitRevIndexTable512
 .rodata.armBitRevIndexTable64
                0x0800c6d0       0x70 Src\arm_common_tables.o
                0x0800c6d0                armBitRevIndexTable64
 .rodata.twiddleCoef_1024
                0x0800c740     0x2000 Src\arm_common_tables.o
                0x0800c740                twiddleCoef_1024
 .rodata.twiddleCoef_128
                0x0800e740      0x400 Src\arm_common_tables.o
                0x0800e740                twiddleCoef_128
 .rodata.twiddleCoef_16
                0x0800eb40       0x80 Src\arm_common_tables.o
                0x0800eb40                twiddleCoef_16
 .rodata.twiddleCoef_2048
                0x0800ebc0     0x4000 Src\arm_common_tables.o
                0x0800ebc0                twiddleCoef_2048
 .rodata.twiddleCoef_256
                0x08012bc0      0x800 Src\arm_common_tables.o
                0x08012bc0                twiddleCoef_256
 .rodata.twiddleCoef_32
                0x080133c0      0x100 Src\arm_common_tables.o
                0x080133c0                twiddleCoef_32
 .rodata.twiddleCoef_512
                0x080134c0     0x1000 Src\arm_common_tables.o
                0x080134c0                twiddleCoef_512
 .rodata.twiddleCoef_64
                0x080144c0      0x200 Src\arm_common_tables.o
                0x080144c0                twiddleCoef_64
 .rodata.twiddleCoef_rfft_1024
                0x080146c0     0x1000 Src\arm_common_tables.o
                0x080146c0                twiddleCoef_rfft_1024
 .rodata.twiddleCoef_rfft_128
                0x080156c0      0x200 Src\arm_common_tables.o
                0x080156c0                twiddleCoef_rfft_128
 .rodata.twiddleCoef_rfft_2048
                0x080158c0     0x2000 Src\arm_common_tables.o
                0x080158c0                twiddleCoef_rfft_2048
 .rodata.twiddleCoef_rfft_256
                0x080178c0      0x400 Src\arm_common_tables.o
                0x080178c0                twiddleCoef_rfft_256
 .rodata.twiddleCoef_rfft_32
                0x08017cc0       0x80 Src\arm_common_tables.o
                0x08017cc0                twiddleCoef_rfft_32
 .rodata.twiddleCoef_rfft_4096
                0x08017d40     0x4000 Src\arm_common_tables.o
                0x08017d40                twiddleCoef_rfft_4096
 .rodata.twiddleCoef_rfft_512
                0x0801bd40      0x800 Src\arm_common_tables.o
                0x0801bd40                twiddleCoef_rfft_512
 .rodata.twiddleCoef_rfft_64
                0x0801c540      0x100 Src\arm_common_tables.o
                0x0801c540                twiddleCoef_rfft_64
 .rodata.SystemClock_Config.str1.4
                0x0801c640       0x10 Src\main.o
                                  0xe (size before relaxing)
 .rodata.GPIO_PIN
                0x0801c650        0x8 Src\stm32f4_discovery.o
                0x0801c650                GPIO_PIN
 .rodata.AHBPrescTable
                0x0801c658       0x10 Src\system_stm32f4xx.o
                0x0801c658                AHBPrescTable
 .rodata.atanhi
                0x0801c668       0x20 c:/program files (x86)/atollic/truestudio for stm32 9.3.0/armtools/bin/../lib/gcc/arm-atollic-eabi/6.3.1/../../../../arm-atollic-eabi/lib/armv7e-m/fpu\libm.a(lib_a-s_atan.o)
 .rodata.atanlo
                0x0801c688       0x20 c:/program files (x86)/atollic/truestudio for stm32 9.3.0/armtools/bin/../lib/gcc/arm-atollic-eabi/6.3.1/../../../../arm-atollic-eabi/lib/armv7e-m/fpu\libm.a(lib_a-s_atan.o)
 .rodata.powf.str1.1
                0x0801c6a8        0x5 c:/program files (x86)/atollic/truestudio for stm32 9.3.0/armtools/bin/../lib/gcc/arm-atollic-eabi/6.3.1/../../../../arm-atollic-eabi/lib/armv7e-m/fpu\libm.a(lib_a-wf_pow.o)
 .rodata.sqrtf.str1.1
                0x0801c6ad        0x6 c:/program files (x86)/atollic/truestudio for stm32 9.3.0/armtools/bin/../lib/gcc/arm-atollic-eabi/6.3.1/../../../../arm-atollic-eabi/lib/armv7e-m/fpu\libm.a(lib_a-wf_sqrt.o)
 *fill*         0x0801c6b3        0x1 
 .rodata.npio2_hw
                0x0801c6b4       0x80 c:/program files (x86)/atollic/truestudio for stm32 9.3.0/armtools/bin/../lib/gcc/arm-atollic-eabi/6.3.1/../../../../arm-atollic-eabi/lib/armv7e-m/fpu\libm.a(lib_a-e_rem_pio2.o)
 .rodata.two_over_pi
                0x0801c734      0x108 c:/program files (x86)/atollic/truestudio for stm32 9.3.0/armtools/bin/../lib/gcc/arm-atollic-eabi/6.3.1/../../../../arm-atollic-eabi/lib/armv7e-m/fpu\libm.a(lib_a-e_rem_pio2.o)
 .rodata.__ieee754_powf.str1.1
                0x0801c83c        0x6 c:/program files (x86)/atollic/truestudio for stm32 9.3.0/armtools/bin/../lib/gcc/arm-atollic-eabi/6.3.1/../../../../arm-atollic-eabi/lib/armv7e-m/fpu\libm.a(lib_a-ef_pow.o)
                                  0x1 (size before relaxing)
 .rodata.bp     0x0801c83c        0x8 c:/program files (x86)/atollic/truestudio for stm32 9.3.0/armtools/bin/../lib/gcc/arm-atollic-eabi/6.3.1/../../../../arm-atollic-eabi/lib/armv7e-m/fpu\libm.a(lib_a-ef_pow.o)
 .rodata.dp_h   0x0801c844        0x8 c:/program files (x86)/atollic/truestudio for stm32 9.3.0/armtools/bin/../lib/gcc/arm-atollic-eabi/6.3.1/../../../../arm-atollic-eabi/lib/armv7e-m/fpu\libm.a(lib_a-ef_pow.o)
 .rodata.dp_l   0x0801c84c        0x8 c:/program files (x86)/atollic/truestudio for stm32 9.3.0/armtools/bin/../lib/gcc/arm-atollic-eabi/6.3.1/../../../../arm-atollic-eabi/lib/armv7e-m/fpu\libm.a(lib_a-ef_pow.o)
 *fill*         0x0801c854        0x4 
 .rodata.PIo2   0x0801c858       0x40 c:/program files (x86)/atollic/truestudio for stm32 9.3.0/armtools/bin/../lib/gcc/arm-atollic-eabi/6.3.1/../../../../arm-atollic-eabi/lib/armv7e-m/fpu\libm.a(lib_a-k_rem_pio2.o)
 .rodata.init_jk
                0x0801c898       0x10 c:/program files (x86)/atollic/truestudio for stm32 9.3.0/armtools/bin/../lib/gcc/arm-atollic-eabi/6.3.1/../../../../arm-atollic-eabi/lib/armv7e-m/fpu\libm.a(lib_a-k_rem_pio2.o)
 .rodata.TWO52  0x0801c8a8       0x10 c:/program files (x86)/atollic/truestudio for stm32 9.3.0/armtools/bin/../lib/gcc/arm-atollic-eabi/6.3.1/../../../../arm-atollic-eabi/lib/armv7e-m/fpu\libm.a(lib_a-s_rint.o)
                0x0801c8b8                . = ALIGN (0x4)

.ARM.extab
 *(.ARM.extab* .gnu.linkonce.armextab.*)

.ARM            0x0801c8b8        0x8
                0x0801c8b8                __exidx_start = .
 *(.ARM.exidx*)
 .ARM.exidx     0x0801c8b8        0x8 c:/program files (x86)/atollic/truestudio for stm32 9.3.0/armtools/bin/../lib/gcc/arm-atollic-eabi/6.3.1/armv7e-m/fpu\libgcc.a(_udivmoddi4.o)
                0x0801c8c0                __exidx_end = .

.rel.dyn        0x0801c8c0        0x0
 .rel.iplt      0x0801c8c0        0x0 c:/program files (x86)/atollic/truestudio for stm32 9.3.0/armtools/bin/../lib/gcc/arm-atollic-eabi/6.3.1/armv7e-m/fpu/crtbegin.o

.preinit_array  0x0801c8c0        0x0
                0x0801c8c0                PROVIDE (__preinit_array_start, .)
 *(.preinit_array*)
                0x0801c8c0                PROVIDE (__preinit_array_end, .)

.init_array     0x0801c8c0        0x4
                0x0801c8c0                PROVIDE (__init_array_start, .)
 *(SORT(.init_array.*))
 *(.init_array*)
 .init_array    0x0801c8c0        0x4 c:/program files (x86)/atollic/truestudio for stm32 9.3.0/armtools/bin/../lib/gcc/arm-atollic-eabi/6.3.1/armv7e-m/fpu/crtbegin.o
                0x0801c8c4                PROVIDE (__init_array_end, .)

.fini_array     0x0801c8c4        0x4
                [!provide]                PROVIDE (__fini_array_start, .)
 *(SORT(.fini_array.*))
 *(.fini_array*)
 .fini_array    0x0801c8c4        0x4 c:/program files (x86)/atollic/truestudio for stm32 9.3.0/armtools/bin/../lib/gcc/arm-atollic-eabi/6.3.1/armv7e-m/fpu/crtbegin.o
                [!provide]                PROVIDE (__fini_array_end, .)
                0x0801c8c8                _sidata = LOADADDR (.data)

.data           0x20000000      0x48c load address 0x0801c8c8
                0x20000000                . = ALIGN (0x4)
                0x20000000                _sdata = .
 *(.data)
 .data          0x20000000      0x400 C:\Users\oli\Documents\f4core\nube\lib\libpdm2pcm_glo.a(pdm_filter.o)
 *(.data*)
 .data.uwTickFreq
                0x20000400        0x1 Drivers\STM32F4xx_HAL_Driver\Src\stm32f4xx_hal.o
                0x20000400                uwTickFreq
 *fill*         0x20000401        0x3 
 .data.uwTickPrio
                0x20000404        0x4 Drivers\STM32F4xx_HAL_Driver\Src\stm32f4xx_hal.o
                0x20000404                uwTickPrio
 .data.GPIO_PORT
                0x20000408       0x10 Src\stm32f4_discovery.o
                0x20000408                GPIO_PORT
 .data.SystemCoreClock
                0x20000418        0x4 Src\system_stm32f4xx.o
                0x20000418                SystemCoreClock
 .data.WS2812_IO_High
                0x2000041c        0x4 Src\ws2812b\ws2812b.o
                0x2000041c                WS2812_IO_High
 .data.WS2812_IO_Low
                0x20000420        0x4 Src\ws2812b\ws2812b.o
                0x20000420                WS2812_IO_Low
 .data._impure_ptr
                0x20000424        0x4 c:/program files (x86)/atollic/truestudio for stm32 9.3.0/armtools/bin/../lib/gcc/arm-atollic-eabi/6.3.1/../../../../arm-atollic-eabi/lib/armv7e-m/fpu\libc_nano.a(lib_a-impure.o)
                0x20000424                _impure_ptr
 .data.impure_data
                0x20000428       0x60 c:/program files (x86)/atollic/truestudio for stm32 9.3.0/armtools/bin/../lib/gcc/arm-atollic-eabi/6.3.1/../../../../arm-atollic-eabi/lib/armv7e-m/fpu\libc_nano.a(lib_a-impure.o)
 .data.__fdlib_version
                0x20000488        0x1 c:/program files (x86)/atollic/truestudio for stm32 9.3.0/armtools/bin/../lib/gcc/arm-atollic-eabi/6.3.1/../../../../arm-atollic-eabi/lib/armv7e-m/fpu\libm.a(lib_a-s_lib_ver.o)
                0x20000488                __fdlib_version
                0x2000048c                . = ALIGN (0x4)
 *fill*         0x20000489        0x3 
                0x2000048c                _edata = .
                0x0801cd54                _siccmram = LOADADDR (.ccmram)

.igot.plt       0x2000048c        0x0 load address 0x0801cd54
 .igot.plt      0x2000048c        0x0 c:/program files (x86)/atollic/truestudio for stm32 9.3.0/armtools/bin/../lib/gcc/arm-atollic-eabi/6.3.1/armv7e-m/fpu/crtbegin.o

.ccmram         0x10000000        0x0 load address 0x0801cd54
                0x10000000                . = ALIGN (0x4)
                0x10000000                _sccmram = .
 *(.ccmram)
 *(.ccmram*)
                0x10000000                . = ALIGN (0x4)
                0x10000000                _eccmram = .
                0x10000000                . = ALIGN (0x4)

.bss            0x2000048c     0x2184
                0x2000048c                _sbss = .
                0x2000048c                __bss_start__ = _sbss
 *(.bss)
 .bss           0x2000048c       0x1c c:/program files (x86)/atollic/truestudio for stm32 9.3.0/armtools/bin/../lib/gcc/arm-atollic-eabi/6.3.1/armv7e-m/fpu/crtbegin.o
 .bss           0x200004a8        0x1 C:\Users\oli\Documents\f4core\nube\lib\libpdm2pcm_glo.a(pdm_filter.o)
 *(.bss*)
 *fill*         0x200004a9        0x3 
 .bss.AUDIODataReady
                0x200004ac        0x4 Src\main.o
                0x200004ac                AUDIODataReady
 .bss.FFT_Ready
                0x200004b0        0x4 Src\main.o
                0x200004b0                FFT_Ready
 .bss.ITCounter
                0x200004b4        0x4 Src\main.o
                0x200004b4                ITCounter
 .bss.buff_pos  0x200004b8        0x2 Src\main.o
                0x200004b8                buff_pos
 *fill*         0x200004ba        0x2 
 .bss.hdma_i2sRx.12688
                0x200004bc       0x60 Src\stm32f4_discovery_audio.o
 .bss.blue.12650
                0x2000051c        0x1 Src\ws2812b\ws2812b.o
 *fill*         0x2000051d        0x3 
 .bss.counter.12647
                0x20000520        0x4 Src\ws2812b\ws2812b.o
 .bss.green.12649
                0x20000524        0x1 Src\ws2812b\ws2812b.o
 .bss.red.12648
                0x20000525        0x1 Src\ws2812b\ws2812b.o
 *fill*         0x20000526        0x2 
 .bss.rgb_ptr.12651
                0x20000528        0x4 Src\ws2812b\ws2812b.o
 *(COMMON)
 COMMON         0x2000052c      0xd84 Drivers\STM32F4xx_HAL_Driver\Src\stm32f4xx_hal.o
                0x2000052c                hann_window
                0x2000072c                InternalBuffer
                0x2000082c                hann_buff
                0x20000a2c                sample_runs
                0x20000a30                uwTick
                0x20000a34                float_array
                0x20000a74                FFT_MagBuf
                0x20000b74                FFT_Bins
                0x20000d74                FFT_MagBuf_IIR
                0x20000e74                rfft_s
                0x20000e8c                PCM_Buf
                0x20000eac                hann_ptr
                0x20000eb0                BQC_Buf
                0x200010b0                FFT_Input
 COMMON         0x200012b0      0x32c Src\main.o
                0x200012b0                ws_item_ptr
                0x200012b4                FIR_Buf
                0x200014b4                s
                0x200014b8                hspi1
                0x20001510                TIM_Handle
                0x2000154c                hi2s3
                0x20001594                hAudioInI2s
 COMMON         0x200015dc       0xec Src\stm32f4_discovery_audio.o
                0x200015dc                PDM_FilterConfig
                0x200015e8                PDM_FilterHandler
                0x20001680                hAudioOutI2s
 COMMON         0x200016c8      0xf48 Src\ws2812b\ws2812b.o
                0x200016c8                tim2OC2
                0x200016e4                timer_reset_pulse_period
                0x200016e8                dmaCC2
                0x20001748                tim2OC1
                0x20001764                TIM1_handle
                0x200017a0                tim_period
                0x200017a4                frame_Buffer1
                0x20001864                frame_Buffer2
                0x20001924                dmaCC1
                0x20001984                ptr_ws2812b_struct
                0x20001988                ptr_active_output
                0x2000198c                ptr_active_input
                0x20001990                dummy
                0x20001994                global_WS2812_Struct
                0x200019b0                ws2812bDmaBitBuffer
                0x200025b0                dmaUpdate
                0x20002610                . = ALIGN (0x4)
                0x20002610                _ebss = .
                0x20002610                __bss_end__ = _ebss

._user_heap_stack
                0x20002610      0x600
                0x20002610                . = ALIGN (0x4)
                0x20002610                PROVIDE (end, .)
                [!provide]                PROVIDE (_end, .)
                0x20002810                . = (. + _Min_Heap_Size)
 *fill*         0x20002610      0x200 
                0x20002c10                . = (. + _Min_Stack_Size)
 *fill*         0x20002810      0x400 
                0x20002c10                . = ALIGN (0x4)

/DISCARD/
 libc.a(*)
 libm.a(*)
 libgcc.a(*)

.ARM.attributes
                0x00000000       0x30
 *(.ARM.attributes)
 .ARM.attributes
                0x00000000       0x22 c:/program files (x86)/atollic/truestudio for stm32 9.3.0/armtools/bin/../lib/gcc/arm-atollic-eabi/6.3.1/armv7e-m/fpu/crti.o
 .ARM.attributes
                0x00000022       0x34 c:/program files (x86)/atollic/truestudio for stm32 9.3.0/armtools/bin/../lib/gcc/arm-atollic-eabi/6.3.1/armv7e-m/fpu/crtbegin.o
 .ARM.attributes
                0x00000056       0x39 Drivers\STM32F4xx_HAL_Driver\Src\stm32f4xx_hal.o
 .ARM.attributes
                0x0000008f       0x39 Drivers\STM32F4xx_HAL_Driver\Src\stm32f4xx_hal_cortex.o
 .ARM.attributes
                0x000000c8       0x39 Drivers\STM32F4xx_HAL_Driver\Src\stm32f4xx_hal_dma.o
 .ARM.attributes
                0x00000101       0x39 Drivers\STM32F4xx_HAL_Driver\Src\stm32f4xx_hal_gpio.o
 .ARM.attributes
                0x0000013a       0x39 Drivers\STM32F4xx_HAL_Driver\Src\stm32f4xx_hal_i2s.o
 .ARM.attributes
                0x00000173       0x39 Drivers\STM32F4xx_HAL_Driver\Src\stm32f4xx_hal_i2s_ex.o
 .ARM.attributes
                0x000001ac       0x39 Drivers\STM32F4xx_HAL_Driver\Src\stm32f4xx_hal_rcc.o
 .ARM.attributes
                0x000001e5       0x39 Drivers\STM32F4xx_HAL_Driver\Src\stm32f4xx_hal_rcc_ex.o
 .ARM.attributes
                0x0000021e       0x39 Drivers\STM32F4xx_HAL_Driver\Src\stm32f4xx_hal_tim.o
 .ARM.attributes
                0x00000257       0x39 Drivers\STM32F4xx_HAL_Driver\Src\stm32f4xx_hal_tim_ex.o
 .ARM.attributes
                0x00000290       0x39 Src\arm_cfft_radix8_f32.o
 .ARM.attributes
                0x000002c9       0x39 Src\arm_cmplx_mag_f32.o
 .ARM.attributes
                0x00000302       0x39 Src\arm_common_tables.o
 .ARM.attributes
                0x0000033b       0x39 Src\arm_mult_f32.o
 .ARM.attributes
                0x00000374       0x39 Src\arm_rfft_fast_f32.o
 .ARM.attributes
                0x000003ad       0x39 Src\arm_rfft_fast_init_f32.o
 .ARM.attributes
                0x000003e6       0x39 Src\main.o
 .ARM.attributes
                0x0000041f       0x39 Src\stm32f4_discovery.o
 .ARM.attributes
                0x00000458       0x39 Src\stm32f4_discovery_audio.o
 .ARM.attributes
                0x00000491       0x39 Src\stm32f4xx_hal_msp.o
 .ARM.attributes
                0x000004ca       0x39 Src\stm32f4xx_it.o
 .ARM.attributes
                0x00000503       0x39 Src\system_stm32f4xx.o
 .ARM.attributes
                0x0000053c       0x39 Src\visEffect.o
 .ARM.attributes
                0x00000575       0x39 Src\ws2812b\ws2812b.o
 .ARM.attributes
                0x000005ae       0x21 startup\startup_stm32f407xx.o
 .ARM.attributes
                0x000005cf       0x39 C:\Users\oli\Documents\f4core\nube\lib\libarm_cortexM4f_math.a(arm_cfft_f32.o)
 .ARM.attributes
                0x00000608       0x25 C:\Users\oli\Documents\f4core\nube\lib\libarm_cortexM4f_math.a(arm_bitreversal2.o)
 .ARM.attributes
                0x0000062d       0x39 C:\Users\oli\Documents\f4core\nube\lib\libpdm2pcm_glo.a(pdm_filter.o)
 .ARM.attributes
                0x00000666       0x34 c:/program files (x86)/atollic/truestudio for stm32 9.3.0/armtools/bin/../lib/gcc/arm-atollic-eabi/6.3.1/../../../../arm-atollic-eabi/lib/armv7e-m/fpu\libc_nano.a(lib_a-errno.o)
 .ARM.attributes
                0x0000069a       0x34 c:/program files (x86)/atollic/truestudio for stm32 9.3.0/armtools/bin/../lib/gcc/arm-atollic-eabi/6.3.1/../../../../arm-atollic-eabi/lib/armv7e-m/fpu\libc_nano.a(lib_a-impure.o)
 .ARM.attributes
                0x000006ce       0x34 c:/program files (x86)/atollic/truestudio for stm32 9.3.0/armtools/bin/../lib/gcc/arm-atollic-eabi/6.3.1/../../../../arm-atollic-eabi/lib/armv7e-m/fpu\libc_nano.a(lib_a-init.o)
 .ARM.attributes
                0x00000702       0x34 c:/program files (x86)/atollic/truestudio for stm32 9.3.0/armtools/bin/../lib/gcc/arm-atollic-eabi/6.3.1/../../../../arm-atollic-eabi/lib/armv7e-m/fpu\libc_nano.a(lib_a-memset.o)
 .ARM.attributes
                0x00000736       0x34 c:/program files (x86)/atollic/truestudio for stm32 9.3.0/armtools/bin/../lib/gcc/arm-atollic-eabi/6.3.1/../../../../arm-atollic-eabi/lib/armv7e-m/fpu\libm.a(lib_a-s_atan.o)
 .ARM.attributes
                0x0000076a       0x34 c:/program files (x86)/atollic/truestudio for stm32 9.3.0/armtools/bin/../lib/gcc/arm-atollic-eabi/6.3.1/../../../../arm-atollic-eabi/lib/armv7e-m/fpu\libm.a(lib_a-s_cos.o)
 .ARM.attributes
                0x0000079e       0x34 c:/program files (x86)/atollic/truestudio for stm32 9.3.0/armtools/bin/../lib/gcc/arm-atollic-eabi/6.3.1/../../../../arm-atollic-eabi/lib/armv7e-m/fpu\libm.a(lib_a-s_fabs.o)
 .ARM.attributes
                0x000007d2       0x34 c:/program files (x86)/atollic/truestudio for stm32 9.3.0/armtools/bin/../lib/gcc/arm-atollic-eabi/6.3.1/../../../../arm-atollic-eabi/lib/armv7e-m/fpu\libm.a(lib_a-s_round.o)
 .ARM.attributes
                0x00000806       0x34 c:/program files (x86)/atollic/truestudio for stm32 9.3.0/armtools/bin/../lib/gcc/arm-atollic-eabi/6.3.1/../../../../arm-atollic-eabi/lib/armv7e-m/fpu\libm.a(lib_a-wf_pow.o)
 .ARM.attributes
                0x0000083a       0x34 c:/program files (x86)/atollic/truestudio for stm32 9.3.0/armtools/bin/../lib/gcc/arm-atollic-eabi/6.3.1/../../../../arm-atollic-eabi/lib/armv7e-m/fpu\libm.a(lib_a-wf_sqrt.o)
 .ARM.attributes
                0x0000086e       0x34 c:/program files (x86)/atollic/truestudio for stm32 9.3.0/armtools/bin/../lib/gcc/arm-atollic-eabi/6.3.1/../../../../arm-atollic-eabi/lib/armv7e-m/fpu\libm.a(lib_a-e_rem_pio2.o)
 .ARM.attributes
                0x000008a2       0x34 c:/program files (x86)/atollic/truestudio for stm32 9.3.0/armtools/bin/../lib/gcc/arm-atollic-eabi/6.3.1/../../../../arm-atollic-eabi/lib/armv7e-m/fpu\libm.a(lib_a-ef_pow.o)
 .ARM.attributes
                0x000008d6       0x34 c:/program files (x86)/atollic/truestudio for stm32 9.3.0/armtools/bin/../lib/gcc/arm-atollic-eabi/6.3.1/../../../../arm-atollic-eabi/lib/armv7e-m/fpu\libm.a(lib_a-ef_sqrt.o)
 .ARM.attributes
                0x0000090a       0x34 c:/program files (x86)/atollic/truestudio for stm32 9.3.0/armtools/bin/../lib/gcc/arm-atollic-eabi/6.3.1/../../../../arm-atollic-eabi/lib/armv7e-m/fpu\libm.a(lib_a-k_cos.o)
 .ARM.attributes
                0x0000093e       0x34 c:/program files (x86)/atollic/truestudio for stm32 9.3.0/armtools/bin/../lib/gcc/arm-atollic-eabi/6.3.1/../../../../arm-atollic-eabi/lib/armv7e-m/fpu\libm.a(lib_a-k_rem_pio2.o)
 .ARM.attributes
                0x00000972       0x34 c:/program files (x86)/atollic/truestudio for stm32 9.3.0/armtools/bin/../lib/gcc/arm-atollic-eabi/6.3.1/../../../../arm-atollic-eabi/lib/armv7e-m/fpu\libm.a(lib_a-k_sin.o)
 .ARM.attributes
                0x000009a6       0x34 c:/program files (x86)/atollic/truestudio for stm32 9.3.0/armtools/bin/../lib/gcc/arm-atollic-eabi/6.3.1/../../../../arm-atollic-eabi/lib/armv7e-m/fpu\libm.a(lib_a-s_floor.o)
 .ARM.attributes
                0x000009da       0x34 c:/program files (x86)/atollic/truestudio for stm32 9.3.0/armtools/bin/../lib/gcc/arm-atollic-eabi/6.3.1/../../../../arm-atollic-eabi/lib/armv7e-m/fpu\libm.a(lib_a-s_lib_ver.o)
 .ARM.attributes
                0x00000a0e       0x34 c:/program files (x86)/atollic/truestudio for stm32 9.3.0/armtools/bin/../lib/gcc/arm-atollic-eabi/6.3.1/../../../../arm-atollic-eabi/lib/armv7e-m/fpu\libm.a(lib_a-s_matherr.o)
 .ARM.attributes
                0x00000a42       0x34 c:/program files (x86)/atollic/truestudio for stm32 9.3.0/armtools/bin/../lib/gcc/arm-atollic-eabi/6.3.1/../../../../arm-atollic-eabi/lib/armv7e-m/fpu\libm.a(lib_a-s_rint.o)
 .ARM.attributes
                0x00000a76       0x34 c:/program files (x86)/atollic/truestudio for stm32 9.3.0/armtools/bin/../lib/gcc/arm-atollic-eabi/6.3.1/../../../../arm-atollic-eabi/lib/armv7e-m/fpu\libm.a(lib_a-s_scalbn.o)
 .ARM.attributes
                0x00000aaa       0x34 c:/program files (x86)/atollic/truestudio for stm32 9.3.0/armtools/bin/../lib/gcc/arm-atollic-eabi/6.3.1/../../../../arm-atollic-eabi/lib/armv7e-m/fpu\libm.a(lib_a-sf_fabs.o)
 .ARM.attributes
                0x00000ade       0x34 c:/program files (x86)/atollic/truestudio for stm32 9.3.0/armtools/bin/../lib/gcc/arm-atollic-eabi/6.3.1/../../../../arm-atollic-eabi/lib/armv7e-m/fpu\libm.a(lib_a-sf_finite.o)
 .ARM.attributes
                0x00000b12       0x34 c:/program files (x86)/atollic/truestudio for stm32 9.3.0/armtools/bin/../lib/gcc/arm-atollic-eabi/6.3.1/../../../../arm-atollic-eabi/lib/armv7e-m/fpu\libm.a(lib_a-sf_nan.o)
 .ARM.attributes
                0x00000b46       0x34 c:/program files (x86)/atollic/truestudio for stm32 9.3.0/armtools/bin/../lib/gcc/arm-atollic-eabi/6.3.1/../../../../arm-atollic-eabi/lib/armv7e-m/fpu\libm.a(lib_a-sf_scalbn.o)
 .ARM.attributes
                0x00000b7a       0x34 c:/program files (x86)/atollic/truestudio for stm32 9.3.0/armtools/bin/../lib/gcc/arm-atollic-eabi/6.3.1/../../../../arm-atollic-eabi/lib/armv7e-m/fpu\libm.a(lib_a-s_copysign.o)
 .ARM.attributes
                0x00000bae       0x34 c:/program files (x86)/atollic/truestudio for stm32 9.3.0/armtools/bin/../lib/gcc/arm-atollic-eabi/6.3.1/../../../../arm-atollic-eabi/lib/armv7e-m/fpu\libm.a(lib_a-sf_copysign.o)
 .ARM.attributes
                0x00000be2       0x22 c:/program files (x86)/atollic/truestudio for stm32 9.3.0/armtools/bin/../lib/gcc/arm-atollic-eabi/6.3.1/armv7e-m/fpu\libgcc.a(_arm_addsubdf3.o)
 .ARM.attributes
                0x00000c04       0x22 c:/program files (x86)/atollic/truestudio for stm32 9.3.0/armtools/bin/../lib/gcc/arm-atollic-eabi/6.3.1/armv7e-m/fpu\libgcc.a(_arm_muldivdf3.o)
 .ARM.attributes
                0x00000c26       0x22 c:/program files (x86)/atollic/truestudio for stm32 9.3.0/armtools/bin/../lib/gcc/arm-atollic-eabi/6.3.1/armv7e-m/fpu\libgcc.a(_arm_cmpdf2.o)
 .ARM.attributes
                0x00000c48       0x22 c:/program files (x86)/atollic/truestudio for stm32 9.3.0/armtools/bin/../lib/gcc/arm-atollic-eabi/6.3.1/armv7e-m/fpu\libgcc.a(_arm_fixdfsi.o)
 .ARM.attributes
                0x00000c6a       0x22 c:/program files (x86)/atollic/truestudio for stm32 9.3.0/armtools/bin/../lib/gcc/arm-atollic-eabi/6.3.1/armv7e-m/fpu\libgcc.a(_arm_fixunsdfsi.o)
 .ARM.attributes
                0x00000c8c       0x22 c:/program files (x86)/atollic/truestudio for stm32 9.3.0/armtools/bin/../lib/gcc/arm-atollic-eabi/6.3.1/armv7e-m/fpu\libgcc.a(_arm_truncdfsf2.o)
 .ARM.attributes
                0x00000cae       0x22 c:/program files (x86)/atollic/truestudio for stm32 9.3.0/armtools/bin/../lib/gcc/arm-atollic-eabi/6.3.1/armv7e-m/fpu\libgcc.a(_aeabi_uldivmod.o)
 .ARM.attributes
                0x00000cd0       0x34 c:/program files (x86)/atollic/truestudio for stm32 9.3.0/armtools/bin/../lib/gcc/arm-atollic-eabi/6.3.1/armv7e-m/fpu\libgcc.a(_udivmoddi4.o)
 .ARM.attributes
                0x00000d04       0x22 c:/program files (x86)/atollic/truestudio for stm32 9.3.0/armtools/bin/../lib/gcc/arm-atollic-eabi/6.3.1/armv7e-m/fpu\libgcc.a(_dvmd_tls.o)
 .ARM.attributes
                0x00000d26       0x22 c:/program files (x86)/atollic/truestudio for stm32 9.3.0/armtools/bin/../lib/gcc/arm-atollic-eabi/6.3.1/armv7e-m/fpu/crtn.o
OUTPUT(nube.elf elf32-littlearm)

.debug_info     0x00000000    0x249c5
 .debug_info    0x00000000     0x156c Drivers\STM32F4xx_HAL_Driver\Src\stm32f4xx_hal.o
 .debug_info    0x0000156c     0x1aea Drivers\STM32F4xx_HAL_Driver\Src\stm32f4xx_hal_cortex.o
 .debug_info    0x00003056     0x160c Drivers\STM32F4xx_HAL_Driver\Src\stm32f4xx_hal_dma.o
 .debug_info    0x00004662     0x1311 Drivers\STM32F4xx_HAL_Driver\Src\stm32f4xx_hal_gpio.o
 .debug_info    0x00005973     0x1b60 Drivers\STM32F4xx_HAL_Driver\Src\stm32f4xx_hal_i2s.o
 .debug_info    0x000074d3     0x196a Drivers\STM32F4xx_HAL_Driver\Src\stm32f4xx_hal_i2s_ex.o
 .debug_info    0x00008e3d     0x15d9 Drivers\STM32F4xx_HAL_Driver\Src\stm32f4xx_hal_rcc.o
 .debug_info    0x0000a416     0x1223 Drivers\STM32F4xx_HAL_Driver\Src\stm32f4xx_hal_rcc_ex.o
 .debug_info    0x0000b639     0x39fe Drivers\STM32F4xx_HAL_Driver\Src\stm32f4xx_hal_tim.o
 .debug_info    0x0000f037     0x1ea0 Drivers\STM32F4xx_HAL_Driver\Src\stm32f4xx_hal_tim_ex.o
 .debug_info    0x00010ed7      0xc91 Src\arm_cfft_radix8_f32.o
 .debug_info    0x00011b68      0xacf Src\arm_cmplx_mag_f32.o
 .debug_info    0x00012637     0x1326 Src\arm_common_tables.o
 .debug_info    0x0001395d      0xa0d Src\arm_mult_f32.o
 .debug_info    0x0001436a      0xcfc Src\arm_rfft_fast_f32.o
 .debug_info    0x00015066     0x1132 Src\arm_rfft_fast_init_f32.o
 .debug_info    0x00016198     0x2717 Src\main.o
 .debug_info    0x000188af     0x2564 Src\stm32f4_discovery.o
 .debug_info    0x0001ae13     0x2789 Src\stm32f4_discovery_audio.o
 .debug_info    0x0001d59c     0x1db5 Src\stm32f4xx_hal_msp.o
 .debug_info    0x0001f351      0xd12 Src\stm32f4xx_it.o
 .debug_info    0x00020063     0x10c0 Src\system_stm32f4xx.o
 .debug_info    0x00021123     0x10bc Src\visEffect.o
 .debug_info    0x000221df     0x2039 Src\ws2812b\ws2812b.o
 .debug_info    0x00024218       0x6f startup\startup_stm32f407xx.o
 .debug_info    0x00024287      0x6b9 C:\Users\oli\Documents\f4core\nube\lib\libarm_cortexM4f_math.a(arm_cfft_f32.o)
 .debug_info    0x00024940       0x85 C:\Users\oli\Documents\f4core\nube\lib\libarm_cortexM4f_math.a(arm_bitreversal2.o)

.debug_abbrev   0x00000000     0x4346
 .debug_abbrev  0x00000000      0x2cd Drivers\STM32F4xx_HAL_Driver\Src\stm32f4xx_hal.o
 .debug_abbrev  0x000002cd      0x3de Drivers\STM32F4xx_HAL_Driver\Src\stm32f4xx_hal_cortex.o
 .debug_abbrev  0x000006ab      0x32c Drivers\STM32F4xx_HAL_Driver\Src\stm32f4xx_hal_dma.o
 .debug_abbrev  0x000009d7      0x2a9 Drivers\STM32F4xx_HAL_Driver\Src\stm32f4xx_hal_gpio.o
 .debug_abbrev  0x00000c80      0x32e Drivers\STM32F4xx_HAL_Driver\Src\stm32f4xx_hal_i2s.o
 .debug_abbrev  0x00000fae      0x31f Drivers\STM32F4xx_HAL_Driver\Src\stm32f4xx_hal_i2s_ex.o
 .debug_abbrev  0x000012cd      0x335 Drivers\STM32F4xx_HAL_Driver\Src\stm32f4xx_hal_rcc.o
 .debug_abbrev  0x00001602      0x27d Drivers\STM32F4xx_HAL_Driver\Src\stm32f4xx_hal_rcc_ex.o
 .debug_abbrev  0x0000187f      0x2e0 Drivers\STM32F4xx_HAL_Driver\Src\stm32f4xx_hal_tim.o
 .debug_abbrev  0x00001b5f      0x2e0 Drivers\STM32F4xx_HAL_Driver\Src\stm32f4xx_hal_tim_ex.o
 .debug_abbrev  0x00001e3f      0x1b3 Src\arm_cfft_radix8_f32.o
 .debug_abbrev  0x00001ff2      0x229 Src\arm_cmplx_mag_f32.o
 .debug_abbrev  0x0000221b      0x19e Src\arm_common_tables.o
 .debug_abbrev  0x000023b9      0x1a4 Src\arm_mult_f32.o
 .debug_abbrev  0x0000255d      0x25c Src\arm_rfft_fast_f32.o
 .debug_abbrev  0x000027b9      0x1ed Src\arm_rfft_fast_init_f32.o
 .debug_abbrev  0x000029a6      0x44d Src\main.o
 .debug_abbrev  0x00002df3      0x33d Src\stm32f4_discovery.o
 .debug_abbrev  0x00003130      0x36e Src\stm32f4_discovery_audio.o
 .debug_abbrev  0x0000349e      0x24d Src\stm32f4xx_hal_msp.o
 .debug_abbrev  0x000036eb      0x1fc Src\stm32f4xx_it.o
 .debug_abbrev  0x000038e7      0x212 Src\system_stm32f4xx.o
 .debug_abbrev  0x00003af9      0x327 Src\visEffect.o
 .debug_abbrev  0x00003e20      0x375 Src\ws2812b\ws2812b.o
 .debug_abbrev  0x00004195       0x12 startup\startup_stm32f407xx.o
 .debug_abbrev  0x000041a7      0x18b C:\Users\oli\Documents\f4core\nube\lib\libarm_cortexM4f_math.a(arm_cfft_f32.o)
 .debug_abbrev  0x00004332       0x14 C:\Users\oli\Documents\f4core\nube\lib\libarm_cortexM4f_math.a(arm_bitreversal2.o)

.debug_loc      0x00000000     0xbf8f
 .debug_loc     0x00000000      0x108 Drivers\STM32F4xx_HAL_Driver\Src\stm32f4xx_hal.o
 .debug_loc     0x00000108      0x5ce Drivers\STM32F4xx_HAL_Driver\Src\stm32f4xx_hal_cortex.o
 .debug_loc     0x000006d6      0xae1 Drivers\STM32F4xx_HAL_Driver\Src\stm32f4xx_hal_dma.o
 .debug_loc     0x000011b7      0x3fd Drivers\STM32F4xx_HAL_Driver\Src\stm32f4xx_hal_gpio.o
 .debug_loc     0x000015b4      0xf9e Drivers\STM32F4xx_HAL_Driver\Src\stm32f4xx_hal_i2s.o
 .debug_loc     0x00002552      0xc80 Drivers\STM32F4xx_HAL_Driver\Src\stm32f4xx_hal_i2s_ex.o
 .debug_loc     0x000031d2      0x3e6 Drivers\STM32F4xx_HAL_Driver\Src\stm32f4xx_hal_rcc.o
 .debug_loc     0x000035b8      0x2fb Drivers\STM32F4xx_HAL_Driver\Src\stm32f4xx_hal_rcc_ex.o
 .debug_loc     0x000038b3     0x34bc Drivers\STM32F4xx_HAL_Driver\Src\stm32f4xx_hal_tim.o
 .debug_loc     0x00006d6f      0xe78 Drivers\STM32F4xx_HAL_Driver\Src\stm32f4xx_hal_tim_ex.o
 .debug_loc     0x00007be7      0xcd7 Src\arm_cfft_radix8_f32.o
 .debug_loc     0x000088be      0x4e7 Src\arm_cmplx_mag_f32.o
 .debug_loc     0x00008da5      0x219 Src\arm_mult_f32.o
 .debug_loc     0x00008fbe      0x686 Src\arm_rfft_fast_f32.o
 .debug_loc     0x00009644      0x1fd Src\arm_rfft_fast_init_f32.o
 .debug_loc     0x00009841      0x2e2 Src\main.o
 .debug_loc     0x00009b23      0x45a Src\stm32f4_discovery.o
 .debug_loc     0x00009f7d      0x7c5 Src\stm32f4_discovery_audio.o
 .debug_loc     0x0000a742      0x111 Src\stm32f4xx_hal_msp.o
 .debug_loc     0x0000a853      0x13e Src\system_stm32f4xx.o
 .debug_loc     0x0000a991      0x286 Src\visEffect.o
 .debug_loc     0x0000ac17      0x325 Src\ws2812b\ws2812b.o
 .debug_loc     0x0000af3c     0x1053 C:\Users\oli\Documents\f4core\nube\lib\libarm_cortexM4f_math.a(arm_cfft_f32.o)

.debug_aranges  0x00000000      0xef8
 .debug_aranges
                0x00000000       0xe0 Drivers\STM32F4xx_HAL_Driver\Src\stm32f4xx_hal.o
 .debug_aranges
                0x000000e0       0xa8 Drivers\STM32F4xx_HAL_Driver\Src\stm32f4xx_hal_cortex.o
 .debug_aranges
                0x00000188       0x90 Drivers\STM32F4xx_HAL_Driver\Src\stm32f4xx_hal_dma.o
 .debug_aranges
                0x00000218       0x58 Drivers\STM32F4xx_HAL_Driver\Src\stm32f4xx_hal_gpio.o
 .debug_aranges
                0x00000270      0x108 Drivers\STM32F4xx_HAL_Driver\Src\stm32f4xx_hal_i2s.o
 .debug_aranges
                0x00000378       0x78 Drivers\STM32F4xx_HAL_Driver\Src\stm32f4xx_hal_i2s_ex.o
 .debug_aranges
                0x000003f0       0x88 Drivers\STM32F4xx_HAL_Driver\Src\stm32f4xx_hal_rcc.o
 .debug_aranges
                0x00000478       0x48 Drivers\STM32F4xx_HAL_Driver\Src\stm32f4xx_hal_rcc_ex.o
 .debug_aranges
                0x000004c0      0x368 Drivers\STM32F4xx_HAL_Driver\Src\stm32f4xx_hal_tim.o
 .debug_aranges
                0x00000828      0x140 Drivers\STM32F4xx_HAL_Driver\Src\stm32f4xx_hal_tim_ex.o
 .debug_aranges
                0x00000968       0x20 Src\arm_cfft_radix8_f32.o
 .debug_aranges
                0x00000988       0x20 Src\arm_cmplx_mag_f32.o
 .debug_aranges
                0x000009a8       0x18 Src\arm_common_tables.o
 .debug_aranges
                0x000009c0       0x20 Src\arm_mult_f32.o
 .debug_aranges
                0x000009e0       0x30 Src\arm_rfft_fast_f32.o
 .debug_aranges
                0x00000a10       0x20 Src\arm_rfft_fast_init_f32.o
 .debug_aranges
                0x00000a30       0xd8 Src\main.o
 .debug_aranges
                0x00000b08       0xd8 Src\stm32f4_discovery.o
 .debug_aranges
                0x00000be0      0x140 Src\stm32f4_discovery_audio.o
 .debug_aranges
                0x00000d20       0x50 Src\stm32f4xx_hal_msp.o
 .debug_aranges
                0x00000d70       0x20 Src\stm32f4xx_it.o
 .debug_aranges
                0x00000d90       0x28 Src\system_stm32f4xx.o
 .debug_aranges
                0x00000db8       0x38 Src\visEffect.o
 .debug_aranges
                0x00000df0       0x90 Src\ws2812b\ws2812b.o
 .debug_aranges
                0x00000e80       0x28 startup\startup_stm32f407xx.o
 .debug_aranges
                0x00000ea8       0x30 C:\Users\oli\Documents\f4core\nube\lib\libarm_cortexM4f_math.a(arm_cfft_f32.o)
 .debug_aranges
                0x00000ed8       0x20 C:\Users\oli\Documents\f4core\nube\lib\libarm_cortexM4f_math.a(arm_bitreversal2.o)

.debug_ranges   0x00000000      0xe58
 .debug_ranges  0x00000000       0xd0 Drivers\STM32F4xx_HAL_Driver\Src\stm32f4xx_hal.o
 .debug_ranges  0x000000d0       0xf8 Drivers\STM32F4xx_HAL_Driver\Src\stm32f4xx_hal_cortex.o
 .debug_ranges  0x000001c8       0x80 Drivers\STM32F4xx_HAL_Driver\Src\stm32f4xx_hal_dma.o
 .debug_ranges  0x00000248       0x48 Drivers\STM32F4xx_HAL_Driver\Src\stm32f4xx_hal_gpio.o
 .debug_ranges  0x00000290       0xf8 Drivers\STM32F4xx_HAL_Driver\Src\stm32f4xx_hal_i2s.o
 .debug_ranges  0x00000388       0x80 Drivers\STM32F4xx_HAL_Driver\Src\stm32f4xx_hal_i2s_ex.o
 .debug_ranges  0x00000408       0x90 Drivers\STM32F4xx_HAL_Driver\Src\stm32f4xx_hal_rcc.o
 .debug_ranges  0x00000498       0x38 Drivers\STM32F4xx_HAL_Driver\Src\stm32f4xx_hal_rcc_ex.o
 .debug_ranges  0x000004d0      0x358 Drivers\STM32F4xx_HAL_Driver\Src\stm32f4xx_hal_tim.o
 .debug_ranges  0x00000828      0x130 Drivers\STM32F4xx_HAL_Driver\Src\stm32f4xx_hal_tim_ex.o
 .debug_ranges  0x00000958       0x10 Src\arm_cfft_radix8_f32.o
 .debug_ranges  0x00000968       0x88 Src\arm_cmplx_mag_f32.o
 .debug_ranges  0x000009f0       0x10 Src\arm_mult_f32.o
 .debug_ranges  0x00000a00       0x20 Src\arm_rfft_fast_f32.o
 .debug_ranges  0x00000a20       0x10 Src\arm_rfft_fast_init_f32.o
 .debug_ranges  0x00000a30       0xe0 Src\main.o
 .debug_ranges  0x00000b10       0xc8 Src\stm32f4_discovery.o
 .debug_ranges  0x00000bd8      0x130 Src\stm32f4_discovery_audio.o
 .debug_ranges  0x00000d08       0x40 Src\stm32f4xx_hal_msp.o
 .debug_ranges  0x00000d48       0x10 Src\stm32f4xx_it.o
 .debug_ranges  0x00000d58       0x18 Src\system_stm32f4xx.o
 .debug_ranges  0x00000d70       0x28 Src\visEffect.o
 .debug_ranges  0x00000d98       0x80 Src\ws2812b\ws2812b.o
 .debug_ranges  0x00000e18       0x20 startup\startup_stm32f407xx.o
 .debug_ranges  0x00000e38       0x20 C:\Users\oli\Documents\f4core\nube\lib\libarm_cortexM4f_math.a(arm_cfft_f32.o)

.debug_macro    0x00000000    0x26f28
 .debug_macro   0x00000000      0x4a8 Drivers\STM32F4xx_HAL_Driver\Src\stm32f4xx_hal.o
 .debug_macro   0x000004a8       0x46 Drivers\STM32F4xx_HAL_Driver\Src\stm32f4xx_hal.o
 .debug_macro   0x000004ee       0x16 Drivers\STM32F4xx_HAL_Driver\Src\stm32f4xx_hal.o
 .debug_macro   0x00000504      0x10e Drivers\STM32F4xx_HAL_Driver\Src\stm32f4xx_hal.o
 .debug_macro   0x00000612       0x8d Drivers\STM32F4xx_HAL_Driver\Src\stm32f4xx_hal.o
 .debug_macro   0x0000069f       0x16 Drivers\STM32F4xx_HAL_Driver\Src\stm32f4xx_hal.o
 .debug_macro   0x000006b5       0x29 Drivers\STM32F4xx_HAL_Driver\Src\stm32f4xx_hal.o
 .debug_macro   0x000006de       0x12 Drivers\STM32F4xx_HAL_Driver\Src\stm32f4xx_hal.o
 .debug_macro   0x000006f0       0x3b Drivers\STM32F4xx_HAL_Driver\Src\stm32f4xx_hal.o
 .debug_macro   0x0000072b       0x50 Drivers\STM32F4xx_HAL_Driver\Src\stm32f4xx_hal.o
 .debug_macro   0x0000077b       0x16 Drivers\STM32F4xx_HAL_Driver\Src\stm32f4xx_hal.o
 .debug_macro   0x00000791       0x35 Drivers\STM32F4xx_HAL_Driver\Src\stm32f4xx_hal.o
 .debug_macro   0x000007c6       0x20 Drivers\STM32F4xx_HAL_Driver\Src\stm32f4xx_hal.o
 .debug_macro   0x000007e6      0x1e1 Drivers\STM32F4xx_HAL_Driver\Src\stm32f4xx_hal.o
 .debug_macro   0x000009c7       0xd6 Drivers\STM32F4xx_HAL_Driver\Src\stm32f4xx_hal.o
 .debug_macro   0x00000a9d     0x33f3 Drivers\STM32F4xx_HAL_Driver\Src\stm32f4xx_hal.o
 .debug_macro   0x00003e90      0x1e2 Drivers\STM32F4xx_HAL_Driver\Src\stm32f4xx_hal.o
 .debug_macro   0x00004072       0x10 Drivers\STM32F4xx_HAL_Driver\Src\stm32f4xx_hal.o
 .debug_macro   0x00004082       0x16 Drivers\STM32F4xx_HAL_Driver\Src\stm32f4xx_hal.o
 .debug_macro   0x00004098       0x32 Drivers\STM32F4xx_HAL_Driver\Src\stm32f4xx_hal.o
 .debug_macro   0x000040ca       0x2f Drivers\STM32F4xx_HAL_Driver\Src\stm32f4xx_hal.o
 .debug_macro   0x000040f9      0xe66 Drivers\STM32F4xx_HAL_Driver\Src\stm32f4xx_hal.o
 .debug_macro   0x00004f5f    0x15d08 Drivers\STM32F4xx_HAL_Driver\Src\stm32f4xx_hal.o
 .debug_macro   0x0001ac67       0x43 Drivers\STM32F4xx_HAL_Driver\Src\stm32f4xx_hal.o
 .debug_macro   0x0001acaa       0x1c Drivers\STM32F4xx_HAL_Driver\Src\stm32f4xx_hal.o
 .debug_macro   0x0001acc6       0x57 Drivers\STM32F4xx_HAL_Driver\Src\stm32f4xx_hal.o
 .debug_macro   0x0001ad1d      0x281 Drivers\STM32F4xx_HAL_Driver\Src\stm32f4xx_hal.o
 .debug_macro   0x0001af9e       0x5f Drivers\STM32F4xx_HAL_Driver\Src\stm32f4xx_hal.o
 .debug_macro   0x0001affd      0x18c Drivers\STM32F4xx_HAL_Driver\Src\stm32f4xx_hal.o
 .debug_macro   0x0001b189       0x40 Drivers\STM32F4xx_HAL_Driver\Src\stm32f4xx_hal.o
 .debug_macro   0x0001b1c9       0x3c Drivers\STM32F4xx_HAL_Driver\Src\stm32f4xx_hal.o
 .debug_macro   0x0001b205       0x82 Drivers\STM32F4xx_HAL_Driver\Src\stm32f4xx_hal.o
 .debug_macro   0x0001b287      0x176 Drivers\STM32F4xx_HAL_Driver\Src\stm32f4xx_hal.o
 .debug_macro   0x0001b3fd      0x261 Drivers\STM32F4xx_HAL_Driver\Src\stm32f4xx_hal.o
 .debug_macro   0x0001b65e      0x191 Drivers\STM32F4xx_HAL_Driver\Src\stm32f4xx_hal.o
 .debug_macro   0x0001b7ef      0x96b Drivers\STM32F4xx_HAL_Driver\Src\stm32f4xx_hal.o
 .debug_macro   0x0001c15a      0xa02 Drivers\STM32F4xx_HAL_Driver\Src\stm32f4xx_hal.o
 .debug_macro   0x0001cb5c      0x11e Drivers\STM32F4xx_HAL_Driver\Src\stm32f4xx_hal.o
 .debug_macro   0x0001cc7a      0x13e Drivers\STM32F4xx_HAL_Driver\Src\stm32f4xx_hal.o
 .debug_macro   0x0001cdb8       0x27 Drivers\STM32F4xx_HAL_Driver\Src\stm32f4xx_hal.o
 .debug_macro   0x0001cddf      0x23a Drivers\STM32F4xx_HAL_Driver\Src\stm32f4xx_hal.o
 .debug_macro   0x0001d019      0x133 Drivers\STM32F4xx_HAL_Driver\Src\stm32f4xx_hal.o
 .debug_macro   0x0001d14c      0x21e Drivers\STM32F4xx_HAL_Driver\Src\stm32f4xx_hal.o
 .debug_macro   0x0001d36a       0x2e Drivers\STM32F4xx_HAL_Driver\Src\stm32f4xx_hal.o
 .debug_macro   0x0001d398      0x1a7 Drivers\STM32F4xx_HAL_Driver\Src\stm32f4xx_hal.o
 .debug_macro   0x0001d53f       0xa5 Drivers\STM32F4xx_HAL_Driver\Src\stm32f4xx_hal.o
 .debug_macro   0x0001d5e4      0x11e Drivers\STM32F4xx_HAL_Driver\Src\stm32f4xx_hal.o
 .debug_macro   0x0001d702       0x7f Drivers\STM32F4xx_HAL_Driver\Src\stm32f4xx_hal.o
 .debug_macro   0x0001d781       0x89 Drivers\STM32F4xx_HAL_Driver\Src\stm32f4xx_hal.o
 .debug_macro   0x0001d80a      0x202 Drivers\STM32F4xx_HAL_Driver\Src\stm32f4xx_hal.o
 .debug_macro   0x0001da0c      0x6e0 Drivers\STM32F4xx_HAL_Driver\Src\stm32f4xx_hal.o
 .debug_macro   0x0001e0ec       0x59 Drivers\STM32F4xx_HAL_Driver\Src\stm32f4xx_hal.o
 .debug_macro   0x0001e145      0x14d Drivers\STM32F4xx_HAL_Driver\Src\stm32f4xx_hal.o
 .debug_macro   0x0001e292      0x134 Drivers\STM32F4xx_HAL_Driver\Src\stm32f4xx_hal.o
 .debug_macro   0x0001e3c6      0x448 Drivers\STM32F4xx_HAL_Driver\Src\stm32f4xx_hal_cortex.o
 .debug_macro   0x0001e80e      0x44f Drivers\STM32F4xx_HAL_Driver\Src\stm32f4xx_hal_dma.o
 .debug_macro   0x0001ec5d      0x480 Drivers\STM32F4xx_HAL_Driver\Src\stm32f4xx_hal_gpio.o
 .debug_macro   0x0001f0dd      0x449 Drivers\STM32F4xx_HAL_Driver\Src\stm32f4xx_hal_i2s.o
 .debug_macro   0x0001f526      0x448 Drivers\STM32F4xx_HAL_Driver\Src\stm32f4xx_hal_i2s_ex.o
 .debug_macro   0x0001f96e      0x46c Drivers\STM32F4xx_HAL_Driver\Src\stm32f4xx_hal_rcc.o
 .debug_macro   0x0001fdda      0x448 Drivers\STM32F4xx_HAL_Driver\Src\stm32f4xx_hal_rcc_ex.o
 .debug_macro   0x00020222      0x448 Drivers\STM32F4xx_HAL_Driver\Src\stm32f4xx_hal_tim.o
 .debug_macro   0x0002066a      0x448 Drivers\STM32F4xx_HAL_Driver\Src\stm32f4xx_hal_tim_ex.o
 .debug_macro   0x00020ab2      0x184 Src\arm_cfft_radix8_f32.o
 .debug_macro   0x00020c36      0x184 Src\arm_cmplx_mag_f32.o
 .debug_macro   0x00020dba      0x197 Src\arm_common_tables.o
 .debug_macro   0x00020f51      0x184 Src\arm_mult_f32.o
 .debug_macro   0x000210d5      0x184 Src\arm_rfft_fast_f32.o
 .debug_macro   0x00021259      0x197 Src\arm_rfft_fast_init_f32.o
 .debug_macro   0x000213f0      0x463 Src\main.o
 .debug_macro   0x00021853     0x3535 Src\main.o
 .debug_macro   0x00024d88      0x287 Src\main.o
 .debug_macro   0x0002500f       0x10 Src\main.o
 .debug_macro   0x0002501f       0x88 Src\main.o
 .debug_macro   0x000250a7       0x1c Src\main.o
 .debug_macro   0x000250c3      0x466 Src\stm32f4_discovery.o
 .debug_macro   0x00025529      0x454 Src\stm32f4_discovery_audio.o
 .debug_macro   0x0002597d      0x448 Src\stm32f4xx_hal_msp.o
 .debug_macro   0x00025dc5      0x452 Src\stm32f4xx_it.o
 .debug_macro   0x00026217      0x454 Src\system_stm32f4xx.o
 .debug_macro   0x0002666b      0x467 Src\visEffect.o
 .debug_macro   0x00026ad2      0x456 Src\ws2812b\ws2812b.o

.debug_line     0x00000000    0x100a3