main.c:169:6:SystemClock_Config	112	static
main.c:122:5:main	56	static
main.c:447:6:PCM_to_Float	0	static
main.c:456:6:PCM_Preprocess	0	static
main.c:464:6:BSP_AUDIO_IN_TransferComplete_CallBack	24	static
main.c:488:6:BSP_AUDIO_IN_HalfTransfer_CallBack	24	static
main.c:510:6:calc_mag_output	8	static
main.c:428:11:StartRFFTTask	16	static
main.c:525:6:enablefpu	0	static
main.c:535:5:timer_setup	24	static
main.c:551:6:TIM4_IRQHandler	0	static
main.c:563:12:Hanning	48	static
main.c:403:6:fft_ws2812_Init	8	static
main.c:606:6:BSP_AUDIO_IN_Error_Callback	0	static
main.c:615:6:NMI_Handler	0	static
main.c:623:6:HardFault_Handler	0	static
main.c:634:6:MemManage_Handler	0	static
main.c:645:6:BusFault_Handler	0	static
main.c:656:6:UsageFault_Handler	0	static
main.c:667:6:SVC_Handler	0	static
main.c:675:6:DebugMon_Handler	0	static
main.c:683:6:PendSV_Handler	0	static
main.c:698:6:DMA1_Stream3_IRQHandler	0	static
main.c:706:6:_Error_Handler	0	static
