stm32f4_discovery_audio.c:664:16:I2S3_Init	8	static
stm32f4_discovery_audio.c:267:9:BSP_AUDIO_OUT_Play	16	static
stm32f4_discovery_audio.c:289:6:BSP_AUDIO_OUT_ChangeBuffer	0	static
stm32f4_discovery_audio.c:302:9:BSP_AUDIO_OUT_Pause	8	static
stm32f4_discovery_audio.c:326:9:BSP_AUDIO_OUT_Resume	8	static
stm32f4_discovery_audio.c:350:9:BSP_AUDIO_OUT_Stop	16	static
stm32f4_discovery_audio.c:382:9:BSP_AUDIO_OUT_SetVolume	8	static
stm32f4_discovery_audio.c:402:9:BSP_AUDIO_OUT_SetMute	8	static
stm32f4_discovery_audio.c:424:9:BSP_AUDIO_OUT_SetOutputMode	8	static
stm32f4_discovery_audio.c:488:13:BSP_AUDIO_OUT_ClockConfig	32	static
stm32f4_discovery_audio.c:444:6:BSP_AUDIO_OUT_SetFrequency	8	static
stm32f4_discovery_audio.c:530:13:BSP_AUDIO_OUT_MspInit	56	static
stm32f4_discovery_audio.c:215:9:BSP_AUDIO_OUT_Init	24	static
stm32f4_discovery_audio.c:600:13:BSP_AUDIO_OUT_MspDeInit	8	static
stm32f4_discovery_audio.c:638:13:BSP_AUDIO_OUT_TransferComplete_CallBack	0	static
stm32f4_discovery_audio.c:457:6:HAL_I2S_TxCpltCallback	8	static
stm32f4_discovery_audio.c:645:13:BSP_AUDIO_OUT_HalfTransfer_CallBack	0	static
stm32f4_discovery_audio.c:470:6:HAL_I2S_TxHalfCpltCallback	8	static
stm32f4_discovery_audio.c:652:13:BSP_AUDIO_OUT_Error_CallBack	0	static
stm32f4_discovery_audio.c:738:9:BSP_AUDIO_IN_Record	8	static
stm32f4_discovery_audio.c:755:9:BSP_AUDIO_IN_Stop	8	static
stm32f4_discovery_audio.c:772:9:BSP_AUDIO_IN_Pause	8	static
stm32f4_discovery_audio.c:785:9:BSP_AUDIO_IN_Resume	8	static
stm32f4_discovery_audio.c:800:9:BSP_AUDIO_IN_SetVolume	0	static
stm32f4_discovery_audio.c:815:9:BSP_AUDIO_IN_PDMToPCM	136	static
stm32f4_discovery_audio.c:870:13:BSP_AUDIO_IN_ClockConfig	24	static
stm32f4_discovery_audio.c:904:13:BSP_AUDIO_IN_MspInit	64	static
stm32f4_discovery_audio.c:706:9:BSP_AUDIO_IN_Init	56	static
stm32f4_discovery_audio.c:970:13:BSP_AUDIO_IN_MspDeInit	8	static
stm32f4_discovery_audio.c:1002:13:BSP_AUDIO_IN_TransferComplete_CallBack	0	static
stm32f4_discovery_audio.c:845:6:HAL_I2S_RxCpltCallback	8	static
stm32f4_discovery_audio.c:1012:13:BSP_AUDIO_IN_HalfTransfer_CallBack	0	static
stm32f4_discovery_audio.c:855:6:HAL_I2S_RxHalfCpltCallback	8	static
stm32f4_discovery_audio.c:1022:13:BSP_AUDIO_IN_Error_Callback	0	static
stm32f4_discovery_audio.c:1111:6:HAL_I2S_ErrorCallback	8	static
