st7789h2.c:350:10:ST7789H2_GetLcdPixelHeight	0	static
st7789h2.c:483:6:ST7789H2_SetDisplayWindow	12	static
st7789h2.c:340:10:ST7789H2_GetLcdPixelWidth	0	static
st7789h2.c:444:6:ST7789H2_WriteReg	16	static
st7789h2.c:267:6:ST7789H2_SetOrientation	24	static
st7789h2.c:309:6:ST7789H2_DisplayOn	8	static
st7789h2.c:132:6:ST7789H2_Init	56	static
st7789h2.c:323:6:ST7789H2_DisplayOff	16	static
st7789h2.c:373:6:ST7789H2_SetCursor	24	static
st7789h2.c:397:6:ST7789H2_WritePixel	8	static
st7789h2.c:415:10:ST7789H2_ReadPixel	16	static
st7789h2.c:530:6:ST7789H2_DrawHLine	16	static
st7789h2.c:555:6:ST7789H2_DrawVLine	24	static
st7789h2.c:686:13:ST7789H2_DrawRGBHLine	48	static
st7789h2.c:579:6:ST7789H2_DrawBitmap	32	static
st7789h2.c:616:6:ST7789H2_DrawRGBImage	32	static
st7789h2.c:463:9:ST7789H2_ReadReg	8	static
st7789h2.c:360:10:ST7789H2_ReadID	8	static
