main.c:231:6:PCM_to_Float	8	static
main.c:240:6:PCM_Preprocess	8	static
main.c:248:6:BSP_AUDIO_IN_TransferComplete_CallBack	24	static
main.c:272:6:BSP_AUDIO_IN_HalfTransfer_CallBack	24	static
main.c:294:6:calc_mag_output	0	static
main.c:215:9:StartRFFTTask	16	static
main.c:309:6:enablefpu	0	static
main.c:319:5:timer_setup	24	static
main.c:336:6:TIM4_IRQHandler	8	static
main.c:351:12:Hanning	40	static
main.c:401:6:NMI_Handler	0	static
main.c:409:6:HardFault_Handler	0	static
main.c:420:6:MemManage_Handler	0	static
main.c:431:6:BusFault_Handler	0	static
main.c:442:6:UsageFault_Handler	0	static
main.c:453:6:SVC_Handler	0	static
main.c:461:6:DebugMon_Handler	0	static
main.c:469:6:PendSV_Handler	0	static
main.c:484:6:DMA1_Stream3_IRQHandler	8	static
main.c:488:6:_Error_Handler	0	static
main.c:137:6:SystemClock_Config	104	static
main.c:196:6:fft_ws2812_Init	8	static
main.c:114:5:main	8	static
main.c:392:6:BSP_AUDIO_IN_Error_Callback	8	static
