main.c:172:6:SystemClock_Config	112	static
main.c:450:6:PCM_to_Float	0	static
main.c:459:6:PCM_Preprocess	0	static
main.c:467:6:BSP_AUDIO_IN_TransferComplete_CallBack	24	static
main.c:491:6:BSP_AUDIO_IN_HalfTransfer_CallBack	24	static
main.c:513:6:calc_mag_output	8	static
main.c:431:11:StartRFFTTask	16	static
main.c:528:6:enablefpu	0	static
main.c:538:5:timer_setup	24	static
main.c:554:6:TIM4_IRQHandler	0	static
main.c:566:12:Hanning	48	static
main.c:406:6:fft_ws2812_Init	8	static
main.c:125:5:main	8	static
main.c:609:6:BSP_AUDIO_IN_Error_Callback	0	static
main.c:618:6:NMI_Handler	0	static
main.c:626:6:HardFault_Handler	0	static
main.c:637:6:MemManage_Handler	0	static
main.c:648:6:BusFault_Handler	0	static
main.c:659:6:UsageFault_Handler	0	static
main.c:670:6:SVC_Handler	0	static
main.c:678:6:DebugMon_Handler	0	static
main.c:686:6:PendSV_Handler	0	static
main.c:701:6:DMA1_Stream3_IRQHandler	0	static
main.c:709:6:_Error_Handler	0	static
