ws2812b.c:271:6:DMA_TransferError	0	static
ws2812b.c:275:6:DMA_TransferHalfHandler	0	static
ws2812b.c:279:6:DMA_TransferCompleteHandler	0	static
ws2812b.c:49:13:ws2812b_gpio_init	48	static
ws2812b.c:136:13:DMA2_init	48	static
ws2812b.c:83:13:TIM1_init	32	static
ws2812b.c:211:6:ws2812b_init	8	static
ws2812b.c:237:6:WS2812_sendbuf_helper	8	static
ws2812b.c:335:6:DMA2_Stream2_IRQHandler	8	static
ws2812b.c:341:6:TIM1_UP_TIM10_IRQHandler	8	static
ws2812b.c:351:6:HAL_TIM_PeriodElapsedCallback	0	static
ws2812b.c:372:6:BB_generator	28	static
ws2812b.c:508:6:ws2812b_handle	8	static
ws2812b.c:518:21:ws2812b_getBufferItem	0	static
ws2812b.c:489:6:ws2812b_fill_bb	16	static
