ws2812b.c:317:6:DMA_TransferError	8	static
ws2812b.c:221:6:ws2812b_init	88	static
ws2812b.c:282:6:WS2812_sendbuf_helper	8	static
ws2812b.c:397:6:DMA2_Stream2_IRQHandler	0	static
ws2812b.c:403:6:TIM1_UP_TIM10_IRQHandler	0	static
ws2812b.c:413:6:HAL_TIM_PeriodElapsedCallback	0	static
ws2812b.c:437:6:ws2812b_set_pixel	16	static
ws2812b.c:242:13:loadNextFramebufferData.part.0.constprop	24	static
ws2812b.c:339:6:DMA_TransferCompleteHandler	16	static
ws2812b.c:322:6:DMA_TransferHalfHandler	16	static
ws2812b.c:603:6:ws2812b_handle	8	static
ws2812b.c:611:11:ws2812b_getBufferItem	0	static
